2026-06-09 21:31:35.962 [info] To enable debug logging, run "GitLens: Enable Debug Logging" or "Developer: Set Log Level..." from the Command Palette
2026-06-09 21:31:35.962 [info]    [            1] GitLens v18.0.0  activating in code-server (1.123.0) on the web; mode=production,language='en', logLevel='info', defaultDateLocale='null' (code-oss|459fb3a6-f26c-4c42-b0cb-b00d905e19be|15c89f78-27e9-4dff-bfd6-0f13d32c16a91781033491131)
2026-06-09 21:31:35.962 [info]    [            1] GitLens v18.0.0 activated [112ms]
2026-06-09 21:31:35.962 [info]    [   74 →    75] GlCliGitProvider.findGit Git (2.43.0) found in /usr/bin/git [62ms]
2026-06-09 21:31:35.962 [info]    [   74 →    99] GlCliGitProvider.repositorySearch(/workspace) searching (depth=1)...
2026-06-09 21:31:35.962 [error]   [GIT          ] [/workspace] git rev-parse --show-toplevel --git-dir --git-common-dir --show-superproject-working-tree · not a git repository (or any parent up to mount point /) · Stopping at filesystem boundary (GIT_DISCOVERY_ACROSS_FILESYSTEM not set). [8ms]
2026-06-09 21:31:35.962 [info]    [GIT      71ms] [/workspace/automation] git rev-parse --show-toplevel --git-dir --git-common-dir --show-superproject-working-tree [71ms]
2026-06-09 21:31:35.962 [info]    [   74 →    99] GlCliGitProvider.repositorySearch(/workspace) found repository in '/workspace/automation'
2026-06-09 21:31:35.962 [info]    [   a7 →    a8] GlCliGitProvider.getOrOpenScmRepository opening the SCM repository for 'file:///workspace/automation': no existing repository found
2026-06-09 21:31:35.962 [info]    [GIT       8ms] [/workspace/documentation] git rev-parse --show-toplevel --git-dir --git-common-dir --show-superproject-working-tree [8ms]
2026-06-09 21:31:35.962 [info]    [   74 →    99] GlCliGitProvider.repositorySearch(/workspace) found repository in '/workspace/documentation'
2026-06-09 21:31:35.962 [info]    [   ae →    af] GlCliGitProvider.getOrOpenScmRepository opening the SCM repository for 'file:///workspace/documentation': no existing repository found
2026-06-09 21:31:35.962 [info]    [GIT      25ms] [/workspace/infrastructure] git rev-parse --show-toplevel --git-dir --git-common-dir --show-superproject-working-tree [25ms]
2026-06-09 21:31:35.962 [info]    [   74 →    99] GlCliGitProvider.repositorySearch(/workspace) found repository in '/workspace/infrastructure'
2026-06-09 21:31:35.962 [info]    [   b5 →    b6] GlCliGitProvider.getOrOpenScmRepository opening the SCM repository for 'file:///workspace/infrastructure': no existing repository found
2026-06-09 21:31:35.962 [info]    [GIT      13ms] [/workspace/kubernetes] git rev-parse --show-toplevel --git-dir --git-common-dir --show-superproject-working-tree [13ms]
2026-06-09 21:31:35.962 [info]    [   74 →    99] GlCliGitProvider.repositorySearch(/workspace) found repository in '/workspace/kubernetes'
2026-06-09 21:31:35.962 [info]    [   c1 →    c2] GlCliGitProvider.getOrOpenScmRepository opening the SCM repository for 'file:///workspace/kubernetes': no existing repository found
2026-06-09 21:31:35.962 [info]    [GIT    1364ms] [/workspace/labs] git rev-parse --show-toplevel --git-dir --git-common-dir --show-superproject-working-tree [1364ms]
2026-06-09 21:31:35.963 [info]    [   74 →    99] GlCliGitProvider.repositorySearch(/workspace) found repository in '/workspace/labs'
2026-06-09 21:31:35.965 [warning] [   74 →    99] GlCliGitProvider.repositorySearch(/workspace) returned 5 repositories [GlRepository(/workspace/automation|1), GlRepository(/workspace/documentation|2), GlRepository(/workspace/infrastructure|3), GlRepository(/workspace/kubernetes|4), GlRepository(/workspace/labs|5)] [*1654ms] (slow)
2026-06-09 21:31:35.965 [info]    [   73 →    74] GlCliGitProvider.discoverRepositories auto-opening 5 discovered repo(s) in SCM (autoRepositoryDetection=true)
2026-06-09 21:31:35.965 [info]    [   ce →    cf] GlCliGitProvider.getOrOpenScmRepository opening the SCM repository for 'file:///workspace/labs': no existing repository found
2026-06-09 21:31:35.965 [warning] [   73 →    74] GlCliGitProvider.discoverRepositories(e=Uri(file:///workspace)) returned [GlRepository(/workspace/automation|1), GlRepository(/workspace/documentation|2), GlRepository(/workspace/infrastructure|3), GlRepository(/workspace/kubernetes|4), GlRepository(/workspace/labs|5)] [*1720ms] (slow)
2026-06-09 21:31:35.965 [warning] [   72 →    73] GitProviderService.discoverRepositoriesCore(e=WorkspaceFolder(workspace, index=0, file:///workspace)) returned [GlRepository(/workspace/automation|1), GlRepository(/workspace/documentation|2), GlRepository(/workspace/infrastructure|3), GlRepository(/workspace/kubernetes|4), GlRepository(/workspace/labs|5)] [*1721ms] (slow)
2026-06-09 21:31:35.970 [info]    [   74 →    d2] GlCliGitProvider.getOrOpenScmRepository opening the SCM repository for 'file:///workspace/automation': no existing repository found
2026-06-09 21:31:35.970 [info]    [   74 →    d4] GlCliGitProvider.getOrOpenScmRepository opening the SCM repository for 'file:///workspace/documentation': no existing repository found
2026-06-09 21:31:35.970 [info]    [   74 →    d6] GlCliGitProvider.getOrOpenScmRepository opening the SCM repository for 'file:///workspace/infrastructure': no existing repository found
2026-06-09 21:31:35.970 [info]    [   74 →    d8] GlCliGitProvider.getOrOpenScmRepository opening the SCM repository for 'file:///workspace/kubernetes': no existing repository found
2026-06-09 21:31:35.970 [info]    [   74 →    da] GlCliGitProvider.getOrOpenScmRepository opening the SCM repository for 'file:///workspace/labs': no existing repository found
2026-06-09 21:31:35.973 [warning] [   71 →    72] GitProviderService.discoverRepositories(folders=1) completed [*1728ms] (slow)
2026-06-09 21:31:35.973 [warning] [   42 →    71] GitProviderService.registrationComplete completed • repositories=5, workspaceFolders=1, git.autoRepositoryDetection=true [*1733ms] (slow)
2026-06-09 21:31:35.997 [info]    [IPC          ] CLI capability published on http://127.0.0.1:35807
2026-06-09 21:31:36.000 [info]    [GIT      26ms] [/workspace/kubernetes] git remote -v [26ms]
2026-06-09 21:31:36.002 [info]    [GIT      28ms] [/workspace/infrastructure] git remote -v [28ms]
2026-06-09 21:31:36.002 [info]    [GIT      28ms] [/workspace/documentation] git remote -v [28ms]
2026-06-09 21:31:36.003 [info]    [GIT      29ms] [/workspace/automation] git remote -v [29ms]
2026-06-09 21:31:36.018 [info]    [GIT      44ms] [/workspace/labs] git remote -v [44ms]
2026-06-09 21:31:36.028 [info]    [GIT      15ms] [/workspace/documentation] git config --get -f /workspace/documentation/.git/gk/config gk.defaultRemote [15ms]
2026-06-09 21:31:36.031 [info]    [GIT      21ms] [/workspace/infrastructure] git config --get -f /workspace/infrastructure/.git/gk/config gk.defaultRemote [21ms]
2026-06-09 21:31:36.031 [info]    [GIT      26ms] [/workspace/kubernetes] git config --get -f /workspace/kubernetes/.git/gk/config gk.defaultRemote [26ms]
2026-06-09 21:31:36.033 [info]    [GIT      10ms] [/workspace/labs] git config --get -f /workspace/labs/.git/gk/config gk.defaultRemote [10ms]
2026-06-09 21:31:36.034 [info]    [GIT      14ms] [/workspace/automation] git config --get -f /workspace/automation/.git/gk/config gk.defaultRemote [14ms]
2026-06-09 21:31:36.046 [error]   [CLI  c9 → 112] undefined ai hook list-sessions --json CLI is not installed [0ms]
2026-06-09 21:31:36.083 [warning] [    c →     d] ServerConnection.fetch(url=https://configs.gitkraken.dev/gitlens/product.json, options=undefined) completed [*1893ms] (slow)
2026-06-09 21:31:36.084 [warning] [    b →     c] ServerConnection.fetchGkConfig(path=product.json, options=undefined) completed [*1893ms] (slow)
2026-06-09 21:31:36.156 [warning] [   97 →    ba] Storage.getSecret completed [*1572ms] (slow)
2026-06-09 21:31:36.158 [warning] [   95 →    97] GitHubAuthenticationProvider.getSession(e={"domain":"github.com","scopes":["repo","read:user","user:email"]}, t={"createIfNeeded":false,"source":"integrations"}) completed [*1853ms] (slow)
2026-06-09 21:31:36.176 [info]    [   74 →    75] GlCliGitProvider.findGit SCM.onDidOpenRepository(file:///workspace/automation)
2026-06-09 21:31:36.186 [warning] [   a7 →    a8] GlCliGitProvider.getOrOpenScmRepository(e=Uri(file:///workspace/automation)) returned ScmRepository(file:///workspace/automation) [*1665ms] (slow)
2026-06-09 21:31:36.367 [error]   [GIT          ] [/workspace/.vscode] git rev-parse --show-toplevel --git-dir --git-common-dir --show-superproject-working-tree · not a git repository (or any parent up to mount point /) · Stopping at filesystem boundary (GIT_DISCOVERY_ACROSS_FILESYSTEM not set). [14ms]
2026-06-09 21:31:36.368 [warning] [   7c →    7d] GitProviderService.getOrOpenRepository(e=Uri(file:///workspace/.vscode/sftp.json)) returned undefined [*2113ms] (slow)
2026-06-09 21:31:36.369 [warning] [   7b →    7c] GitUri.fromUri(e=Uri(file:///workspace/.vscode/sftp.json)) returned GitUri(file:///workspace/.vscode/sftp.json) [*2113ms] (slow)
2026-06-09 21:31:36.369 [warning] [   7a →    7b] TrackedGitDocument(TextDocument(json, dirty=false, file:///workspace/.vscode/sftp.json)).initialize(e=true) completed [*2114ms] (slow)
2026-06-09 21:31:36.369 [warning] [   8e →    8f] GitDocumentTracker.get(e=TextDocument(json, dirty=false, file:///workspace/.vscode/sftp.json)) completed [*2070ms] (slow)
2026-06-09 21:31:36.369 [warning] [   79 →    7a] GitDocumentTracker.addCore(e=TextDocument(json, dirty=false, file:///workspace/.vscode/sftp.json), t=true) completed [*2115ms] (slow)
2026-06-09 21:31:36.370 [warning] [   80 →    8e] LineTracker.updateState(selections=7, editor=TextEditor(1, file:///workspace/.vscode/sftp.json [7:47-7:47])) returned false • document is not blameable [*2070ms] (slow)
2026-06-09 21:31:36.416 [info]    [   74 →    75] GlCliGitProvider.findGit SCM.onDidOpenRepository(file:///workspace/documentation)
2026-06-09 21:31:36.425 [warning] [   ae →    af] GlCliGitProvider.getOrOpenScmRepository(e=Uri(file:///workspace/documentation)) returned ScmRepository(file:///workspace/documentation) [*1885ms] (slow)
2026-06-09 21:31:36.580 [info]    [   74 →    75] GlCliGitProvider.findGit SCM.onDidOpenRepository(file:///workspace/infrastructure)
2026-06-09 21:31:36.716 [info]    [   74 →    75] GlCliGitProvider.findGit SCM.onDidOpenRepository(file:///workspace/kubernetes)
2026-06-09 21:31:36.798 [warning] [   79 →    95] GitHubIntegration.isConnected returned false [*2497ms] (slow)
2026-06-09 21:31:36.833 [info]    [   74 →    75] GlCliGitProvider.findGit SCM.onDidOpenRepository(file:///workspace/labs)
2026-06-09 21:31:36.855 [warning] [   b5 →    b6] GlCliGitProvider.getOrOpenScmRepository(e=Uri(file:///workspace/infrastructure)) returned ScmRepository(file:///workspace/infrastructure) [*2282ms] (slow)
2026-06-09 21:31:36.856 [warning] [   c1 →    c2] GlCliGitProvider.getOrOpenScmRepository(e=Uri(file:///workspace/kubernetes)) returned ScmRepository(file:///workspace/kubernetes) [*2262ms] (slow)
2026-06-09 21:31:38.530 [info]    [   74 →    75] GlCliGitProvider.findGit fireRepositoryOpened: firing 5 opened repo(s) from vscode.git
2026-06-09 21:31:38.530 [info]    [          14a] GlCliGitProvider.onDidOpenRepository(e=file:///workspace/automation, source=scm) repository=GlRepository(/workspace/automation|1), closed:false→false (closedByUser cleared)
2026-06-09 21:31:38.530 [info]    [          14b] GlCliGitProvider.onDidOpenRepository(e=file:///workspace/documentation, source=scm) repository=GlRepository(/workspace/documentation|2), closed:false→false (closedByUser cleared)
2026-06-09 21:31:38.530 [info]    [          14c] GlCliGitProvider.onDidOpenRepository(e=file:///workspace/infrastructure, source=scm) repository=GlRepository(/workspace/infrastructure|3), closed:false→false (closedByUser cleared)
2026-06-09 21:31:38.530 [info]    [          14d] GlCliGitProvider.onDidOpenRepository(e=file:///workspace/kubernetes, source=scm) repository=GlRepository(/workspace/kubernetes|4), closed:false→false (closedByUser cleared)
2026-06-09 21:31:38.530 [info]    [          14e] GlCliGitProvider.onDidOpenRepository(e=file:///workspace/labs, source=scm) repository=GlRepository(/workspace/labs|5), closed:false→false (closedByUser cleared)
2026-06-09 21:31:38.538 [warning] [  143 →   148] Storage.deleteWorkspace(e=connected:azureDevOps) completed [*1569ms] (slow)
2026-06-09 21:31:38.538 [warning] [   8a →   143] AzureDevOpsIntegration.isConnected returned false [*1599ms] (slow)
2026-06-09 21:32:11.045 [info]    [GIT      67ms] [/workspace/labs] git rev-list --max-parents=0 HEAD -- [67ms]
2026-06-09 21:32:11.046 [info]    [GIT      68ms] [/workspace/kubernetes] git rev-list --max-parents=0 HEAD -- [68ms]
2026-06-09 21:32:11.046 [info]    [GIT      69ms] [/workspace/infrastructure] git rev-list --max-parents=0 HEAD -- [69ms]
2026-06-09 21:32:11.046 [info]    [GIT      69ms] [/workspace/documentation] git rev-list --max-parents=0 HEAD -- [69ms]
2026-06-09 21:32:11.047 [info]    [GIT      70ms] [/workspace/automation] git rev-list --max-parents=0 HEAD -- [70ms]
2026-06-09 21:32:13.028 [warning] [GIT          ] [/workspace/automation] git shortlog -s --all --no-min-parents --since=1.year.ago · ABORTED after 2047ms (timeout)
2026-06-09 21:32:13.028 [error]   [GIT          ] [/workspace/automation] git shortlog -s --all --no-min-parents --since=1.year.ago · cancelled [2048ms] (slow)
2026-06-09 21:32:13.028 [error] CancellationError: Operation cancelled; command=/usr/bin/git -c core.quotepath=false -c color.ui=false shortlog -s --all --no-min-parents --since=1.year.ago   [   ea →   185] ContributorsGitSubProvider.getContributorsStats 
2026-06-09 21:32:13.028 [warning] [   ea →   185] ContributorsGitSubProvider.getContributorsStats(e=/workspace/automation, t={"since":"1.year.ago"}, i=undefined, r=2000) completed [*2049ms] (slow)
2026-06-09 21:32:13.030 [warning] [GIT          ] [/workspace/documentation] git shortlog -s --all --no-min-parents --since=1.year.ago · ABORTED after 2050ms (timeout)
2026-06-09 21:32:13.030 [error]   [GIT          ] [/workspace/documentation] git shortlog -s --all --no-min-parents --since=1.year.ago · cancelled [2051ms] (slow)
2026-06-09 21:32:13.030 [error] CancellationError: Operation cancelled; command=/usr/bin/git -c core.quotepath=false -c color.ui=false shortlog -s --all --no-min-parents --since=1.year.ago   [   ea →   187] ContributorsGitSubProvider.getContributorsStats 
2026-06-09 21:32:13.031 [warning] [   ea →   187] ContributorsGitSubProvider.getContributorsStats(e=/workspace/documentation, t={"since":"1.year.ago"}, i=undefined, r=2000) completed [*2051ms] (slow)
2026-06-09 21:32:13.035 [warning] [GIT          ] [/workspace/infrastructure] git shortlog -s --all --no-min-parents --since=1.year.ago · ABORTED after 2055ms (timeout)
2026-06-09 21:32:13.035 [error]   [GIT          ] [/workspace/infrastructure] git shortlog -s --all --no-min-parents --since=1.year.ago · cancelled [2055ms] (slow)
2026-06-09 21:32:13.035 [error] CancellationError: Operation cancelled; command=/usr/bin/git -c core.quotepath=false -c color.ui=false shortlog -s --all --no-min-parents --since=1.year.ago   [   ea →   189] ContributorsGitSubProvider.getContributorsStats 
2026-06-09 21:32:13.035 [warning] [   ea →   189] ContributorsGitSubProvider.getContributorsStats(e=/workspace/infrastructure, t={"since":"1.year.ago"}, i=undefined, r=2000) completed [*2055ms] (slow)
2026-06-09 21:32:13.039 [warning] [GIT          ] [/workspace/kubernetes] git shortlog -s --all --no-min-parents --since=1.year.ago · ABORTED after 2059ms (timeout)
2026-06-09 21:32:13.039 [error]   [GIT          ] [/workspace/kubernetes] git shortlog -s --all --no-min-parents --since=1.year.ago · cancelled [2059ms] (slow)
2026-06-09 21:32:13.039 [error] CancellationError: Operation cancelled; command=/usr/bin/git -c core.quotepath=false -c color.ui=false shortlog -s --all --no-min-parents --since=1.year.ago   [   ea →   18b] ContributorsGitSubProvider.getContributorsStats 
2026-06-09 21:32:13.040 [warning] [   ea →   18b] ContributorsGitSubProvider.getContributorsStats(e=/workspace/kubernetes, t={"since":"1.year.ago"}, i=undefined, r=2000) completed [*2060ms] (slow)
2026-06-09 21:32:13.044 [warning] [GIT          ] [/workspace/labs] git shortlog -s --all --no-min-parents --since=1.year.ago · ABORTED after 2064ms (timeout)
2026-06-09 21:32:13.044 [error]   [GIT          ] [/workspace/labs] git shortlog -s --all --no-min-parents --since=1.year.ago · cancelled [2064ms] (slow)
2026-06-09 21:32:13.044 [error] CancellationError: Operation cancelled; command=/usr/bin/git -c core.quotepath=false -c color.ui=false shortlog -s --all --no-min-parents --since=1.year.ago   [   ea →   18d] ContributorsGitSubProvider.getContributorsStats 
2026-06-09 21:32:13.044 [warning] [   ea →   18d] ContributorsGitSubProvider.getContributorsStats(e=/workspace/labs, t={"since":"1.year.ago"}, i=undefined, r=2000) completed [*2064ms] (slow)
2026-06-09 21:32:36.048 [error]   [CLI  8a → 196] undefined ai hook list-sessions --json CLI is not installed [0ms]
2026-06-09 21:33:36.049 [error]   [CLI  8a → 1d5] undefined ai hook list-sessions --json CLI is not installed [0ms]
2026-06-09 21:34:05.988 [info]    [GIT      18ms] [/workspace/labs] git for-each-ref --format=%1E%(HEAD)%1D%(refname)%1D%(objectname)%1D%(*objectname)%1D%(upstream)%1D%(upstream:track)%1D%(committerdate:iso8601)%1D%(creatordate:iso8601)%1D%(authordate:iso8601)%1D%(subject)%1D%(worktreepath)%1D refs/heads/ refs/remotes/ refs/tags/ [18ms]
2026-06-09 21:34:05.989 [info]    [GIT      10ms] [/workspace/labs] git config --get-regex -f /workspace/labs/.git/gk/config ^branch\..*\.gk-(last-(accessed|modified)|disposition|agent-last-activity)$ [10ms]
2026-06-09 21:34:06.000 [error]   [GIT          ] [/workspace/labs] git rev-parse --abbrev-ref --symbolic-full-name @ @{u} -- · bad revision '@' [9ms]
2026-06-09 21:34:06.009 [info]    [GIT       8ms] [/workspace/labs] git symbolic-ref --short HEAD [8ms]
2026-06-09 21:34:06.018 [info]    [GIT       9ms] [/workspace/labs] git log -n1 --format=%ct -- [9ms]
2026-06-09 21:34:06.029 [info]    [GIT       8ms] [/workspace/labs] git config --get -f /workspace/labs/.git/gk/config branch.dev.gk-last-accessed [8ms]
2026-06-09 21:34:06.039 [info]    [GIT       9ms] [/workspace/labs] git config -f /workspace/labs/.git/gk/config branch.dev.gk-last-accessed 2026-06-09T19:34:06.020Z [9ms]
2026-06-09 21:34:36.049 [error]   [CLI  8a → 2a5] undefined ai hook list-sessions --json CLI is not installed [0ms]
2026-06-09 21:35:36.050 [error]   [CLI  8a → 464] undefined ai hook list-sessions --json CLI is not installed [0ms]
2026-06-09 21:36:36.051 [error]   [CLI  8a → 6e5] undefined ai hook list-sessions --json CLI is not installed [0ms]
2026-06-09 21:37:36.052 [error]   [CLI  8a → 73e] undefined ai hook list-sessions --json CLI is not installed [0ms]
