2026-06-09 21:31:35.962 [error] [          8ms] [/workspace] git rev-parse --show-toplevel --git-dir --git-common-dir --show-superproject-working-tree • FAILED
Error: fatal: not a git repository (or any parent up to mount point /)
Stopping at filesystem boundary (GIT_DISCOVERY_ACROSS_FILESYSTEM not set).
2026-06-09 21:31:35.962 [info] [         71ms] [/workspace/automation] git rev-parse --show-toplevel --git-dir --git-common-dir --show-superproject-working-tree • completed
2026-06-09 21:31:35.962 [info] [          8ms] [/workspace/documentation] git rev-parse --show-toplevel --git-dir --git-common-dir --show-superproject-working-tree • completed
2026-06-09 21:31:35.962 [info] [         25ms] [/workspace/infrastructure] git rev-parse --show-toplevel --git-dir --git-common-dir --show-superproject-working-tree • completed
2026-06-09 21:31:35.962 [info] [         13ms] [/workspace/kubernetes] git rev-parse --show-toplevel --git-dir --git-common-dir --show-superproject-working-tree • completed
2026-06-09 21:31:35.962 [info] [       1364ms] [/workspace/labs] git rev-parse --show-toplevel --git-dir --git-common-dir --show-superproject-working-tree • completed
2026-06-09 21:31:36.000 [info] [         26ms] [/workspace/kubernetes] git remote -v • completed
2026-06-09 21:31:36.002 [info] [         28ms] [/workspace/infrastructure] git remote -v • completed
2026-06-09 21:31:36.002 [info] [         28ms] [/workspace/documentation] git remote -v • completed
2026-06-09 21:31:36.003 [info] [         29ms] [/workspace/automation] git remote -v • completed
2026-06-09 21:31:36.018 [info] [         44ms] [/workspace/labs] git remote -v • completed
2026-06-09 21:31:36.029 [info] [         15ms] [/workspace/documentation] git config --get -f /workspace/documentation/.git/gk/config gk.defaultRemote • completed
2026-06-09 21:31:36.031 [info] [         21ms] [/workspace/infrastructure] git config --get -f /workspace/infrastructure/.git/gk/config gk.defaultRemote • completed
2026-06-09 21:31:36.031 [info] [         26ms] [/workspace/kubernetes] git config --get -f /workspace/kubernetes/.git/gk/config gk.defaultRemote • completed
2026-06-09 21:31:36.033 [info] [         10ms] [/workspace/labs] git config --get -f /workspace/labs/.git/gk/config gk.defaultRemote • completed
2026-06-09 21:31:36.034 [info] [         14ms] [/workspace/automation] git config --get -f /workspace/automation/.git/gk/config gk.defaultRemote • completed
2026-06-09 21:31:36.367 [error] [         14ms] [/workspace/.vscode] git rev-parse --show-toplevel --git-dir --git-common-dir --show-superproject-working-tree • FAILED
Error: fatal: not a git repository (or any parent up to mount point /)
Stopping at filesystem boundary (GIT_DISCOVERY_ACROSS_FILESYSTEM not set).
2026-06-09 21:32:11.045 [info] [         67ms] [/workspace/labs] git rev-list --max-parents=0 HEAD -- • completed
2026-06-09 21:32:11.046 [info] [         68ms] [/workspace/kubernetes] git rev-list --max-parents=0 HEAD -- • completed
2026-06-09 21:32:11.046 [info] [         69ms] [/workspace/infrastructure] git rev-list --max-parents=0 HEAD -- • completed
2026-06-09 21:32:11.046 [info] [         69ms] [/workspace/documentation] git rev-list --max-parents=0 HEAD -- • completed
2026-06-09 21:32:11.047 [info] [         70ms] [/workspace/automation] git rev-list --max-parents=0 HEAD -- • completed
2026-06-09 21:32:13.028 [error] [*      2048ms] [/workspace/automation] git shortlog -s --all --no-min-parents --since=1.year.ago (slow) • FAILED
CancellationError: Operation cancelled; command=/usr/bin/git -c core.quotepath=false -c color.ui=false shortlog -s --all --no-min-parents --since=1.year.ago
2026-06-09 21:32:13.030 [error] [*      2051ms] [/workspace/documentation] git shortlog -s --all --no-min-parents --since=1.year.ago (slow) • FAILED
CancellationError: Operation cancelled; command=/usr/bin/git -c core.quotepath=false -c color.ui=false shortlog -s --all --no-min-parents --since=1.year.ago
2026-06-09 21:32:13.035 [error] [*      2055ms] [/workspace/infrastructure] git shortlog -s --all --no-min-parents --since=1.year.ago (slow) • FAILED
CancellationError: Operation cancelled; command=/usr/bin/git -c core.quotepath=false -c color.ui=false shortlog -s --all --no-min-parents --since=1.year.ago
2026-06-09 21:32:13.039 [error] [*      2059ms] [/workspace/kubernetes] git shortlog -s --all --no-min-parents --since=1.year.ago (slow) • FAILED
CancellationError: Operation cancelled; command=/usr/bin/git -c core.quotepath=false -c color.ui=false shortlog -s --all --no-min-parents --since=1.year.ago
2026-06-09 21:32:13.044 [error] [*      2064ms] [/workspace/labs] git shortlog -s --all --no-min-parents --since=1.year.ago (slow) • FAILED
CancellationError: Operation cancelled; command=/usr/bin/git -c core.quotepath=false -c color.ui=false shortlog -s --all --no-min-parents --since=1.year.ago
2026-06-09 21:34:05.988 [info] [         18ms] [/workspace/labs] git for-each-ref --format=%1E%(HEAD)%1D%(refname)%1D%(objectname)%1D%(*objectname)%1D%(upstream)%1D%(upstream:track)%1D%(committerdate:iso8601)%1D%(creatordate:iso8601)%1D%(authordate:iso8601)%1D%(subject)%1D%(worktreepath)%1D refs/heads/ refs/remotes/ refs/tags/ • completed
2026-06-09 21:34:05.989 [info] [         10ms] [/workspace/labs] git config --get-regex -f /workspace/labs/.git/gk/config ^branch\..*\.gk-(last-(accessed|modified)|disposition|agent-last-activity)$ • completed
2026-06-09 21:34:06.000 [error] [          9ms] [/workspace/labs] git rev-parse --abbrev-ref --symbolic-full-name @ @{u} -- • FAILED
Error: fatal: bad revision '@'
2026-06-09 21:34:06.009 [info] [          8ms] [/workspace/labs] git symbolic-ref --short HEAD • completed
2026-06-09 21:34:06.018 [info] [          9ms] [/workspace/labs] git log -n1 --format=%ct -- • completed
2026-06-09 21:34:06.029 [info] [          8ms] [/workspace/labs] git config --get -f /workspace/labs/.git/gk/config branch.dev.gk-last-accessed • completed
2026-06-09 21:34:06.040 [info] [          9ms] [/workspace/labs] git config -f /workspace/labs/.git/gk/config branch.dev.gk-last-accessed 2026-06-09T19:34:06.020Z • completed
