2026-06-09 22:34:39.753 [info] To enable debug logging, run "GitLens: Enable Debug Logging" or "Developer: Set Log Level..." from the Command Palette
2026-06-09 22:34:39.753 [info]    [            1] GitLens v18.0.0  activating in code-server (1.123.0) on the web; mode=production,language='en', logLevel='info', defaultDateLocale='null' (code-oss|459fb3a6-f26c-4c42-b0cb-b00d905e19be|167e507c-9b77-4cb4-83d8-ff72911a331e1781037275002)
2026-06-09 22:34:39.753 [info]    [            1] GitLens v18.0.0 activated [164ms]
2026-06-09 22:34:39.753 [info]    [   74 →    75] GlCliGitProvider.findGit Git (2.43.0) found in /usr/bin/git [106ms]
2026-06-09 22:34:39.753 [info]    [   74 →    99] GlCliGitProvider.repositorySearch(/workspace) searching (depth=1)...
2026-06-09 22:34:39.753 [error]   [GIT          ] [/workspace] git rev-parse --show-toplevel --git-dir --git-common-dir --show-superproject-working-tree · not a git repository (or any parent up to mount point /) · Stopping at filesystem boundary (GIT_DISCOVERY_ACROSS_FILESYSTEM not set). [20ms]
2026-06-09 22:34:39.753 [info]    [   74 →    75] GlCliGitProvider.findGit SCM.onDidOpenRepository(file:///workspace/automation)
2026-06-09 22:34:39.753 [info]    [GIT      20ms] [/workspace/automation] git rev-parse --show-toplevel --git-dir --git-common-dir --show-superproject-working-tree [20ms]
2026-06-09 22:34:39.753 [info]    [   74 →    99] GlCliGitProvider.repositorySearch(/workspace) found repository in '/workspace/automation'
2026-06-09 22:34:39.753 [info]    [GIT      26ms] [/workspace/documentation] git rev-parse --show-toplevel --git-dir --git-common-dir --show-superproject-working-tree [26ms]
2026-06-09 22:34:39.754 [info]    [   74 →    99] GlCliGitProvider.repositorySearch(/workspace) found repository in '/workspace/documentation'
2026-06-09 22:34:39.754 [info]    [   af →    b0] GlCliGitProvider.getOrOpenScmRepository opening the SCM repository for 'file:///workspace/documentation': no existing repository found
2026-06-09 22:34:39.754 [info]    [GIT      28ms] [/workspace/infrastructure] git rev-parse --show-toplevel --git-dir --git-common-dir --show-superproject-working-tree [28ms]
2026-06-09 22:34:39.754 [info]    [   74 →    99] GlCliGitProvider.repositorySearch(/workspace) found repository in '/workspace/infrastructure'
2026-06-09 22:34:39.754 [info]    [   b6 →    b7] GlCliGitProvider.getOrOpenScmRepository opening the SCM repository for 'file:///workspace/infrastructure': no existing repository found
2026-06-09 22:34:39.754 [info]    [GIT      10ms] [/workspace/kubernetes] git rev-parse --show-toplevel --git-dir --git-common-dir --show-superproject-working-tree [10ms]
2026-06-09 22:34:39.754 [info]    [   74 →    99] GlCliGitProvider.repositorySearch(/workspace) found repository in '/workspace/kubernetes'
2026-06-09 22:34:39.754 [info]    [   bd →    be] GlCliGitProvider.getOrOpenScmRepository opening the SCM repository for 'file:///workspace/kubernetes': no existing repository found
2026-06-09 22:34:39.754 [info]    [GIT      20ms] [/workspace/labs] git rev-parse --show-toplevel --git-dir --git-common-dir --show-superproject-working-tree [20ms]
2026-06-09 22:34:39.754 [info]    [   74 →    99] GlCliGitProvider.repositorySearch(/workspace) found repository in '/workspace/labs'
2026-06-09 22:34:39.754 [info]    [   73 →    74] GlCliGitProvider.discoverRepositories auto-opening 5 discovered repo(s) in SCM (autoRepositoryDetection=true)
2026-06-09 22:34:39.754 [info]    [   c9 →    ca] GlCliGitProvider.getOrOpenScmRepository opening the SCM repository for 'file:///workspace/labs': no existing repository found
2026-06-09 22:34:39.754 [info]    [   74 →    cf] GlCliGitProvider.getOrOpenScmRepository opening the SCM repository for 'file:///workspace/documentation': no existing repository found
2026-06-09 22:34:39.754 [info]    [   74 →    d1] GlCliGitProvider.getOrOpenScmRepository opening the SCM repository for 'file:///workspace/infrastructure': no existing repository found
2026-06-09 22:34:39.754 [info]    [   74 →    d3] GlCliGitProvider.getOrOpenScmRepository opening the SCM repository for 'file:///workspace/kubernetes': no existing repository found
2026-06-09 22:34:39.754 [info]    [   74 →    d5] GlCliGitProvider.getOrOpenScmRepository opening the SCM repository for 'file:///workspace/labs': no existing repository found
2026-06-09 22:34:39.754 [info]    [GIT      33ms] [/workspace/labs] git remote -v [33ms]
2026-06-09 22:34:39.754 [info]    [GIT      34ms] [/workspace/kubernetes] git remote -v [34ms]
2026-06-09 22:34:39.754 [info]    [GIT      35ms] [/workspace/infrastructure] git remote -v [35ms]
2026-06-09 22:34:39.754 [info]    [GIT      35ms] [/workspace/documentation] git remote -v [35ms]
2026-06-09 22:34:39.754 [info]    [GIT      36ms] [/workspace/automation] git remote -v [36ms]
2026-06-09 22:34:39.754 [info]    [GIT      18ms] [/workspace/automation] git config --get -f /workspace/automation/.git/gk/config gk.defaultRemote [18ms]
2026-06-09 22:34:39.754 [info]    [GIT      26ms] [/workspace/documentation] git config --get -f /workspace/documentation/.git/gk/config gk.defaultRemote [26ms]
2026-06-09 22:34:39.754 [info]    [GIT      32ms] [/workspace/infrastructure] git config --get -f /workspace/infrastructure/.git/gk/config gk.defaultRemote [32ms]
2026-06-09 22:34:39.754 [info]    [GIT      38ms] [/workspace/kubernetes] git config --get -f /workspace/kubernetes/.git/gk/config gk.defaultRemote [38ms]
2026-06-09 22:34:39.754 [info]    [GIT      46ms] [/workspace/labs] git config --get -f /workspace/labs/.git/gk/config gk.defaultRemote [46ms]
2026-06-09 22:34:39.755 [info]    [IPC          ] CLI capability published on http://127.0.0.1:32843
2026-06-09 22:34:39.756 [error]   [CLI  93 → 10e] undefined ai hook list-sessions --json CLI is not installed [0ms]
2026-06-09 22:34:39.842 [info]    [   74 →    75] GlCliGitProvider.findGit SCM.onDidOpenRepository(file:///workspace/documentation)
2026-06-09 22:34:40.027 [error]   [GIT          ] [/workspace/.vscode] git rev-parse --show-toplevel --git-dir --git-common-dir --show-superproject-working-tree · not a git repository (or any parent up to mount point /) · Stopping at filesystem boundary (GIT_DISCOVERY_ACROSS_FILESYSTEM not set). [24ms]
2026-06-09 22:34:40.053 [info]    [   74 →    75] GlCliGitProvider.findGit SCM.onDidOpenRepository(file:///workspace/infrastructure)
2026-06-09 22:34:40.214 [info]    [   74 →    75] GlCliGitProvider.findGit SCM.onDidOpenRepository(file:///workspace/kubernetes)
2026-06-09 22:34:40.354 [info]    [   74 →    75] GlCliGitProvider.findGit SCM.onDidOpenRepository(file:///workspace/labs)
2026-06-09 22:34:42.348 [info]    [   74 →    75] GlCliGitProvider.findGit fireRepositoryOpened: firing 5 opened repo(s) from vscode.git
2026-06-09 22:34:42.348 [info]    [          140] GlCliGitProvider.onDidOpenRepository(e=file:///workspace/automation, source=scm) repository=GlRepository(/workspace/automation|1), closed:false→false (closedByUser cleared)
2026-06-09 22:34:42.348 [info]    [          141] GlCliGitProvider.onDidOpenRepository(e=file:///workspace/documentation, source=scm) repository=GlRepository(/workspace/documentation|2), closed:false→false (closedByUser cleared)
2026-06-09 22:34:42.348 [info]    [          142] GlCliGitProvider.onDidOpenRepository(e=file:///workspace/infrastructure, source=scm) repository=GlRepository(/workspace/infrastructure|3), closed:false→false (closedByUser cleared)
2026-06-09 22:34:42.348 [info]    [          143] GlCliGitProvider.onDidOpenRepository(e=file:///workspace/kubernetes, source=scm) repository=GlRepository(/workspace/kubernetes|4), closed:false→false (closedByUser cleared)
2026-06-09 22:34:42.348 [info]    [          144] GlCliGitProvider.onDidOpenRepository(e=file:///workspace/labs, source=scm) repository=GlRepository(/workspace/labs|5), closed:false→false (closedByUser cleared)
2026-06-09 22:34:42.358 [warning] [  13d →   13f] Storage.getSecret completed [*1788ms] (slow)
2026-06-09 22:34:42.358 [warning] [  13b →   13d] AzureDevOpsAuthenticationProvider.getSession(e={"domain":"dev.azure.com","scopes":["vso.code","vso.identity","vso.project","vso.profile","vso.work"]}, t={"createIfNeeded":false,"source":"integrations"}) completed [*1805ms] (slow)
2026-06-09 22:34:42.496 [warning] [   8a →   13b] AzureDevOpsIntegration.isConnected returned false [*1945ms] (slow)
2026-06-09 22:35:14.486 [info]    [GIT      59ms] [/workspace/labs] git rev-list --max-parents=0 HEAD -- [59ms]
2026-06-09 22:35:14.487 [info]    [GIT      60ms] [/workspace/kubernetes] git rev-list --max-parents=0 HEAD -- [60ms]
2026-06-09 22:35:14.487 [info]    [GIT      61ms] [/workspace/infrastructure] git rev-list --max-parents=0 HEAD -- [61ms]
2026-06-09 22:35:14.487 [info]    [GIT      61ms] [/workspace/documentation] git rev-list --max-parents=0 HEAD -- [61ms]
2026-06-09 22:35:14.487 [info]    [GIT      62ms] [/workspace/automation] git rev-list --max-parents=0 HEAD -- [62ms]
2026-06-09 22:35:16.460 [warning] [GIT          ] [/workspace/automation] git shortlog -s --all --no-min-parents --since=1.year.ago · ABORTED after 2030ms (timeout)
2026-06-09 22:35:16.460 [error]   [GIT          ] [/workspace/automation] git shortlog -s --all --no-min-parents --since=1.year.ago · cancelled [2031ms] (slow)
2026-06-09 22:35:16.460 [error] CancellationError: Operation cancelled; command=/usr/bin/git -c core.quotepath=false -c color.ui=false shortlog -s --all --no-min-parents --since=1.year.ago   [   e5 →   18b] ContributorsGitSubProvider.getContributorsStats 
2026-06-09 22:35:16.460 [warning] [   e5 →   18b] ContributorsGitSubProvider.getContributorsStats(e=/workspace/automation, t={"since":"1.year.ago"}, i=undefined, r=2000) completed [*2032ms] (slow)
2026-06-09 22:35:16.470 [warning] [GIT          ] [/workspace/documentation] git shortlog -s --all --no-min-parents --since=1.year.ago · ABORTED after 2041ms (timeout)
2026-06-09 22:35:16.470 [error]   [GIT          ] [/workspace/documentation] git shortlog -s --all --no-min-parents --since=1.year.ago · cancelled [2041ms] (slow)
2026-06-09 22:35:16.470 [error] CancellationError: Operation cancelled; command=/usr/bin/git -c core.quotepath=false -c color.ui=false shortlog -s --all --no-min-parents --since=1.year.ago   [   e5 →   18d] ContributorsGitSubProvider.getContributorsStats 
2026-06-09 22:35:16.471 [warning] [   e5 →   18d] ContributorsGitSubProvider.getContributorsStats(e=/workspace/documentation, t={"since":"1.year.ago"}, i=undefined, r=2000) completed [*2042ms] (slow)
2026-06-09 22:35:16.474 [warning] [GIT          ] [/workspace/infrastructure] git shortlog -s --all --no-min-parents --since=1.year.ago · ABORTED after 2044ms (timeout)
2026-06-09 22:35:16.474 [error]   [GIT          ] [/workspace/infrastructure] git shortlog -s --all --no-min-parents --since=1.year.ago · cancelled [2045ms] (slow)
2026-06-09 22:35:16.474 [error] CancellationError: Operation cancelled; command=/usr/bin/git -c core.quotepath=false -c color.ui=false shortlog -s --all --no-min-parents --since=1.year.ago   [   e5 →   18f] ContributorsGitSubProvider.getContributorsStats 
2026-06-09 22:35:16.474 [warning] [   e5 →   18f] ContributorsGitSubProvider.getContributorsStats(e=/workspace/infrastructure, t={"since":"1.year.ago"}, i=undefined, r=2000) completed [*2045ms] (slow)
2026-06-09 22:35:16.478 [warning] [GIT          ] [/workspace/kubernetes] git shortlog -s --all --no-min-parents --since=1.year.ago · ABORTED after 2049ms (timeout)
2026-06-09 22:35:16.478 [error]   [GIT          ] [/workspace/kubernetes] git shortlog -s --all --no-min-parents --since=1.year.ago · cancelled [2049ms] (slow)
2026-06-09 22:35:16.478 [error] CancellationError: Operation cancelled; command=/usr/bin/git -c core.quotepath=false -c color.ui=false shortlog -s --all --no-min-parents --since=1.year.ago   [   e5 →   191] ContributorsGitSubProvider.getContributorsStats 
2026-06-09 22:35:16.479 [warning] [   e5 →   191] ContributorsGitSubProvider.getContributorsStats(e=/workspace/kubernetes, t={"since":"1.year.ago"}, i=undefined, r=2000) completed [*2049ms] (slow)
2026-06-09 22:35:16.483 [warning] [GIT          ] [/workspace/labs] git shortlog -s --all --no-min-parents --since=1.year.ago · ABORTED after 2053ms (timeout)
2026-06-09 22:35:16.483 [error]   [GIT          ] [/workspace/labs] git shortlog -s --all --no-min-parents --since=1.year.ago · cancelled [2054ms] (slow)
2026-06-09 22:35:16.483 [error] CancellationError: Operation cancelled; command=/usr/bin/git -c core.quotepath=false -c color.ui=false shortlog -s --all --no-min-parents --since=1.year.ago   [   e5 →   193] ContributorsGitSubProvider.getContributorsStats 
2026-06-09 22:35:16.483 [warning] [   e5 →   193] ContributorsGitSubProvider.getContributorsStats(e=/workspace/labs, t={"since":"1.year.ago"}, i=undefined, r=2000) completed [*2054ms] (slow)
2026-06-09 22:35:39.759 [error]   [CLI  8a → 1aa] undefined ai hook list-sessions --json CLI is not installed [0ms]
2026-06-09 22:36:39.759 [error]   [CLI  8a → 1cd] undefined ai hook list-sessions --json CLI is not installed [0ms]
2026-06-09 22:37:09.432 [info]    [GIT      15ms] [/workspace/labs] git for-each-ref --format=%1E%(HEAD)%1D%(refname)%1D%(objectname)%1D%(*objectname)%1D%(upstream)%1D%(upstream:track)%1D%(committerdate:iso8601)%1D%(creatordate:iso8601)%1D%(authordate:iso8601)%1D%(subject)%1D%(worktreepath)%1D refs/heads/ refs/remotes/ refs/tags/ [15ms]
2026-06-09 22:37:09.433 [info]    [GIT       8ms] [/workspace/labs] git config --get-regex -f /workspace/labs/.git/gk/config ^branch\..*\.gk-(last-(accessed|modified)|disposition|agent-last-activity)$ [8ms]
2026-06-09 22:37:09.443 [error]   [GIT          ] [/workspace/labs] git rev-parse --abbrev-ref --symbolic-full-name @ @{u} -- · bad revision '@' [7ms]
2026-06-09 22:37:09.450 [info]    [GIT       6ms] [/workspace/labs] git symbolic-ref --short HEAD [6ms]
2026-06-09 22:37:09.457 [info]    [GIT       6ms] [/workspace/labs] git log -n1 --format=%ct -- [6ms]
2026-06-09 22:37:09.466 [info]    [GIT       5ms] [/workspace/labs] git config --get -f /workspace/labs/.git/gk/config branch.dev.gk-last-accessed [5ms]
2026-06-09 22:37:09.473 [info]    [GIT       6ms] [/workspace/labs] git config -f /workspace/labs/.git/gk/config branch.dev.gk-last-accessed 2026-06-09T20:37:09.459Z [6ms]
2026-06-09 22:37:39.759 [error]   [CLI  8a → 1e6] undefined ai hook list-sessions --json CLI is not installed [0ms]
2026-06-09 22:38:39.761 [error]   [CLI  8a → 201] undefined ai hook list-sessions --json CLI is not installed [0ms]
2026-06-09 22:39:39.763 [error]   [CLI  8a → 21a] undefined ai hook list-sessions --json CLI is not installed [0ms]
2026-06-09 22:40:39.764 [error]   [CLI  8a → 221] undefined ai hook list-sessions --json CLI is not installed [0ms]
2026-06-09 22:41:39.765 [error]   [CLI  8a → 222] undefined ai hook list-sessions --json CLI is not installed [0ms]
2026-06-09 22:42:39.766 [error]   [CLI  8a → 223] undefined ai hook list-sessions --json CLI is not installed [0ms]
2026-06-09 22:43:39.767 [error]   [CLI  8a → 224] undefined ai hook list-sessions --json CLI is not installed [0ms]
2026-06-09 22:44:39.768 [error]   [CLI  8a → 225] undefined ai hook list-sessions --json CLI is not installed [0ms]
2026-06-09 22:45:39.769 [error]   [CLI  8a → 226] undefined ai hook list-sessions --json CLI is not installed [0ms]
2026-06-09 22:46:39.770 [error]   [CLI  8a → 227] undefined ai hook list-sessions --json CLI is not installed [0ms]
2026-06-09 22:47:39.771 [error]   [CLI  8a → 228] undefined ai hook list-sessions --json CLI is not installed [0ms]
