2026-06-09 18:03:15.984 [info] Extension host with pid 125558 started
2026-06-09 18:03:15.995 [info] Lock '/config/data/User/workspaceStorage/-3eb7f34b/vscode.lock': Lock acquired.
2026-06-09 18:03:16.095 [info] ExtensionService#_doActivateExtension vscode.github-authentication, startup: false, activationEvent: 'onAuthenticationRequest:github'
2026-06-09 18:03:16.096 [info] ExtensionService#_doActivateExtension vscode.emmet, startup: false, activationEvent: 'onLanguage'
2026-06-09 18:03:16.241 [info] ExtensionService#_doActivateExtension vscode.git-base, startup: true, activationEvent: '*', root cause: vscode.git
2026-06-09 18:03:16.242 [info] ExtensionService#_doActivateExtension shubhamsharma.ariv-themes, startup: true, activationEvent: '*'
2026-06-09 18:03:16.251 [info] ExtensionService#_doActivateExtension Natizyskunk.sftp, startup: true, activationEvent: 'workspaceContains:.vscode/sftp.json'
2026-06-09 18:03:16.396 [info] ExtensionService#_doActivateExtension vscode.git, startup: true, activationEvent: '*'
2026-06-09 18:03:16.396 [info] ExtensionService#_doActivateExtension vscode.github, startup: true, activationEvent: '*'
2026-06-09 18:03:16.655 [info] ExtensionService#_doActivateExtension eamodio.gitlens, startup: false, activationEvent: 'onTerminal:*'
2026-06-09 18:03:17.100 [info] Eager extensions activated
2026-06-09 18:03:17.101 [info] ExtensionService#_doActivateExtension vscode.debug-auto-launch, startup: false, activationEvent: 'onStartupFinished'
2026-06-09 18:03:17.101 [info] ExtensionService#_doActivateExtension vscode.merge-conflict, startup: false, activationEvent: 'onStartupFinished'
2026-06-09 18:03:17.101 [info] ExtensionService#_doActivateExtension Continue.continue, startup: false, activationEvent: 'onStartupFinished'
2026-06-09 18:03:17.103 [info] ExtensionService#_doActivateExtension Gruntfuggly.todo-tree, startup: false, activationEvent: 'onStartupFinished'
2026-06-09 18:03:17.103 [info] ExtensionService#_doActivateExtension PKief.material-icon-theme, startup: false, activationEvent: 'onStartupFinished'
2026-06-09 18:03:17.103 [info] ExtensionService#_doActivateExtension usernamehw.errorlens, startup: false, activationEvent: 'onStartupFinished'
2026-06-09 18:03:18.542 [info] ExtensionService#_doActivateExtension vscode.terminal-suggest, startup: false, activationEvent: 'onTerminalShellIntegration:*'
2026-06-09 18:03:18.840 [info] ExtensionService#_doActivateExtension vscode.tunnel-forwarding, startup: false, activationEvent: 'onTunnel'
2026-06-09 18:03:20.777 [info] ExtensionService#_doActivateExtension vscode.configuration-editing, startup: false, activationEvent: 'onLanguage:jsonc'
2026-06-09 18:03:20.778 [info] ExtensionService#_doActivateExtension vscode.json-language-features, startup: false, activationEvent: 'onLanguage:jsonc'
2026-06-09 18:03:20.778 [info] ExtensionService#_doActivateExtension vscode.typescript-language-features, startup: false, activationEvent: 'onLanguage:jsonc'
2026-06-09 18:03:22.180 [error] NoPermissions (FileSystemError): Error: EACCES: permission denied, scandir '/workspace/portainer/data/tls'
	at rr._handleError (file:///app/code-server/lib/vscode/out/vs/workbench/api/node/extensionHostProcess.js:530:21596)
	at Object.readDirectory (file:///app/code-server/lib/vscode/out/vs/workbench/api/node/extensionHostProcess.js:530:19346)
	at async /config/extensions/continue.continue-1.2.22-linux-x64/out/extension.js:893382:20
	at async _VsCodeIdeUtils.fsOperation (/config/extensions/continue.continue-1.2.22-linux-x64/out/extension.js:893403:18)
	at async _VsCodeIdeUtils.readDirectory (/config/extensions/continue.continue-1.2.22-linux-x64/out/extension.js:893379:16)
	at async _VsCodeIde.listDir (/config/extensions/continue.continue-1.2.22-linux-x64/out/extension.js:894233:25)
