2026-06-10 08:01:05.918 [error] [         12ms] [/workspace] git rev-parse --show-toplevel --git-dir --git-common-dir --show-superproject-working-tree • FAILED
Error: fatal: not a git repository (or any parent up to mount point /)
Stopping at filesystem boundary (GIT_DISCOVERY_ACROSS_FILESYSTEM not set).
2026-06-10 08:01:05.918 [info] [         15ms] [/workspace/automation] git rev-parse --show-toplevel --git-dir --git-common-dir --show-superproject-working-tree • completed
2026-06-10 08:01:05.918 [info] [         12ms] [/workspace/documentation] git rev-parse --show-toplevel --git-dir --git-common-dir --show-superproject-working-tree • completed
2026-06-10 08:01:05.918 [info] [         14ms] [/workspace/infrastructure] git rev-parse --show-toplevel --git-dir --git-common-dir --show-superproject-working-tree • completed
2026-06-10 08:01:05.918 [info] [         10ms] [/workspace/kubernetes] git rev-parse --show-toplevel --git-dir --git-common-dir --show-superproject-working-tree • completed
2026-06-10 08:01:05.918 [info] [         40ms] [/workspace/labs] git rev-parse --show-toplevel --git-dir --git-common-dir --show-superproject-working-tree • completed
2026-06-10 08:01:06.058 [info] [         35ms] [/workspace/automation] git rev-parse --show-toplevel --git-dir --git-common-dir --show-superproject-working-tree • completed
2026-06-10 08:01:06.058 [info] [         43ms] [/workspace/documentation] git rev-parse --show-toplevel --git-dir --git-common-dir --show-superproject-working-tree • completed
2026-06-10 08:01:06.058 [info] [         51ms] [/workspace/infrastructure] git rev-parse --show-toplevel --git-dir --git-common-dir --show-superproject-working-tree • completed
2026-06-10 08:01:06.388 [info] [          8ms] [/workspace/automation] git remote -v • completed
2026-06-10 08:01:06.397 [info] [          6ms] [/workspace/automation] git config --get -f /workspace/automation/.git/gk/config gk.defaultRemote • completed
2026-06-10 08:01:08.170 [info] [         10ms] [/workspace/documentation] git remote -v • completed
2026-06-10 08:01:08.180 [info] [          9ms] [/workspace/documentation] git config --get -f /workspace/documentation/.git/gk/config gk.defaultRemote • completed
2026-06-10 08:01:08.370 [info] [         31ms] [/workspace/infrastructure] git remote -v • completed
2026-06-10 08:01:08.410 [info] [         39ms] [/workspace/infrastructure] git config --get -f /workspace/infrastructure/.git/gk/config gk.defaultRemote • completed
2026-06-10 08:01:08.549 [info] [         10ms] [/workspace/kubernetes] git remote -v • completed
2026-06-10 08:01:08.561 [info] [         11ms] [/workspace/kubernetes] git config --get -f /workspace/kubernetes/.git/gk/config gk.defaultRemote • completed
2026-06-10 08:01:08.623 [info] [         10ms] [/workspace/labs] git remote -v • completed
2026-06-10 08:01:08.639 [info] [         15ms] [/workspace/labs] git config --get -f /workspace/labs/.git/gk/config gk.defaultRemote • completed
2026-06-10 08:01:34.429 [error] [          8ms] [/workspace] git rev-parse --show-toplevel --git-dir --git-common-dir --show-superproject-working-tree • FAILED
Error: fatal: not a git repository (or any parent up to mount point /)
Stopping at filesystem boundary (GIT_DISCOVERY_ACROSS_FILESYSTEM not set).
2026-06-10 08:01:40.626 [info] [         76ms] [/workspace/labs] git rev-list --max-parents=0 HEAD -- • completed
2026-06-10 08:01:40.627 [info] [         77ms] [/workspace/kubernetes] git rev-list --max-parents=0 HEAD -- • completed
2026-06-10 08:01:40.627 [info] [         78ms] [/workspace/infrastructure] git rev-list --max-parents=0 HEAD -- • completed
2026-06-10 08:01:40.627 [info] [         78ms] [/workspace/documentation] git rev-list --max-parents=0 HEAD -- • completed
2026-06-10 08:01:40.628 [info] [         79ms] [/workspace/automation] git rev-list --max-parents=0 HEAD -- • completed
2026-06-10 08:01:42.595 [error] [*      2044ms] [/workspace/automation] git shortlog -s --all --no-min-parents --since=1.year.ago (slow) • FAILED
CancellationError: Operation cancelled; command=/usr/bin/git -c core.quotepath=false -c color.ui=false shortlog -s --all --no-min-parents --since=1.year.ago
2026-06-10 08:01:42.613 [error] [*      2061ms] [/workspace/documentation] git shortlog -s --all --no-min-parents --since=1.year.ago (slow) • FAILED
CancellationError: Operation cancelled; command=/usr/bin/git -c core.quotepath=false -c color.ui=false shortlog -s --all --no-min-parents --since=1.year.ago
2026-06-10 08:01:42.618 [error] [*      2066ms] [/workspace/infrastructure] git shortlog -s --all --no-min-parents --since=1.year.ago (slow) • FAILED
CancellationError: Operation cancelled; command=/usr/bin/git -c core.quotepath=false -c color.ui=false shortlog -s --all --no-min-parents --since=1.year.ago
2026-06-10 08:01:42.622 [error] [*      2070ms] [/workspace/kubernetes] git shortlog -s --all --no-min-parents --since=1.year.ago (slow) • FAILED
CancellationError: Operation cancelled; command=/usr/bin/git -c core.quotepath=false -c color.ui=false shortlog -s --all --no-min-parents --since=1.year.ago
2026-06-10 08:01:42.626 [error] [*      2073ms] [/workspace/labs] git shortlog -s --all --no-min-parents --since=1.year.ago (slow) • FAILED
CancellationError: Operation cancelled; command=/usr/bin/git -c core.quotepath=false -c color.ui=false shortlog -s --all --no-min-parents --since=1.year.ago
2026-06-10 08:03:35.548 [info] [         14ms] [/workspace/labs] git for-each-ref --format=%1E%(HEAD)%1D%(refname)%1D%(objectname)%1D%(*objectname)%1D%(upstream)%1D%(upstream:track)%1D%(committerdate:iso8601)%1D%(creatordate:iso8601)%1D%(authordate:iso8601)%1D%(subject)%1D%(worktreepath)%1D refs/heads/ refs/remotes/ refs/tags/ • completed
2026-06-10 08:03:35.549 [info] [          8ms] [/workspace/labs] git config --get-regex -f /workspace/labs/.git/gk/config ^branch\..*\.gk-(last-(accessed|modified)|disposition|agent-last-activity)$ • completed
2026-06-10 08:03:35.560 [error] [          8ms] [/workspace/labs] git rev-parse --abbrev-ref --symbolic-full-name @ @{u} -- • FAILED
Error: fatal: bad revision '@'
2026-06-10 08:03:35.566 [info] [          5ms] [/workspace/labs] git symbolic-ref --short HEAD • completed
2026-06-10 08:03:35.574 [info] [          8ms] [/workspace/labs] git log -n1 --format=%ct -- • completed
2026-06-10 08:03:35.584 [info] [          7ms] [/workspace/labs] git config --get -f /workspace/labs/.git/gk/config branch.dev.gk-last-accessed • completed
2026-06-10 08:03:35.592 [info] [          6ms] [/workspace/labs] git config -f /workspace/labs/.git/gk/config branch.dev.gk-last-accessed 2026-06-10T06:03:35.576Z • completed
