2026-06-10 08:01:05.918 [info] To enable debug logging, run "GitLens: Enable Debug Logging" or "Developer: Set Log Level..." from the Command Palette
2026-06-10 08:01:05.918 [info]    [            1] GitLens v18.0.0  activating in code-server (1.123.0) on the web; mode=production,language='en', logLevel='info', defaultDateLocale='null' (code-oss|e1682653-2cc0-4722-bccd-679683d87f10|08820b6e-9c2d-4039-b222-8f25e65718c61781071259973)
2026-06-10 08:01:05.918 [info]    [   76 →    79] GlCliGitProvider.onDidOpenRepository(e=file:///workspace/infrastructure, source=scm) repository=<unknown>; deferring to getOrOpenRepository
2026-06-10 08:01:05.918 [info]    [   76 →    7c] GlCliGitProvider.onDidOpenRepository(e=file:///workspace/documentation, source=scm) repository=<unknown>; deferring to getOrOpenRepository
2026-06-10 08:01:05.918 [info]    [   76 →    7f] GlCliGitProvider.onDidOpenRepository(e=file:///workspace/automation, source=scm) repository=<unknown>; deferring to getOrOpenRepository
2026-06-10 08:01:05.918 [info]    [            1] GitLens v18.0.0 activated [192ms]
2026-06-10 08:01:05.918 [info]    [   75 →    76] GlCliGitProvider.findGit Git (2.43.0) found in /usr/bin/git [111ms]
2026-06-10 08:01:05.918 [info]    [   75 →    9f] GlCliGitProvider.repositorySearch(/workspace) searching (depth=1)...
2026-06-10 08:01:05.918 [error]   [GIT          ] [/workspace] git rev-parse --show-toplevel --git-dir --git-common-dir --show-superproject-working-tree · not a git repository (or any parent up to mount point /) · Stopping at filesystem boundary (GIT_DISCOVERY_ACROSS_FILESYSTEM not set). [12ms]
2026-06-10 08:01:05.918 [info]    [GIT      15ms] [/workspace/automation] git rev-parse --show-toplevel --git-dir --git-common-dir --show-superproject-working-tree [15ms]
2026-06-10 08:01:05.918 [info]    [   75 →    9f] GlCliGitProvider.repositorySearch(/workspace) found repository in '/workspace/automation'
2026-06-10 08:01:05.918 [info]    [GIT      12ms] [/workspace/documentation] git rev-parse --show-toplevel --git-dir --git-common-dir --show-superproject-working-tree [12ms]
2026-06-10 08:01:05.918 [info]    [   75 →    9f] GlCliGitProvider.repositorySearch(/workspace) found repository in '/workspace/documentation'
2026-06-10 08:01:05.918 [info]    [GIT      14ms] [/workspace/infrastructure] git rev-parse --show-toplevel --git-dir --git-common-dir --show-superproject-working-tree [14ms]
2026-06-10 08:01:05.918 [info]    [   75 →    9f] GlCliGitProvider.repositorySearch(/workspace) found repository in '/workspace/infrastructure'
2026-06-10 08:01:05.918 [info]    [GIT      10ms] [/workspace/kubernetes] git rev-parse --show-toplevel --git-dir --git-common-dir --show-superproject-working-tree [10ms]
2026-06-10 08:01:05.918 [info]    [   75 →    9f] GlCliGitProvider.repositorySearch(/workspace) found repository in '/workspace/kubernetes'
2026-06-10 08:01:05.918 [info]    [   c2 →    c3] GlCliGitProvider.getOrOpenScmRepository opening the SCM repository for 'file:///workspace/kubernetes': no existing repository found
2026-06-10 08:01:05.918 [info]    [   75 →    76] GlCliGitProvider.findGit SCM.onDidOpenRepository(file:///workspace/kubernetes)
2026-06-10 08:01:05.918 [info]    [GIT      40ms] [/workspace/labs] git rev-parse --show-toplevel --git-dir --git-common-dir --show-superproject-working-tree [40ms]
2026-06-10 08:01:05.918 [info]    [   75 →    9f] GlCliGitProvider.repositorySearch(/workspace) found repository in '/workspace/labs'
2026-06-10 08:01:05.918 [info]    [   74 →    75] GlCliGitProvider.discoverRepositories auto-opening 5 discovered repo(s) in SCM (autoRepositoryDetection=true)
2026-06-10 08:01:05.918 [info]    [   ca →    cb] GlCliGitProvider.getOrOpenScmRepository opening the SCM repository for 'file:///workspace/labs': no existing repository found
2026-06-10 08:01:05.918 [info]    [   75 →    d6] GlCliGitProvider.getOrOpenScmRepository opening the SCM repository for 'file:///workspace/labs': no existing repository found
2026-06-10 08:01:05.920 [error]   [CLI  99 → 100] undefined ai hook list-sessions --json CLI is not installed [0ms]
2026-06-10 08:01:05.922 [info]    [IPC          ] CLI capability published on http://127.0.0.1:38667
2026-06-10 08:01:06.058 [info]    [GIT      35ms] [/workspace/automation] git rev-parse --show-toplevel --git-dir --git-common-dir --show-superproject-working-tree [35ms]
2026-06-10 08:01:06.058 [info]    [GIT      43ms] [/workspace/documentation] git rev-parse --show-toplevel --git-dir --git-common-dir --show-superproject-working-tree [43ms]
2026-06-10 08:01:06.058 [info]    [GIT      51ms] [/workspace/infrastructure] git rev-parse --show-toplevel --git-dir --git-common-dir --show-superproject-working-tree [51ms]
2026-06-10 08:01:06.070 [info]    [   75 →    76] GlCliGitProvider.findGit SCM.onDidOpenRepository(file:///workspace/labs)
2026-06-10 08:01:06.388 [info]    [GIT       8ms] [/workspace/automation] git remote -v [8ms]
2026-06-10 08:01:06.397 [info]    [GIT       6ms] [/workspace/automation] git config --get -f /workspace/automation/.git/gk/config gk.defaultRemote [6ms]
2026-06-10 08:01:08.088 [info]    [   75 →    76] GlCliGitProvider.findGit fireRepositoryOpened: firing 2 opened repo(s) from vscode.git
2026-06-10 08:01:08.088 [info]    [          124] GlCliGitProvider.onDidOpenRepository(e=file:///workspace/kubernetes, source=scm) repository=GlRepository(/workspace/kubernetes|4), closed:false→false (closedByUser cleared)
2026-06-10 08:01:08.088 [info]    [          125] GlCliGitProvider.onDidOpenRepository(e=file:///workspace/labs, source=scm) repository=GlRepository(/workspace/labs|5), closed:false→false (closedByUser cleared)
2026-06-10 08:01:08.130 [error] TypeError: fetch failed   [  10c →   123] GlCliGitProvider.getRemoteVisibility 
2026-06-10 08:01:08.130 [warning] [  10c →   123] GlCliGitProvider.getRemoteVisibility(remote=ssh://git@platform01:2222/PulseAI/Automation.git) returned private [*1731ms] (slow)
2026-06-10 08:01:08.131 [warning] [  109 →   10c] GlCliGitProvider.visibility(e=/workspace/automation) returned private [*2069ms] (slow)
2026-06-10 08:01:08.170 [info]    [GIT      10ms] [/workspace/documentation] git remote -v [10ms]
2026-06-10 08:01:08.180 [info]    [GIT       9ms] [/workspace/documentation] git config --get -f /workspace/documentation/.git/gk/config gk.defaultRemote [9ms]
2026-06-10 08:01:08.182 [warning] [   73 →    de] RemotesGitSubProvider.getRemotes(repoPath=/workspace/documentation) completed [*2642ms] (slow)
2026-06-10 08:01:08.182 [warning] [  10f →   110] RemotesGitSubProvider.getRemotes(repoPath=/workspace/documentation) completed [*2119ms] (slow)
2026-06-10 08:01:08.260 [error] TypeError: fetch failed   [  10f →   12b] GlCliGitProvider.getRemoteVisibility 
2026-06-10 08:01:08.260 [warning] [  109 →   10f] GlCliGitProvider.visibility(e=/workspace/documentation) returned private [*2198ms] (slow)
2026-06-10 08:01:08.370 [info]    [GIT      31ms] [/workspace/infrastructure] git remote -v [31ms]
2026-06-10 08:01:08.410 [info]    [GIT      39ms] [/workspace/infrastructure] git config --get -f /workspace/infrastructure/.git/gk/config gk.defaultRemote [39ms]
2026-06-10 08:01:08.412 [warning] [   73 →    e0] RemotesGitSubProvider.getRemotes(repoPath=/workspace/infrastructure) completed [*2871ms] (slow)
2026-06-10 08:01:08.412 [warning] [  112 →   113] RemotesGitSubProvider.getRemotes(repoPath=/workspace/infrastructure) completed [*2349ms] (slow)
2026-06-10 08:01:08.533 [error] TypeError: fetch failed   [  112 →   133] GlCliGitProvider.getRemoteVisibility 
2026-06-10 08:01:08.533 [warning] [  109 →   112] GlCliGitProvider.visibility(e=/workspace/infrastructure) returned private [*2472ms] (slow)
2026-06-10 08:01:08.549 [info]    [GIT      10ms] [/workspace/kubernetes] git remote -v [10ms]
2026-06-10 08:01:08.561 [info]    [GIT      11ms] [/workspace/kubernetes] git config --get -f /workspace/kubernetes/.git/gk/config gk.defaultRemote [11ms]
2026-06-10 08:01:08.564 [warning] [   73 →    e2] RemotesGitSubProvider.getRemotes(repoPath=/workspace/kubernetes) completed [*3021ms] (slow)
2026-06-10 08:01:08.564 [warning] [  115 →   116] RemotesGitSubProvider.getRemotes(repoPath=/workspace/kubernetes) completed [*2500ms] (slow)
2026-06-10 08:01:08.605 [error] TypeError: fetch failed   [  115 →   139] GlCliGitProvider.getRemoteVisibility 
2026-06-10 08:01:08.605 [warning] [  109 →   115] GlCliGitProvider.visibility(e=/workspace/kubernetes) returned private [*2543ms] (slow)
2026-06-10 08:01:08.623 [info]    [GIT      10ms] [/workspace/labs] git remote -v [10ms]
2026-06-10 08:01:08.639 [info]    [GIT      15ms] [/workspace/labs] git config --get -f /workspace/labs/.git/gk/config gk.defaultRemote [15ms]
2026-06-10 08:01:08.727 [warning] [   73 →    e4] RemotesGitSubProvider.getRemotes(repoPath=/workspace/labs) completed [*3099ms] (slow)
2026-06-10 08:01:08.727 [warning] [  118 →   119] RemotesGitSubProvider.getRemotes(repoPath=/workspace/labs) completed [*2578ms] (slow)
2026-06-10 08:01:08.768 [error] TypeError: fetch failed   [  118 →   13f] GlCliGitProvider.getRemoteVisibility 
2026-06-10 08:01:08.769 [warning] [  109 →   118] GlCliGitProvider.visibility(e=/workspace/labs) returned private [*2707ms] (slow)
2026-06-10 08:01:08.769 [warning] [  108 →   109] GitProviderService.visibilityCore returned private [*2708ms] (slow)
2026-06-10 08:01:08.769 [warning] [  106 →   108] GitProviderService.visibility returned private [*2709ms] (slow)
2026-06-10 08:01:08.769 [warning] [  106 →   11a] GitProviderService.visibility returned private [*2707ms] (slow)
2026-06-10 08:01:08.769 [warning] [  105 →   106] GitProviderService.accessCore(e=undefined) returned allowed=false, plan=community [*2710ms] (slow)
2026-06-10 08:01:08.770 [warning] [   e7 →   105] GitProviderService.access returned allowed=false, plan=community [*2710ms] (slow)
2026-06-10 08:01:08.796 [warning] [   83 →    9b] GitHubIntegration.isConnected returned false [*3466ms] (slow)
2026-06-10 08:01:34.429 [error]   [GIT          ] [/workspace] git rev-parse --show-toplevel --git-dir --git-common-dir --show-superproject-working-tree · not a git repository (or any parent up to mount point /) · Stopping at filesystem boundary (GIT_DISCOVERY_ACROSS_FILESYSTEM not set). [8ms]
2026-06-10 08:01:40.626 [info]    [GIT      76ms] [/workspace/labs] git rev-list --max-parents=0 HEAD -- [76ms]
2026-06-10 08:01:40.627 [info]    [GIT      77ms] [/workspace/kubernetes] git rev-list --max-parents=0 HEAD -- [77ms]
2026-06-10 08:01:40.627 [info]    [GIT      78ms] [/workspace/infrastructure] git rev-list --max-parents=0 HEAD -- [78ms]
2026-06-10 08:01:40.627 [info]    [GIT      78ms] [/workspace/documentation] git rev-list --max-parents=0 HEAD -- [78ms]
2026-06-10 08:01:40.628 [info]    [GIT      79ms] [/workspace/automation] git rev-list --max-parents=0 HEAD -- [79ms]
2026-06-10 08:01:42.595 [warning] [GIT          ] [/workspace/automation] git shortlog -s --all --no-min-parents --since=1.year.ago · ABORTED after 2042ms (timeout)
2026-06-10 08:01:42.595 [error]   [GIT          ] [/workspace/automation] git shortlog -s --all --no-min-parents --since=1.year.ago · cancelled [2044ms] (slow)
2026-06-10 08:01:42.595 [error] CancellationError: Operation cancelled; command=/usr/bin/git -c core.quotepath=false -c color.ui=false shortlog -s --all --no-min-parents --since=1.year.ago   [   e7 →   21c] ContributorsGitSubProvider.getContributorsStats 
2026-06-10 08:01:42.596 [warning] [   e7 →   21c] ContributorsGitSubProvider.getContributorsStats(e=/workspace/automation, t={"since":"1.year.ago"}, i=undefined, r=2000) completed [*2044ms] (slow)
2026-06-10 08:01:42.613 [warning] [GIT          ] [/workspace/documentation] git shortlog -s --all --no-min-parents --since=1.year.ago · ABORTED after 2060ms (timeout)
2026-06-10 08:01:42.613 [error]   [GIT          ] [/workspace/documentation] git shortlog -s --all --no-min-parents --since=1.year.ago · cancelled [2061ms] (slow)
2026-06-10 08:01:42.613 [error] CancellationError: Operation cancelled; command=/usr/bin/git -c core.quotepath=false -c color.ui=false shortlog -s --all --no-min-parents --since=1.year.ago   [   e7 →   21e] ContributorsGitSubProvider.getContributorsStats 
2026-06-10 08:01:42.613 [warning] [   e7 →   21e] ContributorsGitSubProvider.getContributorsStats(e=/workspace/documentation, t={"since":"1.year.ago"}, i=undefined, r=2000) completed [*2061ms] (slow)
2026-06-10 08:01:42.618 [warning] [GIT          ] [/workspace/infrastructure] git shortlog -s --all --no-min-parents --since=1.year.ago · ABORTED after 2066ms (timeout)
2026-06-10 08:01:42.618 [error]   [GIT          ] [/workspace/infrastructure] git shortlog -s --all --no-min-parents --since=1.year.ago · cancelled [2066ms] (slow)
2026-06-10 08:01:42.618 [error] CancellationError: Operation cancelled; command=/usr/bin/git -c core.quotepath=false -c color.ui=false shortlog -s --all --no-min-parents --since=1.year.ago   [   e7 →   220] ContributorsGitSubProvider.getContributorsStats 
2026-06-10 08:01:42.618 [warning] [   e7 →   220] ContributorsGitSubProvider.getContributorsStats(e=/workspace/infrastructure, t={"since":"1.year.ago"}, i=undefined, r=2000) completed [*2066ms] (slow)
2026-06-10 08:01:42.622 [warning] [GIT          ] [/workspace/kubernetes] git shortlog -s --all --no-min-parents --since=1.year.ago · ABORTED after 2069ms (timeout)
2026-06-10 08:01:42.622 [error]   [GIT          ] [/workspace/kubernetes] git shortlog -s --all --no-min-parents --since=1.year.ago · cancelled [2070ms] (slow)
2026-06-10 08:01:42.622 [error] CancellationError: Operation cancelled; command=/usr/bin/git -c core.quotepath=false -c color.ui=false shortlog -s --all --no-min-parents --since=1.year.ago   [   e7 →   222] ContributorsGitSubProvider.getContributorsStats 
2026-06-10 08:01:42.622 [warning] [   e7 →   222] ContributorsGitSubProvider.getContributorsStats(e=/workspace/kubernetes, t={"since":"1.year.ago"}, i=undefined, r=2000) completed [*2070ms] (slow)
2026-06-10 08:01:42.626 [warning] [GIT          ] [/workspace/labs] git shortlog -s --all --no-min-parents --since=1.year.ago · ABORTED after 2073ms (timeout)
2026-06-10 08:01:42.626 [error]   [GIT          ] [/workspace/labs] git shortlog -s --all --no-min-parents --since=1.year.ago · cancelled [2073ms] (slow)
2026-06-10 08:01:42.626 [error] CancellationError: Operation cancelled; command=/usr/bin/git -c core.quotepath=false -c color.ui=false shortlog -s --all --no-min-parents --since=1.year.ago   [   e7 →   224] ContributorsGitSubProvider.getContributorsStats 
2026-06-10 08:01:42.626 [warning] [   e7 →   224] ContributorsGitSubProvider.getContributorsStats(e=/workspace/labs, t={"since":"1.year.ago"}, i=undefined, r=2000) completed [*2074ms] (slow)
2026-06-10 08:02:05.922 [error]   [CLI  8e → 22d] undefined ai hook list-sessions --json CLI is not installed [0ms]
2026-06-10 08:03:05.922 [error]   [CLI  8e → 23a] undefined ai hook list-sessions --json CLI is not installed [0ms]
2026-06-10 08:03:35.548 [info]    [GIT      14ms] [/workspace/labs] git for-each-ref --format=%1E%(HEAD)%1D%(refname)%1D%(objectname)%1D%(*objectname)%1D%(upstream)%1D%(upstream:track)%1D%(committerdate:iso8601)%1D%(creatordate:iso8601)%1D%(authordate:iso8601)%1D%(subject)%1D%(worktreepath)%1D refs/heads/ refs/remotes/ refs/tags/ [14ms]
2026-06-10 08:03:35.549 [info]    [GIT       8ms] [/workspace/labs] git config --get-regex -f /workspace/labs/.git/gk/config ^branch\..*\.gk-(last-(accessed|modified)|disposition|agent-last-activity)$ [8ms]
2026-06-10 08:03:35.560 [error]   [GIT          ] [/workspace/labs] git rev-parse --abbrev-ref --symbolic-full-name @ @{u} -- · bad revision '@' [8ms]
2026-06-10 08:03:35.566 [info]    [GIT       5ms] [/workspace/labs] git symbolic-ref --short HEAD [5ms]
2026-06-10 08:03:35.574 [info]    [GIT       8ms] [/workspace/labs] git log -n1 --format=%ct -- [8ms]
2026-06-10 08:03:35.584 [info]    [GIT       7ms] [/workspace/labs] git config --get -f /workspace/labs/.git/gk/config branch.dev.gk-last-accessed [7ms]
2026-06-10 08:03:35.592 [info]    [GIT       6ms] [/workspace/labs] git config -f /workspace/labs/.git/gk/config branch.dev.gk-last-accessed 2026-06-10T06:03:35.576Z [6ms]
2026-06-10 08:04:05.923 [error]   [CLI  8e → 26f] undefined ai hook list-sessions --json CLI is not installed [0ms]
2026-06-10 08:05:05.924 [error]   [CLI  8e → 276] undefined ai hook list-sessions --json CLI is not installed [0ms]
2026-06-10 08:06:05.925 [error]   [CLI  8e → 29d] undefined ai hook list-sessions --json CLI is not installed [0ms]
2026-06-10 08:07:05.926 [error]   [CLI  8e → 2ca] undefined ai hook list-sessions --json CLI is not installed [0ms]
2026-06-10 08:08:05.928 [error]   [CLI  8e → 2df] undefined ai hook list-sessions --json CLI is not installed [0ms]
2026-06-10 08:09:05.928 [error]   [CLI  8e → 2e8] undefined ai hook list-sessions --json CLI is not installed [0ms]
2026-06-10 08:10:05.929 [error]   [CLI  8e → 2ff] undefined ai hook list-sessions --json CLI is not installed [0ms]
2026-06-10 08:11:05.929 [error]   [CLI  8e → 324] undefined ai hook list-sessions --json CLI is not installed [0ms]
2026-06-10 08:12:05.930 [error]   [CLI  8e → 339] undefined ai hook list-sessions --json CLI is not installed [0ms]
2026-06-10 08:13:05.931 [error]   [CLI  8e → 356] undefined ai hook list-sessions --json CLI is not installed [0ms]
2026-06-10 08:14:05.930 [error]   [CLI  8e → 36d] undefined ai hook list-sessions --json CLI is not installed [0ms]
2026-06-10 08:15:05.931 [error]   [CLI  8e → 3a6] undefined ai hook list-sessions --json CLI is not installed [0ms]
2026-06-10 08:16:05.932 [error]   [CLI  8e → 3b3] undefined ai hook list-sessions --json CLI is not installed [0ms]
2026-06-10 08:17:05.933 [error]   [CLI  8e → 3b4] undefined ai hook list-sessions --json CLI is not installed [0ms]
2026-06-10 08:18:05.933 [error]   [CLI  8e → 3b5] undefined ai hook list-sessions --json CLI is not installed [0ms]
2026-06-10 08:19:05.933 [error]   [CLI  8e → 3b6] undefined ai hook list-sessions --json CLI is not installed [0ms]
2026-06-10 08:20:05.934 [error]   [CLI  8e → 3b7] undefined ai hook list-sessions --json CLI is not installed [0ms]
2026-06-10 08:21:05.935 [error]   [CLI  8e → 3ce] undefined ai hook list-sessions --json CLI is not installed [0ms]
2026-06-10 08:22:05.936 [error]   [CLI  8e → 3d7] undefined ai hook list-sessions --json CLI is not installed [0ms]
2026-06-10 08:23:05.938 [error]   [CLI  8e → 3e0] undefined ai hook list-sessions --json CLI is not installed [0ms]
2026-06-10 08:24:05.938 [error]   [CLI  8e → 3e9] undefined ai hook list-sessions --json CLI is not installed [0ms]
2026-06-10 08:25:05.939 [error]   [CLI  8e → 3f2] undefined ai hook list-sessions --json CLI is not installed [0ms]
2026-06-10 08:26:05.940 [error]   [CLI  8e → 3f3] undefined ai hook list-sessions --json CLI is not installed [0ms]
2026-06-10 08:27:05.941 [error]   [CLI  8e → 3f4] undefined ai hook list-sessions --json CLI is not installed [0ms]
2026-06-10 08:28:05.942 [error]   [CLI  8e → 3f5] undefined ai hook list-sessions --json CLI is not installed [0ms]
2026-06-10 08:29:05.943 [error]   [CLI  8e → 3f6] undefined ai hook list-sessions --json CLI is not installed [0ms]
2026-06-10 08:30:05.943 [error]   [CLI  8e → 3f7] undefined ai hook list-sessions --json CLI is not installed [0ms]
2026-06-10 08:31:05.944 [error]   [CLI  8e → 3f8] undefined ai hook list-sessions --json CLI is not installed [0ms]
2026-06-10 08:32:05.944 [error]   [CLI  8e → 3f9] undefined ai hook list-sessions --json CLI is not installed [0ms]
2026-06-10 08:33:05.945 [error]   [CLI  8e → 3fa] undefined ai hook list-sessions --json CLI is not installed [0ms]
2026-06-10 08:34:05.945 [error]   [CLI  8e → 3fb] undefined ai hook list-sessions --json CLI is not installed [0ms]
2026-06-10 08:35:05.944 [error]   [CLI  8e → 3fc] undefined ai hook list-sessions --json CLI is not installed [0ms]
2026-06-10 08:36:05.946 [error]   [CLI  8e → 3fd] undefined ai hook list-sessions --json CLI is not installed [0ms]
2026-06-10 08:37:05.947 [error]   [CLI  8e → 3fe] undefined ai hook list-sessions --json CLI is not installed [0ms]
2026-06-10 08:38:05.948 [error]   [CLI  8e → 3ff] undefined ai hook list-sessions --json CLI is not installed [0ms]
2026-06-10 08:39:05.948 [error]   [CLI  8e → 400] undefined ai hook list-sessions --json CLI is not installed [0ms]
2026-06-10 08:40:05.948 [error]   [CLI  8e → 401] undefined ai hook list-sessions --json CLI is not installed [0ms]
2026-06-10 08:41:05.949 [error]   [CLI  8e → 402] undefined ai hook list-sessions --json CLI is not installed [0ms]
2026-06-10 08:42:05.951 [error]   [CLI  8e → 403] undefined ai hook list-sessions --json CLI is not installed [0ms]
2026-06-10 08:43:05.951 [error]   [CLI  8e → 404] undefined ai hook list-sessions --json CLI is not installed [0ms]
2026-06-10 08:44:05.952 [error]   [CLI  8e → 405] undefined ai hook list-sessions --json CLI is not installed [0ms]
2026-06-10 08:45:05.952 [error]   [CLI  8e → 406] undefined ai hook list-sessions --json CLI is not installed [0ms]
2026-06-10 08:46:05.953 [error]   [CLI  8e → 407] undefined ai hook list-sessions --json CLI is not installed [0ms]
2026-06-10 08:47:05.954 [error]   [CLI  8e → 408] undefined ai hook list-sessions --json CLI is not installed [0ms]
2026-06-10 08:48:05.956 [error]   [CLI  8e → 409] undefined ai hook list-sessions --json CLI is not installed [0ms]
2026-06-10 08:49:05.956 [error]   [CLI  8e → 40a] undefined ai hook list-sessions --json CLI is not installed [0ms]
2026-06-10 08:50:05.956 [error]   [CLI  8e → 40b] undefined ai hook list-sessions --json CLI is not installed [0ms]
2026-06-10 08:51:05.959 [error]   [CLI  8e → 40c] undefined ai hook list-sessions --json CLI is not installed [0ms]
2026-06-10 08:52:05.959 [error]   [CLI  8e → 40d] undefined ai hook list-sessions --json CLI is not installed [0ms]
2026-06-10 08:53:05.960 [error]   [CLI  8e → 40e] undefined ai hook list-sessions --json CLI is not installed [0ms]
2026-06-10 08:54:05.961 [error]   [CLI  8e → 40f] undefined ai hook list-sessions --json CLI is not installed [0ms]
2026-06-10 08:55:05.962 [error]   [CLI  8e → 410] undefined ai hook list-sessions --json CLI is not installed [0ms]
2026-06-10 08:56:05.961 [error]   [CLI  8e → 411] undefined ai hook list-sessions --json CLI is not installed [0ms]
2026-06-10 08:57:05.963 [error]   [CLI  8e → 412] undefined ai hook list-sessions --json CLI is not installed [0ms]
2026-06-10 08:58:05.964 [error]   [CLI  8e → 413] undefined ai hook list-sessions --json CLI is not installed [0ms]
2026-06-10 08:59:05.964 [error]   [CLI  8e → 414] undefined ai hook list-sessions --json CLI is not installed [0ms]
2026-06-10 09:00:05.965 [error]   [CLI  8e → 415] undefined ai hook list-sessions --json CLI is not installed [0ms]
2026-06-10 09:01:05.966 [error]   [CLI  8e → 416] undefined ai hook list-sessions --json CLI is not installed [0ms]
2026-06-10 09:02:05.966 [error]   [CLI  8e → 417] undefined ai hook list-sessions --json CLI is not installed [0ms]
2026-06-10 09:03:05.966 [error]   [CLI  8e → 418] undefined ai hook list-sessions --json CLI is not installed [0ms]
2026-06-10 09:04:05.968 [error]   [CLI  8e → 419] undefined ai hook list-sessions --json CLI is not installed [0ms]
2026-06-10 09:05:05.967 [error]   [CLI  8e → 41a] undefined ai hook list-sessions --json CLI is not installed [0ms]
2026-06-10 09:06:05.968 [error]   [CLI  8e → 41b] undefined ai hook list-sessions --json CLI is not installed [0ms]
2026-06-10 09:07:05.969 [error]   [CLI  8e → 41c] undefined ai hook list-sessions --json CLI is not installed [0ms]
2026-06-10 09:08:05.969 [error]   [CLI  8e → 41d] undefined ai hook list-sessions --json CLI is not installed [0ms]
2026-06-10 09:09:05.970 [error]   [CLI  8e → 41e] undefined ai hook list-sessions --json CLI is not installed [0ms]
2026-06-10 09:10:05.971 [error]   [CLI  8e → 41f] undefined ai hook list-sessions --json CLI is not installed [0ms]
2026-06-10 09:11:05.972 [error]   [CLI  8e → 420] undefined ai hook list-sessions --json CLI is not installed [0ms]
2026-06-10 09:12:05.974 [error]   [CLI  8e → 421] undefined ai hook list-sessions --json CLI is not installed [0ms]
2026-06-10 09:13:05.975 [error]   [CLI  8e → 422] undefined ai hook list-sessions --json CLI is not installed [0ms]
2026-06-10 09:14:05.975 [error]   [CLI  8e → 423] undefined ai hook list-sessions --json CLI is not installed [0ms]
2026-06-10 09:15:05.975 [error]   [CLI  8e → 424] undefined ai hook list-sessions --json CLI is not installed [0ms]
2026-06-10 09:16:05.977 [error]   [CLI  8e → 425] undefined ai hook list-sessions --json CLI is not installed [0ms]
2026-06-10 09:17:05.977 [error]   [CLI  8e → 426] undefined ai hook list-sessions --json CLI is not installed [0ms]
2026-06-10 09:18:05.979 [error]   [CLI  8e → 427] undefined ai hook list-sessions --json CLI is not installed [0ms]
2026-06-10 09:19:05.978 [error]   [CLI  8e → 428] undefined ai hook list-sessions --json CLI is not installed [0ms]
2026-06-10 09:20:05.978 [error]   [CLI  8e → 429] undefined ai hook list-sessions --json CLI is not installed [0ms]
2026-06-10 09:21:05.978 [error]   [CLI  8e → 42a] undefined ai hook list-sessions --json CLI is not installed [0ms]
2026-06-10 09:22:05.980 [error]   [CLI  8e → 42b] undefined ai hook list-sessions --json CLI is not installed [0ms]
2026-06-10 09:23:05.981 [error]   [CLI  8e → 42c] undefined ai hook list-sessions --json CLI is not installed [0ms]
2026-06-10 09:24:05.981 [error]   [CLI  8e → 42d] undefined ai hook list-sessions --json CLI is not installed [0ms]
2026-06-10 09:25:05.982 [error]   [CLI  8e → 42e] undefined ai hook list-sessions --json CLI is not installed [0ms]
2026-06-10 09:26:05.982 [error]   [CLI  8e → 42f] undefined ai hook list-sessions --json CLI is not installed [0ms]
2026-06-10 09:27:05.983 [error]   [CLI  8e → 430] undefined ai hook list-sessions --json CLI is not installed [0ms]
2026-06-10 09:28:05.983 [error]   [CLI  8e → 431] undefined ai hook list-sessions --json CLI is not installed [0ms]
2026-06-10 09:29:05.985 [error]   [CLI  8e → 432] undefined ai hook list-sessions --json CLI is not installed [0ms]
2026-06-10 09:30:05.985 [error]   [CLI  8e → 433] undefined ai hook list-sessions --json CLI is not installed [0ms]
2026-06-10 09:31:05.985 [error]   [CLI  8e → 434] undefined ai hook list-sessions --json CLI is not installed [0ms]
2026-06-10 09:32:05.986 [error]   [CLI  8e → 435] undefined ai hook list-sessions --json CLI is not installed [0ms]
2026-06-10 09:33:05.987 [error]   [CLI  8e → 436] undefined ai hook list-sessions --json CLI is not installed [0ms]
2026-06-10 09:34:05.987 [error]   [CLI  8e → 437] undefined ai hook list-sessions --json CLI is not installed [0ms]
2026-06-10 09:35:05.986 [error]   [CLI  8e → 438] undefined ai hook list-sessions --json CLI is not installed [0ms]
2026-06-10 09:36:05.987 [error]   [CLI  8e → 439] undefined ai hook list-sessions --json CLI is not installed [0ms]
2026-06-10 09:37:05.988 [error]   [CLI  8e → 43a] undefined ai hook list-sessions --json CLI is not installed [0ms]
2026-06-10 09:38:05.988 [error]   [CLI  8e → 43b] undefined ai hook list-sessions --json CLI is not installed [0ms]
2026-06-10 09:39:05.989 [error]   [CLI  8e → 43c] undefined ai hook list-sessions --json CLI is not installed [0ms]
2026-06-10 09:40:05.990 [error]   [CLI  8e → 43d] undefined ai hook list-sessions --json CLI is not installed [0ms]
2026-06-10 09:41:05.990 [error]   [CLI  8e → 43e] undefined ai hook list-sessions --json CLI is not installed [0ms]
2026-06-10 09:42:05.990 [error]   [CLI  8e → 43f] undefined ai hook list-sessions --json CLI is not installed [0ms]
2026-06-10 09:43:05.991 [error]   [CLI  8e → 440] undefined ai hook list-sessions --json CLI is not installed [0ms]
2026-06-10 09:44:05.992 [error]   [CLI  8e → 441] undefined ai hook list-sessions --json CLI is not installed [0ms]
2026-06-10 09:45:05.992 [error]   [CLI  8e → 448] undefined ai hook list-sessions --json CLI is not installed [0ms]
2026-06-10 09:46:05.993 [error]   [CLI  8e → 449] undefined ai hook list-sessions --json CLI is not installed [0ms]
2026-06-10 09:47:05.994 [error]   [CLI  8e → 44a] undefined ai hook list-sessions --json CLI is not installed [0ms]
2026-06-10 09:48:05.995 [error]   [CLI  8e → 44b] undefined ai hook list-sessions --json CLI is not installed [0ms]
2026-06-10 09:49:05.995 [error]   [CLI  8e → 44c] undefined ai hook list-sessions --json CLI is not installed [0ms]
2026-06-10 09:50:05.995 [error]   [CLI  8e → 44d] undefined ai hook list-sessions --json CLI is not installed [0ms]
2026-06-10 09:51:05.996 [error]   [CLI  8e → 44e] undefined ai hook list-sessions --json CLI is not installed [0ms]
2026-06-10 09:52:05.998 [error]   [CLI  8e → 44f] undefined ai hook list-sessions --json CLI is not installed [0ms]
2026-06-10 09:53:05.998 [error]   [CLI  8e → 450] undefined ai hook list-sessions --json CLI is not installed [0ms]
2026-06-10 09:54:06.000 [error]   [CLI  8e → 451] undefined ai hook list-sessions --json CLI is not installed [0ms]
2026-06-10 09:55:06.000 [error]   [CLI  8e → 452] undefined ai hook list-sessions --json CLI is not installed [0ms]
2026-06-10 09:56:06.001 [error]   [CLI  8e → 453] undefined ai hook list-sessions --json CLI is not installed [0ms]
2026-06-10 09:57:06.001 [error]   [CLI  8e → 454] undefined ai hook list-sessions --json CLI is not installed [0ms]
2026-06-10 09:58:06.001 [error]   [CLI  8e → 455] undefined ai hook list-sessions --json CLI is not installed [0ms]
2026-06-10 09:59:06.003 [error]   [CLI  8e → 456] undefined ai hook list-sessions --json CLI is not installed [0ms]
2026-06-10 10:00:06.004 [error]   [CLI  8e → 457] undefined ai hook list-sessions --json CLI is not installed [0ms]
2026-06-10 10:01:06.004 [error]   [CLI  8e → 458] undefined ai hook list-sessions --json CLI is not installed [0ms]
2026-06-10 10:02:06.005 [error]   [CLI  8e → 459] undefined ai hook list-sessions --json CLI is not installed [0ms]
2026-06-10 10:03:06.006 [error]   [CLI  8e → 45a] undefined ai hook list-sessions --json CLI is not installed [0ms]
2026-06-10 10:04:06.006 [error]   [CLI  8e → 45b] undefined ai hook list-sessions --json CLI is not installed [0ms]
2026-06-10 10:05:06.008 [error]   [CLI  8e → 45c] undefined ai hook list-sessions --json CLI is not installed [0ms]
2026-06-10 10:06:06.008 [error]   [CLI  8e → 45d] undefined ai hook list-sessions --json CLI is not installed [0ms]
2026-06-10 10:07:06.010 [error]   [CLI  8e → 45e] undefined ai hook list-sessions --json CLI is not installed [0ms]
2026-06-10 10:08:06.009 [error]   [CLI  8e → 45f] undefined ai hook list-sessions --json CLI is not installed [0ms]
2026-06-10 10:09:06.009 [error]   [CLI  8e → 460] undefined ai hook list-sessions --json CLI is not installed [0ms]
2026-06-10 10:10:06.009 [error]   [CLI  8e → 461] undefined ai hook list-sessions --json CLI is not installed [0ms]
2026-06-10 10:11:06.011 [error]   [CLI  8e → 462] undefined ai hook list-sessions --json CLI is not installed [0ms]
2026-06-10 10:12:06.011 [error]   [CLI  8e → 463] undefined ai hook list-sessions --json CLI is not installed [0ms]
2026-06-10 10:13:06.012 [error]   [CLI  8e → 464] undefined ai hook list-sessions --json CLI is not installed [0ms]
2026-06-10 10:14:06.013 [error]   [CLI  8e → 465] undefined ai hook list-sessions --json CLI is not installed [0ms]
2026-06-10 10:15:06.014 [error]   [CLI  8e → 466] undefined ai hook list-sessions --json CLI is not installed [0ms]
2026-06-10 10:16:06.014 [error]   [CLI  8e → 467] undefined ai hook list-sessions --json CLI is not installed [0ms]
2026-06-10 10:17:06.016 [error]   [CLI  8e → 468] undefined ai hook list-sessions --json CLI is not installed [0ms]
2026-06-10 10:18:06.017 [error]   [CLI  8e → 469] undefined ai hook list-sessions --json CLI is not installed [0ms]
2026-06-10 10:19:06.017 [error]   [CLI  8e → 46a] undefined ai hook list-sessions --json CLI is not installed [0ms]
2026-06-10 10:20:06.018 [error]   [CLI  8e → 46b] undefined ai hook list-sessions --json CLI is not installed [0ms]
2026-06-10 10:21:06.018 [error]   [CLI  8e → 46c] undefined ai hook list-sessions --json CLI is not installed [0ms]
2026-06-10 10:22:06.018 [error]   [CLI  8e → 46d] undefined ai hook list-sessions --json CLI is not installed [0ms]
2026-06-10 10:23:06.018 [error]   [CLI  8e → 46e] undefined ai hook list-sessions --json CLI is not installed [0ms]
2026-06-10 10:24:06.019 [error]   [CLI  8e → 46f] undefined ai hook list-sessions --json CLI is not installed [0ms]
2026-06-10 10:25:06.019 [error]   [CLI  8e → 470] undefined ai hook list-sessions --json CLI is not installed [0ms]
2026-06-10 10:26:06.019 [error]   [CLI  8e → 471] undefined ai hook list-sessions --json CLI is not installed [0ms]
2026-06-10 10:27:06.021 [error]   [CLI  8e → 472] undefined ai hook list-sessions --json CLI is not installed [0ms]
2026-06-10 10:28:06.020 [error]   [CLI  8e → 473] undefined ai hook list-sessions --json CLI is not installed [0ms]
2026-06-10 10:29:06.021 [error]   [CLI  8e → 474] undefined ai hook list-sessions --json CLI is not installed [0ms]
2026-06-10 10:30:06.022 [error]   [CLI  8e → 475] undefined ai hook list-sessions --json CLI is not installed [0ms]
2026-06-10 10:31:06.023 [error]   [CLI  8e → 476] undefined ai hook list-sessions --json CLI is not installed [0ms]
2026-06-10 10:32:06.025 [error]   [CLI  8e → 477] undefined ai hook list-sessions --json CLI is not installed [0ms]
2026-06-10 10:33:06.026 [error]   [CLI  8e → 478] undefined ai hook list-sessions --json CLI is not installed [0ms]
2026-06-10 10:34:06.028 [error]   [CLI  8e → 479] undefined ai hook list-sessions --json CLI is not installed [0ms]
2026-06-10 10:35:06.027 [error]   [CLI  8e → 47a] undefined ai hook list-sessions --json CLI is not installed [0ms]
2026-06-10 10:36:06.028 [error]   [CLI  8e → 47b] undefined ai hook list-sessions --json CLI is not installed [0ms]
2026-06-10 10:37:06.029 [error]   [CLI  8e → 47c] undefined ai hook list-sessions --json CLI is not installed [0ms]
2026-06-10 10:38:06.031 [error]   [CLI  8e → 47d] undefined ai hook list-sessions --json CLI is not installed [0ms]
2026-06-10 10:39:06.031 [error]   [CLI  8e → 47e] undefined ai hook list-sessions --json CLI is not installed [0ms]
2026-06-10 10:40:06.031 [error]   [CLI  8e → 47f] undefined ai hook list-sessions --json CLI is not installed [0ms]
2026-06-10 10:41:06.030 [error]   [CLI  8e → 480] undefined ai hook list-sessions --json CLI is not installed [0ms]
2026-06-10 10:42:06.031 [error]   [CLI  8e → 481] undefined ai hook list-sessions --json CLI is not installed [0ms]
2026-06-10 10:43:06.032 [error]   [CLI  8e → 482] undefined ai hook list-sessions --json CLI is not installed [0ms]
2026-06-10 10:44:06.032 [error]   [CLI  8e → 483] undefined ai hook list-sessions --json CLI is not installed [0ms]
2026-06-10 10:45:06.033 [error]   [CLI  8e → 484] undefined ai hook list-sessions --json CLI is not installed [0ms]
2026-06-10 10:46:06.034 [error]   [CLI  8e → 485] undefined ai hook list-sessions --json CLI is not installed [0ms]
2026-06-10 10:47:06.034 [error]   [CLI  8e → 486] undefined ai hook list-sessions --json CLI is not installed [0ms]
2026-06-10 10:48:06.038 [error]   [CLI  8e → 487] undefined ai hook list-sessions --json CLI is not installed [0ms]
2026-06-10 10:49:06.037 [error]   [CLI  8e → 488] undefined ai hook list-sessions --json CLI is not installed [0ms]
2026-06-10 10:50:06.038 [error]   [CLI  8e → 489] undefined ai hook list-sessions --json CLI is not installed [0ms]
2026-06-10 10:51:06.038 [error]   [CLI  8e → 48a] undefined ai hook list-sessions --json CLI is not installed [0ms]
2026-06-10 10:52:06.038 [error]   [CLI  8e → 48b] undefined ai hook list-sessions --json CLI is not installed [0ms]
2026-06-10 10:53:06.038 [error]   [CLI  8e → 48c] undefined ai hook list-sessions --json CLI is not installed [0ms]
2026-06-10 10:54:06.038 [error]   [CLI  8e → 48d] undefined ai hook list-sessions --json CLI is not installed [0ms]
2026-06-10 10:55:06.038 [error]   [CLI  8e → 48e] undefined ai hook list-sessions --json CLI is not installed [0ms]
2026-06-10 10:56:06.038 [error]   [CLI  8e → 48f] undefined ai hook list-sessions --json CLI is not installed [0ms]
2026-06-10 10:57:06.037 [error]   [CLI  8e → 490] undefined ai hook list-sessions --json CLI is not installed [0ms]
2026-06-10 10:58:06.038 [error]   [CLI  8e → 491] undefined ai hook list-sessions --json CLI is not installed [0ms]
2026-06-10 10:59:06.038 [error]   [CLI  8e → 492] undefined ai hook list-sessions --json CLI is not installed [0ms]
2026-06-10 11:00:06.040 [error]   [CLI  8e → 493] undefined ai hook list-sessions --json CLI is not installed [0ms]
2026-06-10 11:01:06.040 [error]   [CLI  8e → 494] undefined ai hook list-sessions --json CLI is not installed [0ms]
2026-06-10 11:02:06.040 [error]   [CLI  8e → 495] undefined ai hook list-sessions --json CLI is not installed [0ms]
2026-06-10 11:03:06.042 [error]   [CLI  8e → 496] undefined ai hook list-sessions --json CLI is not installed [0ms]
2026-06-10 11:04:06.043 [error]   [CLI  8e → 497] undefined ai hook list-sessions --json CLI is not installed [0ms]
2026-06-10 11:05:06.045 [error]   [CLI  8e → 498] undefined ai hook list-sessions --json CLI is not installed [0ms]
2026-06-10 11:06:06.045 [error]   [CLI  8e → 499] undefined ai hook list-sessions --json CLI is not installed [0ms]
2026-06-10 11:07:06.046 [error]   [CLI  8e → 49a] undefined ai hook list-sessions --json CLI is not installed [0ms]
2026-06-10 11:08:06.047 [error]   [CLI  8e → 49b] undefined ai hook list-sessions --json CLI is not installed [0ms]
2026-06-10 11:09:06.047 [error]   [CLI  8e → 49c] undefined ai hook list-sessions --json CLI is not installed [0ms]
2026-06-10 11:10:06.049 [error]   [CLI  8e → 49d] undefined ai hook list-sessions --json CLI is not installed [0ms]
2026-06-10 11:11:06.049 [error]   [CLI  8e → 49e] undefined ai hook list-sessions --json CLI is not installed [0ms]
2026-06-10 11:12:06.051 [error]   [CLI  8e → 49f] undefined ai hook list-sessions --json CLI is not installed [0ms]
2026-06-10 11:13:06.051 [error]   [CLI  8e → 4a0] undefined ai hook list-sessions --json CLI is not installed [0ms]
2026-06-10 11:14:06.051 [error]   [CLI  8e → 4a1] undefined ai hook list-sessions --json CLI is not installed [0ms]
2026-06-10 11:15:06.051 [error]   [CLI  8e → 4a2] undefined ai hook list-sessions --json CLI is not installed [0ms]
2026-06-10 11:16:06.052 [error]   [CLI  8e → 4a3] undefined ai hook list-sessions --json CLI is not installed [0ms]
2026-06-10 11:17:06.053 [error]   [CLI  8e → 4a4] undefined ai hook list-sessions --json CLI is not installed [0ms]
2026-06-10 11:18:06.054 [error]   [CLI  8e → 4a5] undefined ai hook list-sessions --json CLI is not installed [0ms]
2026-06-10 11:19:06.055 [error]   [CLI  8e → 4a6] undefined ai hook list-sessions --json CLI is not installed [0ms]
2026-06-10 11:20:06.055 [error]   [CLI  8e → 4a7] undefined ai hook list-sessions --json CLI is not installed [0ms]
2026-06-10 11:21:06.056 [error]   [CLI  8e → 4a8] undefined ai hook list-sessions --json CLI is not installed [0ms]
2026-06-10 11:22:06.057 [error]   [CLI  8e → 4a9] undefined ai hook list-sessions --json CLI is not installed [0ms]
2026-06-10 11:23:06.057 [error]   [CLI  8e → 4aa] undefined ai hook list-sessions --json CLI is not installed [0ms]
2026-06-10 11:24:06.058 [error]   [CLI  8e → 4ab] undefined ai hook list-sessions --json CLI is not installed [0ms]
2026-06-10 11:25:06.058 [error]   [CLI  8e → 4ac] undefined ai hook list-sessions --json CLI is not installed [0ms]
2026-06-10 11:26:06.058 [error]   [CLI  8e → 4ad] undefined ai hook list-sessions --json CLI is not installed [0ms]
2026-06-10 11:27:06.060 [error]   [CLI  8e → 4ae] undefined ai hook list-sessions --json CLI is not installed [0ms]
2026-06-10 11:28:06.062 [error]   [CLI  8e → 4af] undefined ai hook list-sessions --json CLI is not installed [0ms]
2026-06-10 11:29:06.063 [error]   [CLI  8e → 4b0] undefined ai hook list-sessions --json CLI is not installed [0ms]
2026-06-10 11:30:06.063 [error]   [CLI  8e → 4b1] undefined ai hook list-sessions --json CLI is not installed [0ms]
2026-06-10 11:31:06.064 [error]   [CLI  8e → 4b2] undefined ai hook list-sessions --json CLI is not installed [0ms]
2026-06-10 11:32:06.067 [error]   [CLI  8e → 4b3] undefined ai hook list-sessions --json CLI is not installed [0ms]
2026-06-10 11:33:06.066 [error]   [CLI  8e → 4b4] undefined ai hook list-sessions --json CLI is not installed [0ms]
2026-06-10 11:34:06.067 [error]   [CLI  8e → 4b5] undefined ai hook list-sessions --json CLI is not installed [0ms]
2026-06-10 11:35:06.067 [error]   [CLI  8e → 4b6] undefined ai hook list-sessions --json CLI is not installed [0ms]
2026-06-10 11:36:06.068 [error]   [CLI  8e → 4b7] undefined ai hook list-sessions --json CLI is not installed [0ms]
2026-06-10 11:37:06.069 [error]   [CLI  8e → 4b8] undefined ai hook list-sessions --json CLI is not installed [0ms]
2026-06-10 11:38:06.070 [error]   [CLI  8e → 4b9] undefined ai hook list-sessions --json CLI is not installed [0ms]
2026-06-10 11:39:06.071 [error]   [CLI  8e → 4ba] undefined ai hook list-sessions --json CLI is not installed [0ms]
2026-06-10 11:40:06.071 [error]   [CLI  8e → 4bb] undefined ai hook list-sessions --json CLI is not installed [0ms]
2026-06-10 11:41:06.072 [error]   [CLI  8e → 4bc] undefined ai hook list-sessions --json CLI is not installed [0ms]
2026-06-10 11:42:06.072 [error]   [CLI  8e → 4bd] undefined ai hook list-sessions --json CLI is not installed [0ms]
2026-06-10 11:43:06.072 [error]   [CLI  8e → 4be] undefined ai hook list-sessions --json CLI is not installed [0ms]
2026-06-10 11:44:06.074 [error]   [CLI  8e → 4bf] undefined ai hook list-sessions --json CLI is not installed [0ms]
2026-06-10 11:45:06.075 [error]   [CLI  8e → 4c0] undefined ai hook list-sessions --json CLI is not installed [0ms]
2026-06-10 11:46:06.075 [error]   [CLI  8e → 4c1] undefined ai hook list-sessions --json CLI is not installed [0ms]
2026-06-10 11:47:06.076 [error]   [CLI  8e → 4c2] undefined ai hook list-sessions --json CLI is not installed [0ms]
2026-06-10 11:48:06.076 [error]   [CLI  8e → 4c3] undefined ai hook list-sessions --json CLI is not installed [0ms]
2026-06-10 11:49:06.077 [error]   [CLI  8e → 4c4] undefined ai hook list-sessions --json CLI is not installed [0ms]
2026-06-10 11:50:06.077 [error]   [CLI  8e → 4c5] undefined ai hook list-sessions --json CLI is not installed [0ms]
2026-06-10 11:51:06.078 [error]   [CLI  8e → 4c6] undefined ai hook list-sessions --json CLI is not installed [0ms]
2026-06-10 11:52:06.078 [error]   [CLI  8e → 4c7] undefined ai hook list-sessions --json CLI is not installed [0ms]
2026-06-10 11:53:06.079 [error]   [CLI  8e → 4c8] undefined ai hook list-sessions --json CLI is not installed [0ms]
2026-06-10 11:54:06.079 [error]   [CLI  8e → 4c9] undefined ai hook list-sessions --json CLI is not installed [0ms]
2026-06-10 11:55:06.079 [error]   [CLI  8e → 4ca] undefined ai hook list-sessions --json CLI is not installed [0ms]
2026-06-10 11:56:06.079 [error]   [CLI  8e → 4cb] undefined ai hook list-sessions --json CLI is not installed [0ms]
2026-06-10 11:57:06.080 [error]   [CLI  8e → 4cc] undefined ai hook list-sessions --json CLI is not installed [0ms]
2026-06-10 11:58:06.080 [error]   [CLI  8e → 4cd] undefined ai hook list-sessions --json CLI is not installed [0ms]
2026-06-10 11:59:06.081 [error]   [CLI  8e → 4ce] undefined ai hook list-sessions --json CLI is not installed [0ms]
2026-06-10 12:00:06.082 [error]   [CLI  8e → 4cf] undefined ai hook list-sessions --json CLI is not installed [0ms]
2026-06-10 12:01:06.082 [error]   [CLI  8e → 4d0] undefined ai hook list-sessions --json CLI is not installed [0ms]
2026-06-10 12:02:06.083 [error]   [CLI  8e → 4d1] undefined ai hook list-sessions --json CLI is not installed [0ms]
2026-06-10 12:03:06.083 [error]   [CLI  8e → 4d2] undefined ai hook list-sessions --json CLI is not installed [0ms]
2026-06-10 12:04:06.083 [error]   [CLI  8e → 4d3] undefined ai hook list-sessions --json CLI is not installed [0ms]
2026-06-10 12:05:06.082 [error]   [CLI  8e → 4d4] undefined ai hook list-sessions --json CLI is not installed [0ms]
2026-06-10 12:06:06.084 [error]   [CLI  8e → 4d5] undefined ai hook list-sessions --json CLI is not installed [0ms]
2026-06-10 12:07:06.085 [error]   [CLI  8e → 4d6] undefined ai hook list-sessions --json CLI is not installed [0ms]
2026-06-10 12:08:06.085 [error]   [CLI  8e → 4d7] undefined ai hook list-sessions --json CLI is not installed [0ms]
2026-06-10 12:09:06.086 [error]   [CLI  8e → 4d8] undefined ai hook list-sessions --json CLI is not installed [0ms]
2026-06-10 12:10:06.087 [error]   [CLI  8e → 4d9] undefined ai hook list-sessions --json CLI is not installed [0ms]
2026-06-10 12:11:06.087 [error]   [CLI  8e → 4da] undefined ai hook list-sessions --json CLI is not installed [0ms]
2026-06-10 12:12:06.087 [error]   [CLI  8e → 4db] undefined ai hook list-sessions --json CLI is not installed [0ms]
2026-06-10 12:13:06.086 [error]   [CLI  8e → 4dc] undefined ai hook list-sessions --json CLI is not installed [0ms]
2026-06-10 12:14:06.087 [error]   [CLI  8e → 4dd] undefined ai hook list-sessions --json CLI is not installed [0ms]
2026-06-10 12:15:06.089 [error]   [CLI  8e → 4de] undefined ai hook list-sessions --json CLI is not installed [0ms]
2026-06-10 12:16:06.089 [error]   [CLI  8e → 4df] undefined ai hook list-sessions --json CLI is not installed [0ms]
2026-06-10 12:17:06.089 [error]   [CLI  8e → 4e0] undefined ai hook list-sessions --json CLI is not installed [0ms]
2026-06-10 12:18:06.090 [error]   [CLI  8e → 4e1] undefined ai hook list-sessions --json CLI is not installed [0ms]
2026-06-10 12:19:06.091 [error]   [CLI  8e → 4e2] undefined ai hook list-sessions --json CLI is not installed [0ms]
2026-06-10 12:20:06.092 [error]   [CLI  8e → 4e3] undefined ai hook list-sessions --json CLI is not installed [0ms]
2026-06-10 12:21:06.092 [error]   [CLI  8e → 4e4] undefined ai hook list-sessions --json CLI is not installed [0ms]
2026-06-10 12:22:06.094 [error]   [CLI  8e → 4e5] undefined ai hook list-sessions --json CLI is not installed [0ms]
2026-06-10 12:23:06.093 [error]   [CLI  8e → 4e6] undefined ai hook list-sessions --json CLI is not installed [0ms]
2026-06-10 12:24:06.094 [error]   [CLI  8e → 4e7] undefined ai hook list-sessions --json CLI is not installed [0ms]
2026-06-10 12:25:06.094 [error]   [CLI  8e → 4e8] undefined ai hook list-sessions --json CLI is not installed [0ms]
2026-06-10 12:26:06.095 [error]   [CLI  8e → 4e9] undefined ai hook list-sessions --json CLI is not installed [0ms]
2026-06-10 12:27:06.095 [error]   [CLI  8e → 4ea] undefined ai hook list-sessions --json CLI is not installed [0ms]
2026-06-10 12:28:06.095 [error]   [CLI  8e → 4eb] undefined ai hook list-sessions --json CLI is not installed [0ms]
2026-06-10 12:29:06.097 [error]   [CLI  8e → 4ec] undefined ai hook list-sessions --json CLI is not installed [0ms]
2026-06-10 12:30:06.096 [error]   [CLI  8e → 4ed] undefined ai hook list-sessions --json CLI is not installed [0ms]
2026-06-10 12:31:06.097 [error]   [CLI  8e → 4ee] undefined ai hook list-sessions --json CLI is not installed [0ms]
2026-06-10 12:32:06.099 [error]   [CLI  8e → 4ef] undefined ai hook list-sessions --json CLI is not installed [0ms]
2026-06-10 12:33:06.100 [error]   [CLI  8e → 4f0] undefined ai hook list-sessions --json CLI is not installed [0ms]
2026-06-10 12:34:06.101 [error]   [CLI  8e → 4f1] undefined ai hook list-sessions --json CLI is not installed [0ms]
2026-06-10 12:35:06.101 [error]   [CLI  8e → 4f2] undefined ai hook list-sessions --json CLI is not installed [0ms]
2026-06-10 12:36:06.100 [error]   [CLI  8e → 4f3] undefined ai hook list-sessions --json CLI is not installed [0ms]
2026-06-10 12:37:06.101 [error]   [CLI  8e → 4f4] undefined ai hook list-sessions --json CLI is not installed [0ms]
2026-06-10 12:38:06.102 [error]   [CLI  8e → 4f5] undefined ai hook list-sessions --json CLI is not installed [0ms]
2026-06-10 12:39:06.101 [error]   [CLI  8e → 4f6] undefined ai hook list-sessions --json CLI is not installed [0ms]
2026-06-10 12:40:06.103 [error]   [CLI  8e → 4f7] undefined ai hook list-sessions --json CLI is not installed [0ms]
2026-06-10 12:41:06.103 [error]   [CLI  8e → 4f8] undefined ai hook list-sessions --json CLI is not installed [0ms]
2026-06-10 12:42:06.103 [error]   [CLI  8e → 4f9] undefined ai hook list-sessions --json CLI is not installed [0ms]
2026-06-10 12:43:06.103 [error]   [CLI  8e → 4fa] undefined ai hook list-sessions --json CLI is not installed [0ms]
2026-06-10 12:44:06.105 [error]   [CLI  8e → 4fb] undefined ai hook list-sessions --json CLI is not installed [0ms]
2026-06-10 12:45:06.104 [error]   [CLI  8e → 4fc] undefined ai hook list-sessions --json CLI is not installed [0ms]
2026-06-10 12:46:06.104 [error]   [CLI  8e → 4fd] undefined ai hook list-sessions --json CLI is not installed [0ms]
2026-06-10 12:47:06.106 [error]   [CLI  8e → 4fe] undefined ai hook list-sessions --json CLI is not installed [0ms]
2026-06-10 12:48:06.106 [error]   [CLI  8e → 4ff] undefined ai hook list-sessions --json CLI is not installed [0ms]
2026-06-10 12:49:06.106 [error]   [CLI  8e → 500] undefined ai hook list-sessions --json CLI is not installed [0ms]
2026-06-10 12:50:06.106 [error]   [CLI  8e → 501] undefined ai hook list-sessions --json CLI is not installed [0ms]
2026-06-10 12:51:06.107 [error]   [CLI  8e → 502] undefined ai hook list-sessions --json CLI is not installed [0ms]
2026-06-10 12:52:06.107 [error]   [CLI  8e → 503] undefined ai hook list-sessions --json CLI is not installed [0ms]
2026-06-10 12:53:06.107 [error]   [CLI  8e → 504] undefined ai hook list-sessions --json CLI is not installed [0ms]
2026-06-10 12:54:06.107 [error]   [CLI  8e → 505] undefined ai hook list-sessions --json CLI is not installed [0ms]
2026-06-10 12:55:06.109 [error]   [CLI  8e → 506] undefined ai hook list-sessions --json CLI is not installed [0ms]
2026-06-10 12:56:06.109 [error]   [CLI  8e → 507] undefined ai hook list-sessions --json CLI is not installed [0ms]
2026-06-10 12:57:06.110 [error]   [CLI  8e → 508] undefined ai hook list-sessions --json CLI is not installed [0ms]
2026-06-10 12:58:06.110 [error]   [CLI  8e → 509] undefined ai hook list-sessions --json CLI is not installed [0ms]
2026-06-10 12:59:06.111 [error]   [CLI  8e → 50a] undefined ai hook list-sessions --json CLI is not installed [0ms]
2026-06-10 13:00:06.111 [error]   [CLI  8e → 50b] undefined ai hook list-sessions --json CLI is not installed [0ms]
2026-06-10 13:01:06.111 [error]   [CLI  8e → 50c] undefined ai hook list-sessions --json CLI is not installed [0ms]
2026-06-10 13:02:06.116 [error]   [CLI  8e → 50d] undefined ai hook list-sessions --json CLI is not installed [0ms]
2026-06-10 13:03:06.117 [error]   [CLI  8e → 50e] undefined ai hook list-sessions --json CLI is not installed [0ms]
2026-06-10 13:04:06.118 [error]   [CLI  8e → 50f] undefined ai hook list-sessions --json CLI is not installed [0ms]
2026-06-10 13:05:06.118 [error]   [CLI  8e → 510] undefined ai hook list-sessions --json CLI is not installed [0ms]
2026-06-10 13:06:06.118 [error]   [CLI  8e → 511] undefined ai hook list-sessions --json CLI is not installed [0ms]
2026-06-10 13:07:06.118 [error]   [CLI  8e → 512] undefined ai hook list-sessions --json CLI is not installed [0ms]
2026-06-10 13:08:06.118 [error]   [CLI  8e → 513] undefined ai hook list-sessions --json CLI is not installed [0ms]
2026-06-10 13:09:06.119 [error]   [CLI  8e → 514] undefined ai hook list-sessions --json CLI is not installed [0ms]
2026-06-10 13:10:06.122 [error]   [CLI  8e → 515] undefined ai hook list-sessions --json CLI is not installed [0ms]
2026-06-10 13:11:06.122 [error]   [CLI  8e → 516] undefined ai hook list-sessions --json CLI is not installed [0ms]
2026-06-10 13:12:06.123 [error]   [CLI  8e → 517] undefined ai hook list-sessions --json CLI is not installed [0ms]
2026-06-10 13:13:06.124 [error]   [CLI  8e → 518] undefined ai hook list-sessions --json CLI is not installed [0ms]
2026-06-10 13:14:06.124 [error]   [CLI  8e → 519] undefined ai hook list-sessions --json CLI is not installed [0ms]
2026-06-10 13:15:06.124 [error]   [CLI  8e → 51a] undefined ai hook list-sessions --json CLI is not installed [0ms]
2026-06-10 13:16:06.124 [error]   [CLI  8e → 51b] undefined ai hook list-sessions --json CLI is not installed [0ms]
2026-06-10 13:17:06.126 [error]   [CLI  8e → 51c] undefined ai hook list-sessions --json CLI is not installed [0ms]
2026-06-10 13:18:06.126 [error]   [CLI  8e → 51d] undefined ai hook list-sessions --json CLI is not installed [0ms]
2026-06-10 13:19:06.126 [error]   [CLI  8e → 51e] undefined ai hook list-sessions --json CLI is not installed [0ms]
2026-06-10 13:20:06.127 [error]   [CLI  8e → 51f] undefined ai hook list-sessions --json CLI is not installed [0ms]
2026-06-10 13:21:06.127 [error]   [CLI  8e → 520] undefined ai hook list-sessions --json CLI is not installed [0ms]
2026-06-10 13:22:06.128 [error]   [CLI  8e → 521] undefined ai hook list-sessions --json CLI is not installed [0ms]
2026-06-10 13:23:06.129 [error]   [CLI  8e → 522] undefined ai hook list-sessions --json CLI is not installed [0ms]
2026-06-10 13:24:06.130 [error]   [CLI  8e → 523] undefined ai hook list-sessions --json CLI is not installed [0ms]
2026-06-10 13:25:06.129 [error]   [CLI  8e → 524] undefined ai hook list-sessions --json CLI is not installed [0ms]
2026-06-10 13:26:06.129 [error]   [CLI  8e → 525] undefined ai hook list-sessions --json CLI is not installed [0ms]
2026-06-10 13:27:06.130 [error]   [CLI  8e → 526] undefined ai hook list-sessions --json CLI is not installed [0ms]
2026-06-10 13:28:06.130 [error]   [CLI  8e → 527] undefined ai hook list-sessions --json CLI is not installed [0ms]
2026-06-10 13:29:06.131 [error]   [CLI  8e → 528] undefined ai hook list-sessions --json CLI is not installed [0ms]
2026-06-10 13:30:06.131 [error]   [CLI  8e → 529] undefined ai hook list-sessions --json CLI is not installed [0ms]
2026-06-10 13:31:06.131 [error]   [CLI  8e → 52a] undefined ai hook list-sessions --json CLI is not installed [0ms]
2026-06-10 13:32:06.132 [error]   [CLI  8e → 52b] undefined ai hook list-sessions --json CLI is not installed [0ms]
2026-06-10 13:33:06.133 [error]   [CLI  8e → 52c] undefined ai hook list-sessions --json CLI is not installed [0ms]
2026-06-10 13:34:06.135 [error]   [CLI  8e → 52d] undefined ai hook list-sessions --json CLI is not installed [0ms]
2026-06-10 13:35:06.135 [error]   [CLI  8e → 52e] undefined ai hook list-sessions --json CLI is not installed [0ms]
2026-06-10 13:36:06.135 [error]   [CLI  8e → 52f] undefined ai hook list-sessions --json CLI is not installed [0ms]
2026-06-10 13:37:06.135 [error]   [CLI  8e → 530] undefined ai hook list-sessions --json CLI is not installed [0ms]
2026-06-10 13:38:06.135 [error]   [CLI  8e → 531] undefined ai hook list-sessions --json CLI is not installed [0ms]
2026-06-10 13:39:06.135 [error]   [CLI  8e → 532] undefined ai hook list-sessions --json CLI is not installed [0ms]
2026-06-10 13:40:06.136 [error]   [CLI  8e → 533] undefined ai hook list-sessions --json CLI is not installed [0ms]
2026-06-10 13:41:06.136 [error]   [CLI  8e → 534] undefined ai hook list-sessions --json CLI is not installed [0ms]
2026-06-10 13:42:06.136 [error]   [CLI  8e → 535] undefined ai hook list-sessions --json CLI is not installed [0ms]
2026-06-10 13:43:06.136 [error]   [CLI  8e → 536] undefined ai hook list-sessions --json CLI is not installed [0ms]
2026-06-10 13:44:06.136 [error]   [CLI  8e → 537] undefined ai hook list-sessions --json CLI is not installed [0ms]
2026-06-10 13:45:06.136 [error]   [CLI  8e → 538] undefined ai hook list-sessions --json CLI is not installed [0ms]
2026-06-10 13:46:06.137 [error]   [CLI  8e → 539] undefined ai hook list-sessions --json CLI is not installed [0ms]
2026-06-10 13:47:06.137 [error]   [CLI  8e → 53a] undefined ai hook list-sessions --json CLI is not installed [0ms]
2026-06-10 13:48:06.137 [error]   [CLI  8e → 53b] undefined ai hook list-sessions --json CLI is not installed [0ms]
2026-06-10 13:49:06.138 [error]   [CLI  8e → 53c] undefined ai hook list-sessions --json CLI is not installed [0ms]
2026-06-10 13:50:06.137 [error]   [CLI  8e → 53d] undefined ai hook list-sessions --json CLI is not installed [0ms]
2026-06-10 13:51:06.138 [error]   [CLI  8e → 53e] undefined ai hook list-sessions --json CLI is not installed [0ms]
2026-06-10 13:52:06.138 [error]   [CLI  8e → 53f] undefined ai hook list-sessions --json CLI is not installed [0ms]
2026-06-10 13:53:06.138 [error]   [CLI  8e → 540] undefined ai hook list-sessions --json CLI is not installed [0ms]
2026-06-10 13:54:06.138 [error]   [CLI  8e → 541] undefined ai hook list-sessions --json CLI is not installed [0ms]
2026-06-10 13:55:06.138 [error]   [CLI  8e → 542] undefined ai hook list-sessions --json CLI is not installed [0ms]
2026-06-10 13:56:06.138 [error]   [CLI  8e → 543] undefined ai hook list-sessions --json CLI is not installed [0ms]
2026-06-10 13:57:06.139 [error]   [CLI  8e → 544] undefined ai hook list-sessions --json CLI is not installed [0ms]
2026-06-10 13:58:06.140 [error]   [CLI  8e → 545] undefined ai hook list-sessions --json CLI is not installed [0ms]
2026-06-10 13:59:06.140 [error]   [CLI  8e → 546] undefined ai hook list-sessions --json CLI is not installed [0ms]
2026-06-10 14:00:06.140 [error]   [CLI  8e → 547] undefined ai hook list-sessions --json CLI is not installed [0ms]
2026-06-10 14:01:06.142 [error]   [CLI  8e → 548] undefined ai hook list-sessions --json CLI is not installed [0ms]
2026-06-10 14:02:06.141 [error]   [CLI  8e → 549] undefined ai hook list-sessions --json CLI is not installed [0ms]
2026-06-10 14:03:06.142 [error]   [CLI  8e → 54a] undefined ai hook list-sessions --json CLI is not installed [0ms]
2026-06-10 14:04:06.142 [error]   [CLI  8e → 54b] undefined ai hook list-sessions --json CLI is not installed [0ms]
2026-06-10 14:05:06.142 [error]   [CLI  8e → 54c] undefined ai hook list-sessions --json CLI is not installed [0ms]
2026-06-10 14:06:06.142 [error]   [CLI  8e → 54d] undefined ai hook list-sessions --json CLI is not installed [0ms]
2026-06-10 14:07:06.142 [error]   [CLI  8e → 54e] undefined ai hook list-sessions --json CLI is not installed [0ms]
2026-06-10 14:08:06.142 [error]   [CLI  8e → 54f] undefined ai hook list-sessions --json CLI is not installed [0ms]
2026-06-10 14:09:06.142 [error]   [CLI  8e → 550] undefined ai hook list-sessions --json CLI is not installed [0ms]
2026-06-10 14:10:06.142 [error]   [CLI  8e → 551] undefined ai hook list-sessions --json CLI is not installed [0ms]
2026-06-10 14:11:06.143 [error]   [CLI  8e → 552] undefined ai hook list-sessions --json CLI is not installed [0ms]
2026-06-10 14:12:06.143 [error]   [CLI  8e → 553] undefined ai hook list-sessions --json CLI is not installed [0ms]
2026-06-10 14:13:06.142 [error]   [CLI  8e → 554] undefined ai hook list-sessions --json CLI is not installed [0ms]
2026-06-10 14:14:06.143 [error]   [CLI  8e → 555] undefined ai hook list-sessions --json CLI is not installed [0ms]
2026-06-10 14:15:06.144 [error]   [CLI  8e → 556] undefined ai hook list-sessions --json CLI is not installed [0ms]
2026-06-10 14:16:06.145 [error]   [CLI  8e → 557] undefined ai hook list-sessions --json CLI is not installed [0ms]
2026-06-10 14:17:06.146 [error]   [CLI  8e → 558] undefined ai hook list-sessions --json CLI is not installed [0ms]
2026-06-10 14:18:06.146 [error]   [CLI  8e → 559] undefined ai hook list-sessions --json CLI is not installed [0ms]
2026-06-10 14:19:06.146 [error]   [CLI  8e → 55a] undefined ai hook list-sessions --json CLI is not installed [0ms]
2026-06-10 14:20:06.147 [error]   [CLI  8e → 55b] undefined ai hook list-sessions --json CLI is not installed [0ms]
2026-06-10 14:21:06.148 [error]   [CLI  8e → 55c] undefined ai hook list-sessions --json CLI is not installed [0ms]
2026-06-10 14:22:06.148 [error]   [CLI  8e → 55d] undefined ai hook list-sessions --json CLI is not installed [0ms]
2026-06-10 14:23:06.148 [error]   [CLI  8e → 55e] undefined ai hook list-sessions --json CLI is not installed [0ms]
2026-06-10 14:24:06.147 [error]   [CLI  8e → 55f] undefined ai hook list-sessions --json CLI is not installed [0ms]
2026-06-10 14:25:06.147 [error]   [CLI  8e → 560] undefined ai hook list-sessions --json CLI is not installed [0ms]
2026-06-10 14:26:06.148 [error]   [CLI  8e → 561] undefined ai hook list-sessions --json CLI is not installed [0ms]
2026-06-10 14:27:06.149 [error]   [CLI  8e → 562] undefined ai hook list-sessions --json CLI is not installed [0ms]
2026-06-10 14:28:06.149 [error]   [CLI  8e → 563] undefined ai hook list-sessions --json CLI is not installed [0ms]
2026-06-10 14:29:06.149 [error]   [CLI  8e → 564] undefined ai hook list-sessions --json CLI is not installed [0ms]
2026-06-10 14:30:06.151 [error]   [CLI  8e → 565] undefined ai hook list-sessions --json CLI is not installed [0ms]
2026-06-10 14:31:06.150 [error]   [CLI  8e → 566] undefined ai hook list-sessions --json CLI is not installed [0ms]
2026-06-10 14:32:06.150 [error]   [CLI  8e → 567] undefined ai hook list-sessions --json CLI is not installed [0ms]
2026-06-10 14:33:06.151 [error]   [CLI  8e → 568] undefined ai hook list-sessions --json CLI is not installed [0ms]
2026-06-10 14:34:06.151 [error]   [CLI  8e → 569] undefined ai hook list-sessions --json CLI is not installed [0ms]
2026-06-10 14:35:06.151 [error]   [CLI  8e → 56a] undefined ai hook list-sessions --json CLI is not installed [0ms]
2026-06-10 14:36:06.152 [error]   [CLI  8e → 56b] undefined ai hook list-sessions --json CLI is not installed [0ms]
2026-06-10 14:37:06.154 [error]   [CLI  8e → 56c] undefined ai hook list-sessions --json CLI is not installed [0ms]
2026-06-10 14:38:06.155 [error]   [CLI  8e → 56d] undefined ai hook list-sessions --json CLI is not installed [0ms]
2026-06-10 14:39:06.155 [error]   [CLI  8e → 56e] undefined ai hook list-sessions --json CLI is not installed [0ms]
2026-06-10 14:40:06.155 [error]   [CLI  8e → 56f] undefined ai hook list-sessions --json CLI is not installed [0ms]
2026-06-10 14:41:06.156 [error]   [CLI  8e → 570] undefined ai hook list-sessions --json CLI is not installed [0ms]
2026-06-10 14:42:06.157 [error]   [CLI  8e → 571] undefined ai hook list-sessions --json CLI is not installed [0ms]
2026-06-10 14:43:06.157 [error]   [CLI  8e → 572] undefined ai hook list-sessions --json CLI is not installed [0ms]
2026-06-10 14:44:06.158 [error]   [CLI  8e → 573] undefined ai hook list-sessions --json CLI is not installed [0ms]
2026-06-10 14:45:06.158 [error]   [CLI  8e → 574] undefined ai hook list-sessions --json CLI is not installed [0ms]
2026-06-10 14:46:06.158 [error]   [CLI  8e → 575] undefined ai hook list-sessions --json CLI is not installed [0ms]
2026-06-10 14:47:06.159 [error]   [CLI  8e → 576] undefined ai hook list-sessions --json CLI is not installed [0ms]
2026-06-10 14:48:06.160 [error]   [CLI  8e → 577] undefined ai hook list-sessions --json CLI is not installed [0ms]
2026-06-10 14:49:06.159 [error]   [CLI  8e → 578] undefined ai hook list-sessions --json CLI is not installed [0ms]
2026-06-10 14:50:06.159 [error]   [CLI  8e → 579] undefined ai hook list-sessions --json CLI is not installed [0ms]
2026-06-10 14:51:06.159 [error]   [CLI  8e → 57a] undefined ai hook list-sessions --json CLI is not installed [0ms]
2026-06-10 14:52:06.159 [error]   [CLI  8e → 57b] undefined ai hook list-sessions --json CLI is not installed [0ms]
2026-06-10 14:53:06.159 [error]   [CLI  8e → 57c] undefined ai hook list-sessions --json CLI is not installed [0ms]
2026-06-10 14:54:06.160 [error]   [CLI  8e → 57d] undefined ai hook list-sessions --json CLI is not installed [0ms]
2026-06-10 14:55:06.160 [error]   [CLI  8e → 57e] undefined ai hook list-sessions --json CLI is not installed [0ms]
2026-06-10 14:56:06.161 [error]   [CLI  8e → 57f] undefined ai hook list-sessions --json CLI is not installed [0ms]
2026-06-10 14:57:06.161 [error]   [CLI  8e → 580] undefined ai hook list-sessions --json CLI is not installed [0ms]
2026-06-10 14:58:06.162 [error]   [CLI  8e → 581] undefined ai hook list-sessions --json CLI is not installed [0ms]
2026-06-10 14:59:06.161 [error]   [CLI  8e → 582] undefined ai hook list-sessions --json CLI is not installed [0ms]
2026-06-10 15:00:06.161 [error]   [CLI  8e → 583] undefined ai hook list-sessions --json CLI is not installed [0ms]
2026-06-10 15:01:06.164 [error]   [CLI  8e → 584] undefined ai hook list-sessions --json CLI is not installed [0ms]
2026-06-10 15:02:06.164 [error]   [CLI  8e → 585] undefined ai hook list-sessions --json CLI is not installed [0ms]
2026-06-10 15:03:06.164 [error]   [CLI  8e → 586] undefined ai hook list-sessions --json CLI is not installed [0ms]
2026-06-10 15:04:06.163 [error]   [CLI  8e → 587] undefined ai hook list-sessions --json CLI is not installed [0ms]
2026-06-10 15:05:06.166 [error]   [CLI  8e → 588] undefined ai hook list-sessions --json CLI is not installed [0ms]
2026-06-10 15:06:06.165 [error]   [CLI  8e → 589] undefined ai hook list-sessions --json CLI is not installed [0ms]
2026-06-10 15:07:06.166 [error]   [CLI  8e → 58a] undefined ai hook list-sessions --json CLI is not installed [0ms]
2026-06-10 15:08:06.166 [error]   [CLI  8e → 58b] undefined ai hook list-sessions --json CLI is not installed [0ms]
2026-06-10 15:09:06.166 [error]   [CLI  8e → 58c] undefined ai hook list-sessions --json CLI is not installed [0ms]
2026-06-10 15:10:06.166 [error]   [CLI  8e → 58d] undefined ai hook list-sessions --json CLI is not installed [0ms]
2026-06-10 15:11:06.166 [error]   [CLI  8e → 58e] undefined ai hook list-sessions --json CLI is not installed [0ms]
2026-06-10 15:12:06.166 [error]   [CLI  8e → 58f] undefined ai hook list-sessions --json CLI is not installed [0ms]
2026-06-10 15:13:06.166 [error]   [CLI  8e → 590] undefined ai hook list-sessions --json CLI is not installed [0ms]
2026-06-10 15:14:06.167 [error]   [CLI  8e → 591] undefined ai hook list-sessions --json CLI is not installed [0ms]
2026-06-10 15:15:06.168 [error]   [CLI  8e → 592] undefined ai hook list-sessions --json CLI is not installed [0ms]
2026-06-10 15:16:06.168 [error]   [CLI  8e → 593] undefined ai hook list-sessions --json CLI is not installed [0ms]
2026-06-10 15:17:06.168 [error]   [CLI  8e → 594] undefined ai hook list-sessions --json CLI is not installed [0ms]
2026-06-10 15:18:06.168 [error]   [CLI  8e → 595] undefined ai hook list-sessions --json CLI is not installed [0ms]
2026-06-10 15:19:06.168 [error]   [CLI  8e → 596] undefined ai hook list-sessions --json CLI is not installed [0ms]
2026-06-10 15:20:06.169 [error]   [CLI  8e → 597] undefined ai hook list-sessions --json CLI is not installed [0ms]
2026-06-10 15:21:06.169 [error]   [CLI  8e → 598] undefined ai hook list-sessions --json CLI is not installed [0ms]
2026-06-10 15:22:06.171 [error]   [CLI  8e → 599] undefined ai hook list-sessions --json CLI is not installed [0ms]
2026-06-10 15:23:06.173 [error]   [CLI  8e → 59a] undefined ai hook list-sessions --json CLI is not installed [0ms]
2026-06-10 15:24:06.173 [error]   [CLI  8e → 59b] undefined ai hook list-sessions --json CLI is not installed [0ms]
2026-06-10 15:25:06.173 [error]   [CLI  8e → 59c] undefined ai hook list-sessions --json CLI is not installed [0ms]
2026-06-10 15:26:06.175 [error]   [CLI  8e → 59d] undefined ai hook list-sessions --json CLI is not installed [0ms]
2026-06-10 15:27:06.175 [error]   [CLI  8e → 59e] undefined ai hook list-sessions --json CLI is not installed [0ms]
2026-06-10 15:28:06.175 [error]   [CLI  8e → 59f] undefined ai hook list-sessions --json CLI is not installed [0ms]
2026-06-10 15:29:06.176 [error]   [CLI  8e → 5a0] undefined ai hook list-sessions --json CLI is not installed [0ms]
2026-06-10 15:30:06.177 [error]   [CLI  8e → 5a1] undefined ai hook list-sessions --json CLI is not installed [0ms]
2026-06-10 15:31:06.177 [error]   [CLI  8e → 5a2] undefined ai hook list-sessions --json CLI is not installed [0ms]
2026-06-10 15:32:06.177 [error]   [CLI  8e → 5a3] undefined ai hook list-sessions --json CLI is not installed [0ms]
2026-06-10 15:33:06.178 [error]   [CLI  8e → 5a4] undefined ai hook list-sessions --json CLI is not installed [0ms]
2026-06-10 15:34:06.177 [error]   [CLI  8e → 5a5] undefined ai hook list-sessions --json CLI is not installed [0ms]
2026-06-10 15:35:06.177 [error]   [CLI  8e → 5a6] undefined ai hook list-sessions --json CLI is not installed [0ms]
2026-06-10 15:36:06.178 [error]   [CLI  8e → 5a7] undefined ai hook list-sessions --json CLI is not installed [0ms]
2026-06-10 15:37:06.178 [error]   [CLI  8e → 5a8] undefined ai hook list-sessions --json CLI is not installed [0ms]
2026-06-10 15:38:06.179 [error]   [CLI  8e → 5a9] undefined ai hook list-sessions --json CLI is not installed [0ms]
2026-06-10 15:39:06.179 [error]   [CLI  8e → 5aa] undefined ai hook list-sessions --json CLI is not installed [0ms]
2026-06-10 15:40:06.180 [error]   [CLI  8e → 5ab] undefined ai hook list-sessions --json CLI is not installed [0ms]
2026-06-10 15:41:06.180 [error]   [CLI  8e → 5ac] undefined ai hook list-sessions --json CLI is not installed [0ms]
2026-06-10 15:42:06.181 [error]   [CLI  8e → 5ad] undefined ai hook list-sessions --json CLI is not installed [0ms]
2026-06-10 15:43:06.181 [error]   [CLI  8e → 5ae] undefined ai hook list-sessions --json CLI is not installed [0ms]
2026-06-10 15:44:06.181 [error]   [CLI  8e → 5af] undefined ai hook list-sessions --json CLI is not installed [0ms]
2026-06-10 15:45:06.181 [error]   [CLI  8e → 5b0] undefined ai hook list-sessions --json CLI is not installed [0ms]
2026-06-10 15:46:06.181 [error]   [CLI  8e → 5b1] undefined ai hook list-sessions --json CLI is not installed [0ms]
2026-06-10 15:47:06.181 [error]   [CLI  8e → 5b2] undefined ai hook list-sessions --json CLI is not installed [0ms]
2026-06-10 15:48:06.181 [error]   [CLI  8e → 5b3] undefined ai hook list-sessions --json CLI is not installed [0ms]
2026-06-10 15:49:06.182 [error]   [CLI  8e → 5b4] undefined ai hook list-sessions --json CLI is not installed [0ms]
2026-06-10 15:50:06.183 [error]   [CLI  8e → 5b5] undefined ai hook list-sessions --json CLI is not installed [0ms]
2026-06-10 15:51:06.183 [error]   [CLI  8e → 5b6] undefined ai hook list-sessions --json CLI is not installed [0ms]
2026-06-10 15:52:06.183 [error]   [CLI  8e → 5b7] undefined ai hook list-sessions --json CLI is not installed [0ms]
2026-06-10 15:53:06.184 [error]   [CLI  8e → 5b8] undefined ai hook list-sessions --json CLI is not installed [0ms]
2026-06-10 15:54:06.186 [error]   [CLI  8e → 5b9] undefined ai hook list-sessions --json CLI is not installed [0ms]
2026-06-10 15:55:06.186 [error]   [CLI  8e → 5ba] undefined ai hook list-sessions --json CLI is not installed [0ms]
2026-06-10 15:56:06.186 [error]   [CLI  8e → 5bb] undefined ai hook list-sessions --json CLI is not installed [0ms]
2026-06-10 15:57:06.187 [error]   [CLI  8e → 5bc] undefined ai hook list-sessions --json CLI is not installed [0ms]
2026-06-10 15:58:06.189 [error]   [CLI  8e → 5bd] undefined ai hook list-sessions --json CLI is not installed [0ms]
2026-06-10 15:59:06.188 [error]   [CLI  8e → 5be] undefined ai hook list-sessions --json CLI is not installed [0ms]
2026-06-10 16:00:06.189 [error]   [CLI  8e → 5bf] undefined ai hook list-sessions --json CLI is not installed [0ms]
2026-06-10 16:01:06.191 [error]   [CLI  8e → 5c0] undefined ai hook list-sessions --json CLI is not installed [0ms]
2026-06-10 16:02:06.191 [error]   [CLI  8e → 5c1] undefined ai hook list-sessions --json CLI is not installed [0ms]
2026-06-10 16:03:06.192 [error]   [CLI  8e → 5c2] undefined ai hook list-sessions --json CLI is not installed [0ms]
2026-06-10 16:04:06.193 [error]   [CLI  8e → 5c3] undefined ai hook list-sessions --json CLI is not installed [0ms]
2026-06-10 16:05:06.195 [error]   [CLI  8e → 5c4] undefined ai hook list-sessions --json CLI is not installed [0ms]
2026-06-10 16:06:06.195 [error]   [CLI  8e → 5c5] undefined ai hook list-sessions --json CLI is not installed [0ms]
2026-06-10 16:07:06.195 [error]   [CLI  8e → 5c6] undefined ai hook list-sessions --json CLI is not installed [0ms]
2026-06-10 16:08:06.196 [error]   [CLI  8e → 5c7] undefined ai hook list-sessions --json CLI is not installed [0ms]
2026-06-10 16:09:06.197 [error]   [CLI  8e → 5c8] undefined ai hook list-sessions --json CLI is not installed [0ms]
2026-06-10 16:10:06.197 [error]   [CLI  8e → 5c9] undefined ai hook list-sessions --json CLI is not installed [0ms]
2026-06-10 16:11:06.197 [error]   [CLI  8e → 5ca] undefined ai hook list-sessions --json CLI is not installed [0ms]
2026-06-10 16:12:06.199 [error]   [CLI  8e → 5cb] undefined ai hook list-sessions --json CLI is not installed [0ms]
2026-06-10 16:13:06.200 [error]   [CLI  8e → 5cc] undefined ai hook list-sessions --json CLI is not installed [0ms]
2026-06-10 16:14:06.202 [error]   [CLI  8e → 5cd] undefined ai hook list-sessions --json CLI is not installed [0ms]
2026-06-10 16:15:06.204 [error]   [CLI  8e → 5ce] undefined ai hook list-sessions --json CLI is not installed [0ms]
2026-06-10 16:16:06.205 [error]   [CLI  8e → 5cf] undefined ai hook list-sessions --json CLI is not installed [0ms]
2026-06-10 16:17:06.206 [error]   [CLI  8e → 5d0] undefined ai hook list-sessions --json CLI is not installed [0ms]
2026-06-10 16:18:06.206 [error]   [CLI  8e → 5d1] undefined ai hook list-sessions --json CLI is not installed [0ms]
2026-06-10 16:19:06.207 [error]   [CLI  8e → 5d2] undefined ai hook list-sessions --json CLI is not installed [0ms]
2026-06-10 16:20:06.206 [error]   [CLI  8e → 5d3] undefined ai hook list-sessions --json CLI is not installed [0ms]
2026-06-10 16:21:06.206 [error]   [CLI  8e → 5d4] undefined ai hook list-sessions --json CLI is not installed [0ms]
2026-06-10 16:22:06.206 [error]   [CLI  8e → 5d5] undefined ai hook list-sessions --json CLI is not installed [0ms]
