2026-06-09 20:44:02.867 [info] To enable debug logging, run "GitLens: Enable Debug Logging" or "Developer: Set Log Level..." from the Command Palette
2026-06-09 20:44:02.867 [info]    [            1] GitLens v18.0.0  activating in code-server (1.123.0) on the web; mode=production,language='en', logLevel='info', defaultDateLocale='null' (code-oss|0ed1133f-83b8-4b7c-87f7-4cabaec8e932|c4fdefb8-297c-4345-b22d-c8ee624f6e831781030639314)
2026-06-09 20:44:02.867 [info]    GitLens first-time install; window.focused=true
2026-06-09 20:44:02.867 [info]    [            1] GitLens v18.0.0 activated [175ms]
2026-06-09 20:44:02.867 [info]    [   7d →    7e] GlCliGitProvider.findGit Git (2.43.0) found in /usr/bin/git [108ms]
2026-06-09 20:44:02.867 [info]    [   7d →    9f] GlCliGitProvider.repositorySearch(/workspace) searching (depth=1)...
2026-06-09 20:44:02.867 [info]    [   7c →    7d] GlCliGitProvider.discoverRepositories auto-opening 0 discovered repo(s) in SCM (autoRepositoryDetection=true)
2026-06-09 20:44:02.868 [info]    [IPC          ] CLI capability published on http://127.0.0.1:39815
2026-06-09 20:44:02.870 [error]   [CLI   99 → e3] undefined ai hook list-sessions --json CLI is not installed [0ms]
2026-06-09 20:44:03.434 [info]    [  11e →   120] GlCliGitProvider.repositorySearch(/workspace) searching (depth=1)...
2026-06-09 20:44:03.455 [info]    [  11d →   11e] GlCliGitProvider.discoverRepositories auto-opening 0 discovered repo(s) in SCM (autoRepositoryDetection=true)
2026-06-09 20:44:05.086 [info]    [  134 →   135] GlCliGitProvider.repositorySearch(/workspace) searching (depth=1)...
2026-06-09 20:44:05.194 [info]    [  133 →   134] GlCliGitProvider.discoverRepositories auto-opening 0 discovered repo(s) in SCM (autoRepositoryDetection=true)
2026-06-09 20:45:02.872 [error]   [CLI  8d → 14c] undefined ai hook list-sessions --json CLI is not installed [0ms]
2026-06-09 20:46:02.872 [error]   [CLI  8d → 150] undefined ai hook list-sessions --json CLI is not installed [0ms]
2026-06-09 20:47:02.873 [error]   [CLI  8d → 155] undefined ai hook list-sessions --json CLI is not installed [0ms]
2026-06-09 20:48:02.873 [error]   [CLI  8d → 158] undefined ai hook list-sessions --json CLI is not installed [0ms]
2026-06-09 20:49:02.876 [error]   [CLI  8d → 159] undefined ai hook list-sessions --json CLI is not installed [0ms]
2026-06-09 20:50:02.874 [error]   [CLI  8d → 15a] undefined ai hook list-sessions --json CLI is not installed [0ms]
2026-06-09 20:51:02.875 [error]   [CLI  8d → 15b] undefined ai hook list-sessions --json CLI is not installed [0ms]
2026-06-09 20:52:02.874 [error]   [CLI  8d → 15c] undefined ai hook list-sessions --json CLI is not installed [0ms]
2026-06-09 20:53:02.875 [error]   [CLI  8d → 15d] undefined ai hook list-sessions --json CLI is not installed [0ms]
2026-06-09 20:54:02.875 [error]   [CLI  8d → 15e] undefined ai hook list-sessions --json CLI is not installed [0ms]
2026-06-09 20:55:02.877 [error]   [CLI  8d → 15f] undefined ai hook list-sessions --json CLI is not installed [0ms]
2026-06-09 20:56:02.877 [error]   [CLI  8d → 160] undefined ai hook list-sessions --json CLI is not installed [0ms]
2026-06-09 20:57:02.878 [error]   [CLI  8d → 161] undefined ai hook list-sessions --json CLI is not installed [0ms]
2026-06-09 20:58:02.878 [error]   [CLI  8d → 162] undefined ai hook list-sessions --json CLI is not installed [0ms]
2026-06-09 20:59:02.881 [error]   [CLI  8d → 163] undefined ai hook list-sessions --json CLI is not installed [0ms]
2026-06-09 21:00:02.881 [error]   [CLI  8d → 164] undefined ai hook list-sessions --json CLI is not installed [0ms]
2026-06-09 21:01:02.882 [error]   [CLI  8d → 165] undefined ai hook list-sessions --json CLI is not installed [0ms]
2026-06-09 21:02:02.882 [error]   [CLI  8d → 166] undefined ai hook list-sessions --json CLI is not installed [0ms]
2026-06-09 21:03:02.881 [error]   [CLI  8d → 167] undefined ai hook list-sessions --json CLI is not installed [0ms]
2026-06-09 21:04:02.882 [error]   [CLI  8d → 168] undefined ai hook list-sessions --json CLI is not installed [0ms]
2026-06-09 21:05:02.882 [error]   [CLI  8d → 169] undefined ai hook list-sessions --json CLI is not installed [0ms]
2026-06-09 21:06:02.881 [error]   [CLI  8d → 16a] undefined ai hook list-sessions --json CLI is not installed [0ms]
2026-06-09 21:07:02.883 [error]   [CLI  8d → 16b] undefined ai hook list-sessions --json CLI is not installed [0ms]
2026-06-09 21:08:02.883 [error]   [CLI  8d → 16c] undefined ai hook list-sessions --json CLI is not installed [0ms]
2026-06-09 21:09:02.883 [error]   [CLI  8d → 16d] undefined ai hook list-sessions --json CLI is not installed [0ms]
2026-06-09 21:10:02.882 [error]   [CLI  8d → 16e] undefined ai hook list-sessions --json CLI is not installed [0ms]
2026-06-09 21:11:02.883 [error]   [CLI  8d → 16f] undefined ai hook list-sessions --json CLI is not installed [0ms]
2026-06-09 21:12:02.884 [error]   [CLI  8d → 170] undefined ai hook list-sessions --json CLI is not installed [0ms]
2026-06-09 21:13:02.883 [error]   [CLI  8d → 171] undefined ai hook list-sessions --json CLI is not installed [0ms]
2026-06-09 21:14:02.884 [error]   [CLI  8d → 172] undefined ai hook list-sessions --json CLI is not installed [0ms]
2026-06-09 21:15:02.884 [error]   [CLI  8d → 173] undefined ai hook list-sessions --json CLI is not installed [0ms]
2026-06-09 21:16:02.884 [error]   [CLI  8d → 174] undefined ai hook list-sessions --json CLI is not installed [0ms]
2026-06-09 21:17:02.884 [error]   [CLI  8d → 175] undefined ai hook list-sessions --json CLI is not installed [0ms]
2026-06-09 21:18:02.884 [error]   [CLI  8d → 176] undefined ai hook list-sessions --json CLI is not installed [0ms]
2026-06-09 21:19:02.886 [error]   [CLI  8d → 177] undefined ai hook list-sessions --json CLI is not installed [0ms]
2026-06-09 21:20:02.886 [error]   [CLI  8d → 178] undefined ai hook list-sessions --json CLI is not installed [0ms]
2026-06-09 21:21:02.886 [error]   [CLI  8d → 179] undefined ai hook list-sessions --json CLI is not installed [0ms]
2026-06-09 21:22:02.888 [error]   [CLI  8d → 17a] undefined ai hook list-sessions --json CLI is not installed [0ms]
2026-06-09 21:23:02.888 [error]   [CLI  8d → 17b] undefined ai hook list-sessions --json CLI is not installed [0ms]
2026-06-09 21:24:02.889 [error]   [CLI  8d → 17c] undefined ai hook list-sessions --json CLI is not installed [0ms]
2026-06-09 21:25:02.890 [error]   [CLI  8d → 17d] undefined ai hook list-sessions --json CLI is not installed [0ms]
2026-06-09 21:26:02.890 [error]   [CLI  8d → 17e] undefined ai hook list-sessions --json CLI is not installed [0ms]
2026-06-09 21:27:02.890 [error]   [CLI  8d → 17f] undefined ai hook list-sessions --json CLI is not installed [0ms]
2026-06-09 21:28:02.890 [error]   [CLI  8d → 181] undefined ai hook list-sessions --json CLI is not installed [0ms]
2026-06-09 21:29:02.891 [error]   [CLI  8d → 182] undefined ai hook list-sessions --json CLI is not installed [0ms]
2026-06-09 21:30:02.891 [error]   [CLI  8d → 184] undefined ai hook list-sessions --json CLI is not installed [0ms]
2026-06-09 21:31:02.891 [error]   [CLI  8d → 185] undefined ai hook list-sessions --json CLI is not installed [0ms]
2026-06-09 21:32:02.892 [error]   [CLI  8d → 187] undefined ai hook list-sessions --json CLI is not installed [0ms]
2026-06-09 21:33:02.891 [error]   [CLI  8d → 188] undefined ai hook list-sessions --json CLI is not installed [0ms]
2026-06-09 21:34:02.892 [error]   [CLI  8d → 189] undefined ai hook list-sessions --json CLI is not installed [0ms]
2026-06-09 21:35:02.893 [error]   [CLI  8d → 18a] undefined ai hook list-sessions --json CLI is not installed [0ms]
2026-06-09 21:36:02.892 [error]   [CLI  8d → 18b] undefined ai hook list-sessions --json CLI is not installed [0ms]
2026-06-09 21:37:02.892 [error]   [CLI  8d → 18c] undefined ai hook list-sessions --json CLI is not installed [0ms]
2026-06-09 21:38:02.894 [error]   [CLI  8d → 18d] undefined ai hook list-sessions --json CLI is not installed [0ms]
2026-06-09 21:39:02.894 [error]   [CLI  8d → 18f] undefined ai hook list-sessions --json CLI is not installed [0ms]
2026-06-09 21:40:02.895 [error]   [CLI  8d → 190] undefined ai hook list-sessions --json CLI is not installed [0ms]
2026-06-09 21:41:02.896 [error]   [CLI  8d → 191] undefined ai hook list-sessions --json CLI is not installed [0ms]
2026-06-09 21:42:02.897 [error]   [CLI  8d → 192] undefined ai hook list-sessions --json CLI is not installed [0ms]
2026-06-09 21:43:02.896 [error]   [CLI  8d → 193] undefined ai hook list-sessions --json CLI is not installed [0ms]
2026-06-09 21:44:02.896 [error]   [CLI  8d → 194] undefined ai hook list-sessions --json CLI is not installed [0ms]
2026-06-09 21:45:02.897 [error]   [CLI  8d → 195] undefined ai hook list-sessions --json CLI is not installed [0ms]
2026-06-09 21:46:02.896 [error]   [CLI  8d → 196] undefined ai hook list-sessions --json CLI is not installed [0ms]
2026-06-09 21:47:02.896 [error]   [CLI  8d → 197] undefined ai hook list-sessions --json CLI is not installed [0ms]
2026-06-09 21:48:02.896 [error]   [CLI  8d → 198] undefined ai hook list-sessions --json CLI is not installed [0ms]
2026-06-09 21:49:02.897 [error]   [CLI  8d → 199] undefined ai hook list-sessions --json CLI is not installed [0ms]
2026-06-09 21:50:02.898 [error]   [CLI  8d → 19a] undefined ai hook list-sessions --json CLI is not installed [0ms]
2026-06-09 21:51:02.898 [error]   [CLI  8d → 19b] undefined ai hook list-sessions --json CLI is not installed [0ms]
2026-06-09 21:52:02.898 [error]   [CLI  8d → 19c] undefined ai hook list-sessions --json CLI is not installed [0ms]
2026-06-09 21:53:02.900 [error]   [CLI  8d → 19d] undefined ai hook list-sessions --json CLI is not installed [0ms]
2026-06-09 21:54:02.900 [error]   [CLI  8d → 19e] undefined ai hook list-sessions --json CLI is not installed [0ms]
2026-06-09 21:55:02.901 [error]   [CLI  8d → 19f] undefined ai hook list-sessions --json CLI is not installed [0ms]
2026-06-09 21:56:02.901 [error]   [CLI  8d → 1a0] undefined ai hook list-sessions --json CLI is not installed [0ms]
2026-06-09 21:57:02.902 [error]   [CLI  8d → 1a1] undefined ai hook list-sessions --json CLI is not installed [0ms]
2026-06-09 21:58:02.902 [error]   [CLI  8d → 1a2] undefined ai hook list-sessions --json CLI is not installed [0ms]
2026-06-09 21:59:02.903 [error]   [CLI  8d → 1a3] undefined ai hook list-sessions --json CLI is not installed [0ms]
2026-06-09 22:00:02.904 [error]   [CLI  8d → 1a4] undefined ai hook list-sessions --json CLI is not installed [0ms]
2026-06-09 22:01:02.904 [error]   [CLI  8d → 1a5] undefined ai hook list-sessions --json CLI is not installed [0ms]
2026-06-09 22:02:02.904 [error]   [CLI  8d → 1a6] undefined ai hook list-sessions --json CLI is not installed [0ms]
2026-06-09 22:03:02.903 [error]   [CLI  8d → 1a7] undefined ai hook list-sessions --json CLI is not installed [0ms]
2026-06-09 22:04:02.904 [error]   [CLI  8d → 1a8] undefined ai hook list-sessions --json CLI is not installed [0ms]
2026-06-09 22:05:02.904 [error]   [CLI  8d → 1a9] undefined ai hook list-sessions --json CLI is not installed [0ms]
2026-06-09 22:06:02.904 [error]   [CLI  8d → 1aa] undefined ai hook list-sessions --json CLI is not installed [0ms]
2026-06-09 22:07:02.908 [error]   [CLI  8d → 1ab] undefined ai hook list-sessions --json CLI is not installed [0ms]
2026-06-09 22:08:02.905 [error]   [CLI  8d → 1ac] undefined ai hook list-sessions --json CLI is not installed [0ms]
2026-06-09 22:09:02.907 [error]   [CLI  8d → 1ad] undefined ai hook list-sessions --json CLI is not installed [0ms]
2026-06-09 22:10:02.906 [error]   [CLI  8d → 1ae] undefined ai hook list-sessions --json CLI is not installed [0ms]
2026-06-09 22:11:02.906 [error]   [CLI  8d → 1af] undefined ai hook list-sessions --json CLI is not installed [0ms]
2026-06-09 22:12:02.906 [error]   [CLI  8d → 1b0] undefined ai hook list-sessions --json CLI is not installed [0ms]
2026-06-09 22:13:02.905 [error]   [CLI  8d → 1b1] undefined ai hook list-sessions --json CLI is not installed [0ms]
2026-06-09 22:14:02.906 [error]   [CLI  8d → 1b2] undefined ai hook list-sessions --json CLI is not installed [0ms]
2026-06-09 22:15:02.906 [error]   [CLI  8d → 1b3] undefined ai hook list-sessions --json CLI is not installed [0ms]
2026-06-09 22:16:02.905 [error]   [CLI  8d → 1b4] undefined ai hook list-sessions --json CLI is not installed [0ms]
2026-06-09 22:17:02.907 [error]   [CLI  8d → 1b6] undefined ai hook list-sessions --json CLI is not installed [0ms]
2026-06-09 22:18:02.907 [error]   [CLI  8d → 1b7] undefined ai hook list-sessions --json CLI is not installed [0ms]
2026-06-09 22:19:02.908 [error]   [CLI  8d → 1b8] undefined ai hook list-sessions --json CLI is not installed [0ms]
2026-06-09 22:20:02.908 [error]   [CLI  8d → 1b9] undefined ai hook list-sessions --json CLI is not installed [0ms]
2026-06-09 22:21:02.909 [error]   [CLI  8d → 1ba] undefined ai hook list-sessions --json CLI is not installed [0ms]
2026-06-09 22:22:02.909 [error]   [CLI  8d → 1bb] undefined ai hook list-sessions --json CLI is not installed [0ms]
2026-06-09 22:23:02.910 [error]   [CLI  8d → 1bc] undefined ai hook list-sessions --json CLI is not installed [0ms]
2026-06-09 22:24:02.908 [error]   [CLI  8d → 1bd] undefined ai hook list-sessions --json CLI is not installed [0ms]
2026-06-09 22:25:02.914 [error]   [CLI  8d → 1be] undefined ai hook list-sessions --json CLI is not installed [0ms]
2026-06-09 22:26:02.915 [error]   [CLI  8d → 1bf] undefined ai hook list-sessions --json CLI is not installed [0ms]
2026-06-09 22:27:02.916 [error]   [CLI  8d → 1c0] undefined ai hook list-sessions --json CLI is not installed [0ms]
2026-06-09 22:28:02.916 [error]   [CLI  8d → 1c1] undefined ai hook list-sessions --json CLI is not installed [0ms]
2026-06-09 22:29:02.917 [error]   [CLI  8d → 1c2] undefined ai hook list-sessions --json CLI is not installed [0ms]
2026-06-09 22:30:02.916 [error]   [CLI  8d → 1c3] undefined ai hook list-sessions --json CLI is not installed [0ms]
2026-06-09 22:31:02.915 [error]   [CLI  8d → 1c4] undefined ai hook list-sessions --json CLI is not installed [0ms]
2026-06-09 22:32:02.916 [error]   [CLI  8d → 1c5] undefined ai hook list-sessions --json CLI is not installed [0ms]
2026-06-09 22:33:02.916 [error]   [CLI  8d → 1c6] undefined ai hook list-sessions --json CLI is not installed [0ms]
2026-06-09 22:34:02.916 [error]   [CLI  8d → 1c7] undefined ai hook list-sessions --json CLI is not installed [0ms]
2026-06-09 22:35:02.916 [error]   [CLI  8d → 1c9] undefined ai hook list-sessions --json CLI is not installed [0ms]
2026-06-09 22:36:02.917 [error]   [CLI  8d → 1ca] undefined ai hook list-sessions --json CLI is not installed [0ms]
2026-06-09 22:37:02.919 [error]   [CLI  8d → 1cb] undefined ai hook list-sessions --json CLI is not installed [0ms]
2026-06-09 22:38:02.919 [error]   [CLI  8d → 1cc] undefined ai hook list-sessions --json CLI is not installed [0ms]
2026-06-09 22:39:02.919 [error]   [CLI  8d → 1cd] undefined ai hook list-sessions --json CLI is not installed [0ms]
2026-06-09 22:40:02.920 [error]   [CLI  8d → 1ce] undefined ai hook list-sessions --json CLI is not installed [0ms]
2026-06-09 22:41:02.920 [error]   [CLI  8d → 1cf] undefined ai hook list-sessions --json CLI is not installed [0ms]
2026-06-09 22:42:02.922 [error]   [CLI  8d → 1d0] undefined ai hook list-sessions --json CLI is not installed [0ms]
2026-06-09 22:43:02.922 [error]   [CLI  8d → 1d1] undefined ai hook list-sessions --json CLI is not installed [0ms]
2026-06-09 22:44:02.922 [error]   [CLI  8d → 1d2] undefined ai hook list-sessions --json CLI is not installed [0ms]
2026-06-09 22:45:02.922 [error]   [CLI  8d → 1d3] undefined ai hook list-sessions --json CLI is not installed [0ms]
2026-06-09 22:46:02.923 [error]   [CLI  8d → 1d4] undefined ai hook list-sessions --json CLI is not installed [0ms]
2026-06-09 22:47:02.923 [error]   [CLI  8d → 1d5] undefined ai hook list-sessions --json CLI is not installed [0ms]
2026-06-09 22:48:02.924 [error]   [CLI  8d → 1d6] undefined ai hook list-sessions --json CLI is not installed [0ms]
2026-06-09 22:49:02.923 [error]   [CLI  8d → 1d8] undefined ai hook list-sessions --json CLI is not installed [0ms]
2026-06-09 22:50:02.925 [error]   [CLI  8d → 1d9] undefined ai hook list-sessions --json CLI is not installed [0ms]
2026-06-09 22:51:02.925 [error]   [CLI  8d → 1da] undefined ai hook list-sessions --json CLI is not installed [0ms]
2026-06-09 22:52:02.927 [error]   [CLI  8d → 1db] undefined ai hook list-sessions --json CLI is not installed [0ms]
2026-06-09 22:53:02.929 [error]   [CLI  8d → 1dc] undefined ai hook list-sessions --json CLI is not installed [0ms]
2026-06-09 22:54:02.928 [error]   [CLI  8d → 1dd] undefined ai hook list-sessions --json CLI is not installed [0ms]
2026-06-09 22:55:02.930 [error]   [CLI  8d → 1de] undefined ai hook list-sessions --json CLI is not installed [0ms]
2026-06-09 22:56:02.929 [error]   [CLI  8d → 1df] undefined ai hook list-sessions --json CLI is not installed [0ms]
2026-06-09 22:57:02.930 [error]   [CLI  8d → 1e0] undefined ai hook list-sessions --json CLI is not installed [0ms]
2026-06-09 22:58:02.932 [error]   [CLI  8d → 1e1] undefined ai hook list-sessions --json CLI is not installed [0ms]
2026-06-09 22:59:02.933 [error]   [CLI  8d → 1e2] undefined ai hook list-sessions --json CLI is not installed [0ms]
2026-06-09 23:00:02.934 [error]   [CLI  8d → 1e3] undefined ai hook list-sessions --json CLI is not installed [0ms]
2026-06-09 23:01:02.934 [error]   [CLI  8d → 1e4] undefined ai hook list-sessions --json CLI is not installed [0ms]
2026-06-09 23:02:02.937 [error]   [CLI  8d → 1e5] undefined ai hook list-sessions --json CLI is not installed [0ms]
2026-06-09 23:03:02.936 [error]   [CLI  8d → 1e6] undefined ai hook list-sessions --json CLI is not installed [0ms]
2026-06-09 23:04:02.937 [error]   [CLI  8d → 1e7] undefined ai hook list-sessions --json CLI is not installed [0ms]
2026-06-09 23:05:02.939 [error]   [CLI  8d → 1e8] undefined ai hook list-sessions --json CLI is not installed [0ms]
2026-06-09 23:06:02.940 [error]   [CLI  8d → 1e9] undefined ai hook list-sessions --json CLI is not installed [0ms]
2026-06-09 23:07:02.940 [error]   [CLI  8d → 1ea] undefined ai hook list-sessions --json CLI is not installed [0ms]
2026-06-09 23:08:02.942 [error]   [CLI  8d → 1eb] undefined ai hook list-sessions --json CLI is not installed [0ms]
2026-06-09 23:09:02.942 [error]   [CLI  8d → 1ec] undefined ai hook list-sessions --json CLI is not installed [0ms]
2026-06-09 23:10:02.943 [error]   [CLI  8d → 1ed] undefined ai hook list-sessions --json CLI is not installed [0ms]
2026-06-09 23:11:02.943 [error]   [CLI  8d → 1ee] undefined ai hook list-sessions --json CLI is not installed [0ms]
2026-06-09 23:12:02.943 [error]   [CLI  8d → 1ef] undefined ai hook list-sessions --json CLI is not installed [0ms]
2026-06-09 23:13:02.944 [error]   [CLI  8d → 1f0] undefined ai hook list-sessions --json CLI is not installed [0ms]
2026-06-09 23:14:02.947 [error]   [CLI  8d → 1f1] undefined ai hook list-sessions --json CLI is not installed [0ms]
2026-06-09 23:15:02.947 [error]   [CLI  8d → 1f2] undefined ai hook list-sessions --json CLI is not installed [0ms]
2026-06-09 23:16:02.949 [error]   [CLI  8d → 1f3] undefined ai hook list-sessions --json CLI is not installed [0ms]
2026-06-09 23:17:02.951 [error]   [CLI  8d → 1f4] undefined ai hook list-sessions --json CLI is not installed [0ms]
2026-06-09 23:18:02.952 [error]   [CLI  8d → 1f5] undefined ai hook list-sessions --json CLI is not installed [0ms]
2026-06-09 23:19:02.953 [error]   [CLI  8d → 1f6] undefined ai hook list-sessions --json CLI is not installed [0ms]
2026-06-09 23:20:02.955 [error]   [CLI  8d → 1f7] undefined ai hook list-sessions --json CLI is not installed [0ms]
2026-06-09 23:21:02.955 [error]   [CLI  8d → 1f8] undefined ai hook list-sessions --json CLI is not installed [0ms]
2026-06-09 23:22:02.955 [error]   [CLI  8d → 1f9] undefined ai hook list-sessions --json CLI is not installed [0ms]
2026-06-09 23:23:02.956 [error]   [CLI  8d → 1fa] undefined ai hook list-sessions --json CLI is not installed [0ms]
2026-06-09 23:24:02.957 [error]   [CLI  8d → 1fb] undefined ai hook list-sessions --json CLI is not installed [0ms]
2026-06-09 23:25:02.957 [error]   [CLI  8d → 1fc] undefined ai hook list-sessions --json CLI is not installed [0ms]
2026-06-09 23:26:02.958 [error]   [CLI  8d → 1fd] undefined ai hook list-sessions --json CLI is not installed [0ms]
2026-06-09 23:27:02.959 [error]   [CLI  8d → 1fe] undefined ai hook list-sessions --json CLI is not installed [0ms]
2026-06-09 23:28:02.959 [error]   [CLI  8d → 1ff] undefined ai hook list-sessions --json CLI is not installed [0ms]
2026-06-09 23:29:02.961 [error]   [CLI  8d → 200] undefined ai hook list-sessions --json CLI is not installed [0ms]
2026-06-09 23:30:02.961 [error]   [CLI  8d → 201] undefined ai hook list-sessions --json CLI is not installed [0ms]
2026-06-09 23:31:02.962 [error]   [CLI  8d → 202] undefined ai hook list-sessions --json CLI is not installed [0ms]
2026-06-09 23:32:02.963 [error]   [CLI  8d → 203] undefined ai hook list-sessions --json CLI is not installed [0ms]
2026-06-09 23:33:02.965 [error]   [CLI  8d → 204] undefined ai hook list-sessions --json CLI is not installed [0ms]
2026-06-09 23:34:02.965 [error]   [CLI  8d → 205] undefined ai hook list-sessions --json CLI is not installed [0ms]
2026-06-09 23:35:02.967 [error]   [CLI  8d → 206] undefined ai hook list-sessions --json CLI is not installed [0ms]
2026-06-09 23:36:02.967 [error]   [CLI  8d → 208] undefined ai hook list-sessions --json CLI is not installed [0ms]
2026-06-09 23:37:02.969 [error]   [CLI  8d → 209] undefined ai hook list-sessions --json CLI is not installed [0ms]
2026-06-09 23:38:02.970 [error]   [CLI  8d → 20a] undefined ai hook list-sessions --json CLI is not installed [0ms]
2026-06-09 23:39:02.972 [error]   [CLI  8d → 20b] undefined ai hook list-sessions --json CLI is not installed [0ms]
2026-06-09 23:40:02.972 [error]   [CLI  8d → 20c] undefined ai hook list-sessions --json CLI is not installed [0ms]
2026-06-09 23:41:02.974 [error]   [CLI  8d → 20d] undefined ai hook list-sessions --json CLI is not installed [0ms]
2026-06-09 23:42:02.976 [error]   [CLI  8d → 20e] undefined ai hook list-sessions --json CLI is not installed [0ms]
2026-06-09 23:43:02.976 [error]   [CLI  8d → 20f] undefined ai hook list-sessions --json CLI is not installed [0ms]
2026-06-09 23:44:02.976 [error]   [CLI  8d → 210] undefined ai hook list-sessions --json CLI is not installed [0ms]
2026-06-09 23:45:02.977 [error]   [CLI  8d → 211] undefined ai hook list-sessions --json CLI is not installed [0ms]
2026-06-09 23:46:02.978 [error]   [CLI  8d → 212] undefined ai hook list-sessions --json CLI is not installed [0ms]
2026-06-09 23:47:02.979 [error]   [CLI  8d → 213] undefined ai hook list-sessions --json CLI is not installed [0ms]
2026-06-09 23:48:02.980 [error]   [CLI  8d → 214] undefined ai hook list-sessions --json CLI is not installed [0ms]
2026-06-09 23:49:02.981 [error]   [CLI  8d → 215] undefined ai hook list-sessions --json CLI is not installed [0ms]
2026-06-09 23:50:02.982 [error]   [CLI  8d → 216] undefined ai hook list-sessions --json CLI is not installed [0ms]
2026-06-09 23:51:02.982 [error]   [CLI  8d → 217] undefined ai hook list-sessions --json CLI is not installed [0ms]
2026-06-09 23:52:02.982 [error]   [CLI  8d → 218] undefined ai hook list-sessions --json CLI is not installed [0ms]
2026-06-09 23:53:02.984 [error]   [CLI  8d → 219] undefined ai hook list-sessions --json CLI is not installed [0ms]
2026-06-09 23:54:02.985 [error]   [CLI  8d → 21a] undefined ai hook list-sessions --json CLI is not installed [0ms]
2026-06-09 23:55:02.985 [error]   [CLI  8d → 21b] undefined ai hook list-sessions --json CLI is not installed [0ms]
2026-06-09 23:56:02.986 [error]   [CLI  8d → 21c] undefined ai hook list-sessions --json CLI is not installed [0ms]
2026-06-09 23:57:02.987 [error]   [CLI  8d → 21d] undefined ai hook list-sessions --json CLI is not installed [0ms]
2026-06-09 23:58:02.990 [error]   [CLI  8d → 21e] undefined ai hook list-sessions --json CLI is not installed [0ms]
2026-06-09 23:59:02.991 [error]   [CLI  8d → 21f] undefined ai hook list-sessions --json CLI is not installed [0ms]
2026-06-10 00:00:02.993 [error]   [CLI  8d → 220] undefined ai hook list-sessions --json CLI is not installed [0ms]
2026-06-10 00:01:02.992 [error]   [CLI  8d → 221] undefined ai hook list-sessions --json CLI is not installed [0ms]
2026-06-10 00:02:02.994 [error]   [CLI  8d → 222] undefined ai hook list-sessions --json CLI is not installed [0ms]
2026-06-10 00:03:02.995 [error]   [CLI  8d → 223] undefined ai hook list-sessions --json CLI is not installed [0ms]
2026-06-10 00:04:02.995 [error]   [CLI  8d → 224] undefined ai hook list-sessions --json CLI is not installed [0ms]
2026-06-10 00:05:02.995 [error]   [CLI  8d → 225] undefined ai hook list-sessions --json CLI is not installed [0ms]
2026-06-10 00:06:02.996 [error]   [CLI  8d → 226] undefined ai hook list-sessions --json CLI is not installed [0ms]
2026-06-10 00:07:02.997 [error]   [CLI  8d → 227] undefined ai hook list-sessions --json CLI is not installed [0ms]
2026-06-10 00:08:02.998 [error]   [CLI  8d → 228] undefined ai hook list-sessions --json CLI is not installed [0ms]
2026-06-10 00:09:03.000 [error]   [CLI  8d → 229] undefined ai hook list-sessions --json CLI is not installed [0ms]
2026-06-10 00:10:03.000 [error]   [CLI  8d → 22a] undefined ai hook list-sessions --json CLI is not installed [0ms]
2026-06-10 00:11:03.000 [error]   [CLI  8d → 22b] undefined ai hook list-sessions --json CLI is not installed [0ms]
2026-06-10 00:12:03.000 [error]   [CLI  8d → 22c] undefined ai hook list-sessions --json CLI is not installed [0ms]
2026-06-10 00:13:03.000 [error]   [CLI  8d → 22d] undefined ai hook list-sessions --json CLI is not installed [0ms]
2026-06-10 00:14:03.000 [error]   [CLI  8d → 22e] undefined ai hook list-sessions --json CLI is not installed [0ms]
2026-06-10 00:15:03.001 [error]   [CLI  8d → 22f] undefined ai hook list-sessions --json CLI is not installed [0ms]
2026-06-10 00:16:03.001 [error]   [CLI  8d → 230] undefined ai hook list-sessions --json CLI is not installed [0ms]
2026-06-10 00:17:03.001 [error]   [CLI  8d → 231] undefined ai hook list-sessions --json CLI is not installed [0ms]
2026-06-10 00:18:03.002 [error]   [CLI  8d → 232] undefined ai hook list-sessions --json CLI is not installed [0ms]
2026-06-10 00:19:03.004 [error]   [CLI  8d → 233] undefined ai hook list-sessions --json CLI is not installed [0ms]
2026-06-10 00:20:03.003 [error]   [CLI  8d → 234] undefined ai hook list-sessions --json CLI is not installed [0ms]
2026-06-10 00:21:03.003 [error]   [CLI  8d → 235] undefined ai hook list-sessions --json CLI is not installed [0ms]
2026-06-10 00:22:03.003 [error]   [CLI  8d → 236] undefined ai hook list-sessions --json CLI is not installed [0ms]
2026-06-10 00:23:03.005 [error]   [CLI  8d → 237] undefined ai hook list-sessions --json CLI is not installed [0ms]
2026-06-10 00:24:03.005 [error]   [CLI  8d → 238] undefined ai hook list-sessions --json CLI is not installed [0ms]
2026-06-10 00:25:03.005 [error]   [CLI  8d → 239] undefined ai hook list-sessions --json CLI is not installed [0ms]
2026-06-10 00:26:03.005 [error]   [CLI  8d → 23a] undefined ai hook list-sessions --json CLI is not installed [0ms]
2026-06-10 00:27:03.006 [error]   [CLI  8d → 23b] undefined ai hook list-sessions --json CLI is not installed [0ms]
2026-06-10 00:28:03.007 [error]   [CLI  8d → 23c] undefined ai hook list-sessions --json CLI is not installed [0ms]
2026-06-10 00:29:03.008 [error]   [CLI  8d → 23d] undefined ai hook list-sessions --json CLI is not installed [0ms]
2026-06-10 00:30:03.009 [error]   [CLI  8d → 23e] undefined ai hook list-sessions --json CLI is not installed [0ms]
2026-06-10 00:31:03.009 [error]   [CLI  8d → 23f] undefined ai hook list-sessions --json CLI is not installed [0ms]
2026-06-10 00:32:03.011 [error]   [CLI  8d → 240] undefined ai hook list-sessions --json CLI is not installed [0ms]
2026-06-10 00:33:03.012 [error]   [CLI  8d → 241] undefined ai hook list-sessions --json CLI is not installed [0ms]
2026-06-10 00:34:03.013 [error]   [CLI  8d → 242] undefined ai hook list-sessions --json CLI is not installed [0ms]
2026-06-10 00:35:03.015 [error]   [CLI  8d → 243] undefined ai hook list-sessions --json CLI is not installed [0ms]
2026-06-10 00:36:03.016 [error]   [CLI  8d → 244] undefined ai hook list-sessions --json CLI is not installed [0ms]
2026-06-10 00:37:03.016 [error]   [CLI  8d → 245] undefined ai hook list-sessions --json CLI is not installed [0ms]
2026-06-10 00:38:03.017 [error]   [CLI  8d → 246] undefined ai hook list-sessions --json CLI is not installed [0ms]
2026-06-10 00:39:03.018 [error]   [CLI  8d → 247] undefined ai hook list-sessions --json CLI is not installed [0ms]
2026-06-10 00:40:03.018 [error]   [CLI  8d → 248] undefined ai hook list-sessions --json CLI is not installed [0ms]
2026-06-10 00:41:03.018 [error]   [CLI  8d → 249] undefined ai hook list-sessions --json CLI is not installed [0ms]
2026-06-10 00:42:03.018 [error]   [CLI  8d → 24a] undefined ai hook list-sessions --json CLI is not installed [0ms]
2026-06-10 00:43:03.019 [error]   [CLI  8d → 24b] undefined ai hook list-sessions --json CLI is not installed [0ms]
2026-06-10 00:44:03.018 [error]   [CLI  8d → 24c] undefined ai hook list-sessions --json CLI is not installed [0ms]
2026-06-10 00:45:03.020 [error]   [CLI  8d → 24d] undefined ai hook list-sessions --json CLI is not installed [0ms]
2026-06-10 00:46:03.021 [error]   [CLI  8d → 24e] undefined ai hook list-sessions --json CLI is not installed [0ms]
2026-06-10 00:47:03.021 [error]   [CLI  8d → 24f] undefined ai hook list-sessions --json CLI is not installed [0ms]
2026-06-10 00:48:03.023 [error]   [CLI  8d → 250] undefined ai hook list-sessions --json CLI is not installed [0ms]
2026-06-10 00:49:03.024 [error]   [CLI  8d → 251] undefined ai hook list-sessions --json CLI is not installed [0ms]
2026-06-10 00:50:03.028 [error]   [CLI  8d → 252] undefined ai hook list-sessions --json CLI is not installed [0ms]
2026-06-10 00:51:03.028 [error]   [CLI  8d → 253] undefined ai hook list-sessions --json CLI is not installed [0ms]
2026-06-10 00:52:03.029 [error]   [CLI  8d → 254] undefined ai hook list-sessions --json CLI is not installed [0ms]
2026-06-10 00:53:03.030 [error]   [CLI  8d → 255] undefined ai hook list-sessions --json CLI is not installed [0ms]
2026-06-10 00:54:03.031 [error]   [CLI  8d → 256] undefined ai hook list-sessions --json CLI is not installed [0ms]
2026-06-10 00:55:03.031 [error]   [CLI  8d → 257] undefined ai hook list-sessions --json CLI is not installed [0ms]
2026-06-10 00:56:03.031 [error]   [CLI  8d → 258] undefined ai hook list-sessions --json CLI is not installed [0ms]
2026-06-10 00:57:03.031 [error]   [CLI  8d → 259] undefined ai hook list-sessions --json CLI is not installed [0ms]
2026-06-10 00:58:03.032 [error]   [CLI  8d → 25a] undefined ai hook list-sessions --json CLI is not installed [0ms]
2026-06-10 00:59:03.035 [error]   [CLI  8d → 25b] undefined ai hook list-sessions --json CLI is not installed [0ms]
2026-06-10 01:00:03.035 [error]   [CLI  8d → 25c] undefined ai hook list-sessions --json CLI is not installed [0ms]
2026-06-10 01:01:03.035 [error]   [CLI  8d → 25d] undefined ai hook list-sessions --json CLI is not installed [0ms]
2026-06-10 01:02:03.037 [error]   [CLI  8d → 25e] undefined ai hook list-sessions --json CLI is not installed [0ms]
2026-06-10 01:03:03.037 [error]   [CLI  8d → 25f] undefined ai hook list-sessions --json CLI is not installed [0ms]
2026-06-10 01:04:03.038 [error]   [CLI  8d → 260] undefined ai hook list-sessions --json CLI is not installed [0ms]
2026-06-10 01:05:03.038 [error]   [CLI  8d → 261] undefined ai hook list-sessions --json CLI is not installed [0ms]
2026-06-10 01:06:03.039 [error]   [CLI  8d → 262] undefined ai hook list-sessions --json CLI is not installed [0ms]
2026-06-10 01:07:03.039 [error]   [CLI  8d → 263] undefined ai hook list-sessions --json CLI is not installed [0ms]
2026-06-10 01:08:03.040 [error]   [CLI  8d → 264] undefined ai hook list-sessions --json CLI is not installed [0ms]
2026-06-10 01:09:03.041 [error]   [CLI  8d → 265] undefined ai hook list-sessions --json CLI is not installed [0ms]
2026-06-10 01:10:03.043 [error]   [CLI  8d → 266] undefined ai hook list-sessions --json CLI is not installed [0ms]
2026-06-10 01:11:03.044 [error]   [CLI  8d → 267] undefined ai hook list-sessions --json CLI is not installed [0ms]
2026-06-10 01:12:03.043 [error]   [CLI  8d → 268] undefined ai hook list-sessions --json CLI is not installed [0ms]
2026-06-10 01:13:03.045 [error]   [CLI  8d → 269] undefined ai hook list-sessions --json CLI is not installed [0ms]
2026-06-10 01:14:03.046 [error]   [CLI  8d → 26a] undefined ai hook list-sessions --json CLI is not installed [0ms]
2026-06-10 01:15:03.047 [error]   [CLI  8d → 26b] undefined ai hook list-sessions --json CLI is not installed [0ms]
2026-06-10 01:16:03.048 [error]   [CLI  8d → 26c] undefined ai hook list-sessions --json CLI is not installed [0ms]
2026-06-10 01:17:03.049 [error]   [CLI  8d → 26d] undefined ai hook list-sessions --json CLI is not installed [0ms]
2026-06-10 01:18:03.050 [error]   [CLI  8d → 26e] undefined ai hook list-sessions --json CLI is not installed [0ms]
2026-06-10 01:19:03.050 [error]   [CLI  8d → 26f] undefined ai hook list-sessions --json CLI is not installed [0ms]
2026-06-10 01:20:03.051 [error]   [CLI  8d → 270] undefined ai hook list-sessions --json CLI is not installed [0ms]
2026-06-10 01:21:03.051 [error]   [CLI  8d → 271] undefined ai hook list-sessions --json CLI is not installed [0ms]
2026-06-10 01:22:03.052 [error]   [CLI  8d → 272] undefined ai hook list-sessions --json CLI is not installed [0ms]
2026-06-10 01:23:03.056 [error]   [CLI  8d → 273] undefined ai hook list-sessions --json CLI is not installed [0ms]
2026-06-10 01:24:03.056 [error]   [CLI  8d → 274] undefined ai hook list-sessions --json CLI is not installed [0ms]
2026-06-10 01:25:03.057 [error]   [CLI  8d → 275] undefined ai hook list-sessions --json CLI is not installed [0ms]
2026-06-10 01:26:03.057 [error]   [CLI  8d → 276] undefined ai hook list-sessions --json CLI is not installed [0ms]
2026-06-10 01:27:03.060 [error]   [CLI  8d → 277] undefined ai hook list-sessions --json CLI is not installed [0ms]
2026-06-10 01:28:03.061 [error]   [CLI  8d → 278] undefined ai hook list-sessions --json CLI is not installed [0ms]
2026-06-10 01:29:03.061 [error]   [CLI  8d → 279] undefined ai hook list-sessions --json CLI is not installed [0ms]
2026-06-10 01:30:03.062 [error]   [CLI  8d → 27a] undefined ai hook list-sessions --json CLI is not installed [0ms]
2026-06-10 01:31:03.062 [error]   [CLI  8d → 27b] undefined ai hook list-sessions --json CLI is not installed [0ms]
2026-06-10 01:32:03.063 [error]   [CLI  8d → 27c] undefined ai hook list-sessions --json CLI is not installed [0ms]
2026-06-10 01:33:03.064 [error]   [CLI  8d → 27d] undefined ai hook list-sessions --json CLI is not installed [0ms]
2026-06-10 01:34:03.064 [error]   [CLI  8d → 27e] undefined ai hook list-sessions --json CLI is not installed [0ms]
2026-06-10 01:35:03.066 [error]   [CLI  8d → 27f] undefined ai hook list-sessions --json CLI is not installed [0ms]
2026-06-10 01:36:03.068 [error]   [CLI  8d → 280] undefined ai hook list-sessions --json CLI is not installed [0ms]
2026-06-10 01:37:03.069 [error]   [CLI  8d → 281] undefined ai hook list-sessions --json CLI is not installed [0ms]
2026-06-10 01:38:03.070 [error]   [CLI  8d → 282] undefined ai hook list-sessions --json CLI is not installed [0ms]
2026-06-10 01:39:03.070 [error]   [CLI  8d → 283] undefined ai hook list-sessions --json CLI is not installed [0ms]
2026-06-10 01:40:03.072 [error]   [CLI  8d → 284] undefined ai hook list-sessions --json CLI is not installed [0ms]
2026-06-10 01:41:03.072 [error]   [CLI  8d → 285] undefined ai hook list-sessions --json CLI is not installed [0ms]
2026-06-10 01:42:03.074 [error]   [CLI  8d → 286] undefined ai hook list-sessions --json CLI is not installed [0ms]
2026-06-10 01:43:03.074 [error]   [CLI  8d → 287] undefined ai hook list-sessions --json CLI is not installed [0ms]
2026-06-10 01:44:03.074 [error]   [CLI  8d → 288] undefined ai hook list-sessions --json CLI is not installed [0ms]
2026-06-10 01:45:03.074 [error]   [CLI  8d → 289] undefined ai hook list-sessions --json CLI is not installed [0ms]
2026-06-10 01:46:03.075 [error]   [CLI  8d → 28a] undefined ai hook list-sessions --json CLI is not installed [0ms]
2026-06-10 01:47:03.076 [error]   [CLI  8d → 28b] undefined ai hook list-sessions --json CLI is not installed [0ms]
2026-06-10 01:48:03.077 [error]   [CLI  8d → 28c] undefined ai hook list-sessions --json CLI is not installed [0ms]
2026-06-10 01:49:03.077 [error]   [CLI  8d → 28d] undefined ai hook list-sessions --json CLI is not installed [0ms]
2026-06-10 01:50:03.077 [error]   [CLI  8d → 28e] undefined ai hook list-sessions --json CLI is not installed [0ms]
2026-06-10 01:51:03.080 [error]   [CLI  8d → 28f] undefined ai hook list-sessions --json CLI is not installed [0ms]
2026-06-10 01:52:03.081 [error]   [CLI  8d → 290] undefined ai hook list-sessions --json CLI is not installed [0ms]
2026-06-10 01:53:03.082 [error]   [CLI  8d → 291] undefined ai hook list-sessions --json CLI is not installed [0ms]
2026-06-10 01:54:03.084 [error]   [CLI  8d → 292] undefined ai hook list-sessions --json CLI is not installed [0ms]
2026-06-10 01:55:03.085 [error]   [CLI  8d → 293] undefined ai hook list-sessions --json CLI is not installed [0ms]
2026-06-10 01:56:03.086 [error]   [CLI  8d → 294] undefined ai hook list-sessions --json CLI is not installed [0ms]
2026-06-10 01:57:03.086 [error]   [CLI  8d → 295] undefined ai hook list-sessions --json CLI is not installed [0ms]
2026-06-10 01:58:03.087 [error]   [CLI  8d → 296] undefined ai hook list-sessions --json CLI is not installed [0ms]
2026-06-10 01:59:03.088 [error]   [CLI  8d → 297] undefined ai hook list-sessions --json CLI is not installed [0ms]
2026-06-10 02:00:03.088 [error]   [CLI  8d → 298] undefined ai hook list-sessions --json CLI is not installed [0ms]
2026-06-10 02:01:03.090 [error]   [CLI  8d → 299] undefined ai hook list-sessions --json CLI is not installed [0ms]
2026-06-10 02:02:03.090 [error]   [CLI  8d → 29a] undefined ai hook list-sessions --json CLI is not installed [0ms]
2026-06-10 02:03:03.092 [error]   [CLI  8d → 29b] undefined ai hook list-sessions --json CLI is not installed [0ms]
2026-06-10 02:04:03.093 [error]   [CLI  8d → 29c] undefined ai hook list-sessions --json CLI is not installed [0ms]
2026-06-10 02:05:03.094 [error]   [CLI  8d → 29d] undefined ai hook list-sessions --json CLI is not installed [0ms]
2026-06-10 02:06:03.096 [error]   [CLI  8d → 29e] undefined ai hook list-sessions --json CLI is not installed [0ms]
2026-06-10 02:07:03.097 [error]   [CLI  8d → 29f] undefined ai hook list-sessions --json CLI is not installed [0ms]
2026-06-10 02:08:03.097 [error]   [CLI  8d → 2a0] undefined ai hook list-sessions --json CLI is not installed [0ms]
2026-06-10 02:09:03.097 [error]   [CLI  8d → 2a1] undefined ai hook list-sessions --json CLI is not installed [0ms]
2026-06-10 02:10:03.099 [error]   [CLI  8d → 2a2] undefined ai hook list-sessions --json CLI is not installed [0ms]
2026-06-10 02:11:03.100 [error]   [CLI  8d → 2a3] undefined ai hook list-sessions --json CLI is not installed [0ms]
2026-06-10 02:12:03.100 [error]   [CLI  8d → 2a4] undefined ai hook list-sessions --json CLI is not installed [0ms]
2026-06-10 02:13:03.101 [error]   [CLI  8d → 2a5] undefined ai hook list-sessions --json CLI is not installed [0ms]
2026-06-10 02:14:03.102 [error]   [CLI  8d → 2a6] undefined ai hook list-sessions --json CLI is not installed [0ms]
2026-06-10 02:15:03.104 [error]   [CLI  8d → 2a7] undefined ai hook list-sessions --json CLI is not installed [0ms]
2026-06-10 02:16:03.104 [error]   [CLI  8d → 2a8] undefined ai hook list-sessions --json CLI is not installed [0ms]
2026-06-10 02:17:03.106 [error]   [CLI  8d → 2a9] undefined ai hook list-sessions --json CLI is not installed [0ms]
2026-06-10 02:18:03.107 [error]   [CLI  8d → 2aa] undefined ai hook list-sessions --json CLI is not installed [0ms]
2026-06-10 02:19:03.109 [error]   [CLI  8d → 2ab] undefined ai hook list-sessions --json CLI is not installed [0ms]
2026-06-10 02:20:03.110 [error]   [CLI  8d → 2ac] undefined ai hook list-sessions --json CLI is not installed [0ms]
2026-06-10 02:21:03.110 [error]   [CLI  8d → 2ad] undefined ai hook list-sessions --json CLI is not installed [0ms]
2026-06-10 02:22:03.111 [error]   [CLI  8d → 2ae] undefined ai hook list-sessions --json CLI is not installed [0ms]
2026-06-10 02:23:03.111 [error]   [CLI  8d → 2af] undefined ai hook list-sessions --json CLI is not installed [0ms]
2026-06-10 02:24:03.112 [error]   [CLI  8d → 2b0] undefined ai hook list-sessions --json CLI is not installed [0ms]
2026-06-10 02:25:03.112 [error]   [CLI  8d → 2b1] undefined ai hook list-sessions --json CLI is not installed [0ms]
2026-06-10 02:26:03.112 [error]   [CLI  8d → 2b2] undefined ai hook list-sessions --json CLI is not installed [0ms]
2026-06-10 02:27:03.112 [error]   [CLI  8d → 2b3] undefined ai hook list-sessions --json CLI is not installed [0ms]
2026-06-10 02:28:03.112 [error]   [CLI  8d → 2b4] undefined ai hook list-sessions --json CLI is not installed [0ms]
2026-06-10 02:29:03.114 [error]   [CLI  8d → 2b5] undefined ai hook list-sessions --json CLI is not installed [0ms]
2026-06-10 02:30:03.114 [error]   [CLI  8d → 2b6] undefined ai hook list-sessions --json CLI is not installed [0ms]
2026-06-10 02:31:03.116 [error]   [CLI  8d → 2b7] undefined ai hook list-sessions --json CLI is not installed [0ms]
2026-06-10 02:32:03.117 [error]   [CLI  8d → 2b8] undefined ai hook list-sessions --json CLI is not installed [0ms]
2026-06-10 02:33:03.117 [error]   [CLI  8d → 2b9] undefined ai hook list-sessions --json CLI is not installed [0ms]
2026-06-10 02:34:03.118 [error]   [CLI  8d → 2ba] undefined ai hook list-sessions --json CLI is not installed [0ms]
2026-06-10 02:35:03.120 [error]   [CLI  8d → 2bb] undefined ai hook list-sessions --json CLI is not installed [0ms]
2026-06-10 02:36:03.121 [error]   [CLI  8d → 2bc] undefined ai hook list-sessions --json CLI is not installed [0ms]
