2026-06-09 23:35:06.238 [info] [main] Log level: Info
2026-06-09 23:35:06.239 [info] [main] Validating found git in: "git"
2026-06-09 23:35:06.239 [info] [main] Using git "2.43.0" from "git"
2026-06-09 23:35:06.239 [info] [Model][doInitialScan] Initial repository scan started
2026-06-09 23:35:06.239 [info] > git rev-parse --show-toplevel [4ms]
2026-06-09 23:35:06.239 [info] fatal: not a git repository (or any parent up to mount point /)
Stopping at filesystem boundary (GIT_DISCOVERY_ACROSS_FILESYSTEM not set).
2026-06-09 23:35:06.239 [info] > git rev-parse --show-toplevel [4ms]
2026-06-09 23:35:06.239 [info] fatal: not a git repository (or any parent up to mount point /)
Stopping at filesystem boundary (GIT_DISCOVERY_ACROSS_FILESYSTEM not set).
2026-06-09 23:35:06.239 [info] > git rev-parse --show-toplevel [3ms]
2026-06-09 23:35:06.239 [info] fatal: not a git repository (or any parent up to mount point /)
Stopping at filesystem boundary (GIT_DISCOVERY_ACROSS_FILESYSTEM not set).
2026-06-09 23:35:06.239 [info] > git rev-parse --show-toplevel [9ms]
2026-06-09 23:35:06.239 [info] > git rev-parse --git-dir --git-common-dir --show-superproject-working-tree [14ms]
2026-06-09 23:35:08.380 [info] [Model][openRepository] Opened repository (path): /workspace/automation
2026-06-09 23:35:08.380 [info] [Model][openRepository] Opened repository (real path): /workspace/automation
2026-06-09 23:35:08.381 [info] [Model][openRepository] Opened repository (kind): repository
2026-06-09 23:35:08.408 [info] > git config --get commit.template [9ms]
2026-06-09 23:35:08.409 [info] > git config --get --local core.virtualfilesystem [18ms]
2026-06-09 23:35:08.409 [warning] [Git][config] git config failed: Failed to execute git
2026-06-09 23:35:08.410 [info] > git rev-parse --show-toplevel [4ms]
2026-06-09 23:35:08.410 [info] fatal: not a git repository (or any parent up to mount point /)
Stopping at filesystem boundary (GIT_DISCOVERY_ACROSS_FILESYSTEM not set).
2026-06-09 23:35:08.427 [info] > git for-each-ref --format=%(refname)%00%(upstream:short)%00%(objectname)%00%(upstream:track)%00%(upstream:remotename)%00%(upstream:remoteref) refs/heads/dev refs/remotes/dev [9ms]
2026-06-09 23:35:08.427 [warning] [Git][getBranch] No such branch: dev
2026-06-09 23:35:08.447 [info] > git status -z -uall [11ms]
2026-06-09 23:35:08.448 [info] > git rev-parse --show-toplevel [22ms]
2026-06-09 23:35:08.449 [info] > git for-each-ref --sort -committerdate --format %(refname)%00%(objectname)%00%(*objectname) [4ms]
2026-06-09 23:35:08.478 [info] > git for-each-ref --format=%(refname)%00%(upstream:short)%00%(objectname)%00%(upstream:track)%00%(upstream:remotename)%00%(upstream:remoteref) refs/heads/dev refs/remotes/dev [18ms]
2026-06-09 23:35:08.478 [warning] [Git][getBranch] No such branch: dev
2026-06-09 23:35:08.479 [error] [GitHistoryProvider][resolveHEADMergeBase] Failed to resolve merge base for dev: Error: No such branch: dev.
2026-06-09 23:35:08.481 [info] > git config --get commit.template [4ms]
2026-06-09 23:35:08.481 [info] > git rev-parse --git-dir --git-common-dir --show-superproject-working-tree [11ms]
2026-06-09 23:35:08.491 [info] > git for-each-ref --format=%(refname)%00%(upstream:short)%00%(objectname)%00%(upstream:track)%00%(upstream:remotename)%00%(upstream:remoteref) refs/heads/dev refs/remotes/dev [3ms]
2026-06-09 23:35:08.491 [warning] [Git][getBranch] No such branch: dev
2026-06-09 23:35:08.506 [info] > git status -z -uall [7ms]
2026-06-09 23:35:08.507 [info] > git for-each-ref --sort -committerdate --format %(refname)%00%(objectname)%00%(*objectname) [2ms]
2026-06-09 23:35:08.808 [info] [Model][openRepository] Opened repository (path): /workspace/documentation
2026-06-09 23:35:08.808 [info] [Model][openRepository] Opened repository (real path): /workspace/documentation
2026-06-09 23:35:08.808 [info] [Model][openRepository] Opened repository (kind): repository
2026-06-09 23:35:08.835 [info] > git rev-parse --show-toplevel [3ms]
2026-06-09 23:35:08.835 [info] > git config --get commit.template [10ms]
2026-06-09 23:35:08.836 [info] > git config --get --local core.virtualfilesystem [19ms]
2026-06-09 23:35:08.836 [warning] [Git][config] git config failed: Failed to execute git
2026-06-09 23:35:08.852 [info] > git rev-parse --git-dir --git-common-dir --show-superproject-working-tree [9ms]
2026-06-09 23:35:08.853 [info] > git for-each-ref --format=%(refname)%00%(upstream:short)%00%(objectname)%00%(upstream:track)%00%(upstream:remotename)%00%(upstream:remoteref) refs/heads/dev refs/remotes/dev [3ms]
2026-06-09 23:35:08.853 [warning] [Git][getBranch] No such branch: dev
2026-06-09 23:35:08.868 [info] > git status -z -uall [9ms]
2026-06-09 23:35:08.870 [info] > git for-each-ref --sort -committerdate --format %(refname)%00%(objectname)%00%(*objectname) [2ms]
2026-06-09 23:35:08.894 [info] > git for-each-ref --format=%(refname)%00%(upstream:short)%00%(objectname)%00%(upstream:track)%00%(upstream:remotename)%00%(upstream:remoteref) refs/heads/dev refs/remotes/dev [12ms]
2026-06-09 23:35:08.894 [warning] [Git][getBranch] No such branch: dev
2026-06-09 23:35:08.894 [error] [GitHistoryProvider][resolveHEADMergeBase] Failed to resolve merge base for dev: Error: No such branch: dev.
2026-06-09 23:35:08.896 [info] > git config --get commit.template [3ms]
2026-06-09 23:35:08.907 [info] > git for-each-ref --format=%(refname)%00%(upstream:short)%00%(objectname)%00%(upstream:track)%00%(upstream:remotename)%00%(upstream:remoteref) refs/heads/dev refs/remotes/dev [4ms]
2026-06-09 23:35:08.907 [warning] [Git][getBranch] No such branch: dev
2026-06-09 23:35:08.921 [info] > git status -z -uall [8ms]
2026-06-09 23:35:08.922 [info] > git for-each-ref --sort -committerdate --format %(refname)%00%(objectname)%00%(*objectname) [2ms]
2026-06-09 23:35:08.960 [info] [Model][openRepository] Opened repository (path): /workspace/infrastructure
2026-06-09 23:35:08.960 [info] [Model][openRepository] Opened repository (real path): /workspace/infrastructure
2026-06-09 23:35:08.960 [info] [Model][openRepository] Opened repository (kind): repository
2026-06-09 23:35:08.984 [info] > git config --get commit.template [8ms]
2026-06-09 23:35:08.984 [info] > git config --get --local core.virtualfilesystem [16ms]
2026-06-09 23:35:08.984 [warning] [Git][config] git config failed: Failed to execute git
2026-06-09 23:35:08.986 [info] > git rev-parse --show-toplevel [4ms]
2026-06-09 23:35:09.001 [info] > git for-each-ref --format=%(refname)%00%(upstream:short)%00%(objectname)%00%(upstream:track)%00%(upstream:remotename)%00%(upstream:remoteref) refs/heads/dev refs/remotes/dev [9ms]
2026-06-09 23:35:09.002 [warning] [Git][getBranch] No such branch: dev
2026-06-09 23:35:09.020 [info] > git status -z -uall [12ms]
2026-06-09 23:35:09.020 [info] > git rev-parse --git-dir --git-common-dir --show-superproject-working-tree [20ms]
2026-06-09 23:35:09.021 [info] > git for-each-ref --sort -committerdate --format %(refname)%00%(objectname)%00%(*objectname) [5ms]
2026-06-09 23:35:09.059 [info] > git for-each-ref --format=%(refname)%00%(upstream:short)%00%(objectname)%00%(upstream:track)%00%(upstream:remotename)%00%(upstream:remoteref) refs/heads/dev refs/remotes/dev [27ms]
2026-06-09 23:35:09.059 [warning] [Git][getBranch] No such branch: dev
2026-06-09 23:35:09.059 [error] [GitHistoryProvider][resolveHEADMergeBase] Failed to resolve merge base for dev: Error: No such branch: dev.
2026-06-09 23:35:09.060 [info] > git config --get commit.template [2ms]
2026-06-09 23:35:09.071 [info] > git for-each-ref --format=%(refname)%00%(upstream:short)%00%(objectname)%00%(upstream:track)%00%(upstream:remotename)%00%(upstream:remoteref) refs/heads/dev refs/remotes/dev [2ms]
2026-06-09 23:35:09.071 [warning] [Git][getBranch] No such branch: dev
2026-06-09 23:35:09.088 [info] > git status -z -uall [9ms]
2026-06-09 23:35:09.089 [info] > git for-each-ref --sort -committerdate --format %(refname)%00%(objectname)%00%(*objectname) [3ms]
2026-06-09 23:35:09.136 [info] [Model][openRepository] Opened repository (path): /workspace/kubernetes
2026-06-09 23:35:09.136 [info] [Model][openRepository] Opened repository (real path): /workspace/kubernetes
2026-06-09 23:35:09.137 [info] [Model][openRepository] Opened repository (kind): repository
2026-06-09 23:35:09.161 [info] > git config --get commit.template [9ms]
2026-06-09 23:35:09.161 [info] > git config --get --local core.virtualfilesystem [17ms]
2026-06-09 23:35:09.161 [warning] [Git][config] git config failed: Failed to execute git
2026-06-09 23:35:09.163 [info] > git rev-parse --show-toplevel [4ms]
2026-06-09 23:35:09.179 [info] > git for-each-ref --format=%(refname)%00%(upstream:short)%00%(objectname)%00%(upstream:track)%00%(upstream:remotename)%00%(upstream:remoteref) refs/heads/dev refs/remotes/dev [9ms]
2026-06-09 23:35:09.179 [warning] [Git][getBranch] No such branch: dev
2026-06-09 23:35:09.195 [info] > git status -z -uall [9ms]
2026-06-09 23:35:09.195 [info] > git rev-parse --git-dir --git-common-dir --show-superproject-working-tree [17ms]
2026-06-09 23:35:09.196 [info] > git for-each-ref --sort -committerdate --format %(refname)%00%(objectname)%00%(*objectname) [2ms]
2026-06-09 23:35:09.216 [info] > git for-each-ref --format=%(refname)%00%(upstream:short)%00%(objectname)%00%(upstream:track)%00%(upstream:remotename)%00%(upstream:remoteref) refs/heads/dev refs/remotes/dev [10ms]
2026-06-09 23:35:09.216 [warning] [Git][getBranch] No such branch: dev
2026-06-09 23:35:09.216 [error] [GitHistoryProvider][resolveHEADMergeBase] Failed to resolve merge base for dev: Error: No such branch: dev.
2026-06-09 23:35:09.217 [info] > git config --get commit.template [2ms]
2026-06-09 23:35:09.228 [info] > git for-each-ref --format=%(refname)%00%(upstream:short)%00%(objectname)%00%(upstream:track)%00%(upstream:remotename)%00%(upstream:remoteref) refs/heads/dev refs/remotes/dev [2ms]
2026-06-09 23:35:09.228 [warning] [Git][getBranch] No such branch: dev
2026-06-09 23:35:09.246 [info] > git status -z -uall [11ms]
2026-06-09 23:35:09.247 [info] > git for-each-ref --sort -committerdate --format %(refname)%00%(objectname)%00%(*objectname) [5ms]
2026-06-09 23:35:09.271 [info] [Model][openRepository] Opened repository (path): /workspace/labs
2026-06-09 23:35:09.271 [info] [Model][openRepository] Opened repository (real path): /workspace/labs
2026-06-09 23:35:09.271 [info] [Model][openRepository] Opened repository (kind): repository
2026-06-09 23:35:09.296 [info] > git config --get commit.template [9ms]
2026-06-09 23:35:09.296 [info] > git config --get --local core.virtualfilesystem [17ms]
2026-06-09 23:35:09.296 [warning] [Git][config] git config failed: Failed to execute git
2026-06-09 23:35:09.298 [info] > git rev-parse --show-toplevel [3ms]
2026-06-09 23:35:09.298 [info] fatal: not a git repository (or any parent up to mount point /)
Stopping at filesystem boundary (GIT_DISCOVERY_ACROSS_FILESYSTEM not set).
2026-06-09 23:35:09.302 [info] [Model][doInitialScan] Initial repository scan completed - repositories (5), closed repositories (0), parent repositories (0), unsafe repositories (0)
2026-06-09 23:35:09.321 [info] > git rev-parse --show-toplevel [3ms]
2026-06-09 23:35:09.321 [info] fatal: not a git repository (or any parent up to mount point /)
Stopping at filesystem boundary (GIT_DISCOVERY_ACROSS_FILESYSTEM not set).
2026-06-09 23:35:09.322 [info] > git for-each-ref --format=%(refname)%00%(upstream:short)%00%(objectname)%00%(upstream:track)%00%(upstream:remotename)%00%(upstream:remoteref) refs/heads/dev refs/remotes/dev [12ms]
2026-06-09 23:35:09.322 [warning] [Git][getBranch] No such branch: dev
2026-06-09 23:35:09.349 [info] > git status -z -uall [19ms]
2026-06-09 23:35:09.349 [info] > git for-each-ref --sort -committerdate --format %(refname)%00%(objectname)%00%(*objectname) [11ms]
2026-06-09 23:35:09.383 [info] > git for-each-ref --format=%(refname)%00%(upstream:short)%00%(objectname)%00%(upstream:track)%00%(upstream:remotename)%00%(upstream:remoteref) refs/heads/dev refs/remotes/dev [23ms]
2026-06-09 23:35:09.383 [warning] [Git][getBranch] No such branch: dev
2026-06-09 23:35:09.384 [error] [GitHistoryProvider][resolveHEADMergeBase] Failed to resolve merge base for dev: Error: No such branch: dev.
2026-06-09 23:35:09.384 [info] > git rev-parse --show-toplevel [36ms]
2026-06-09 23:35:09.384 [info] fatal: not a git repository (or any parent up to mount point /)
Stopping at filesystem boundary (GIT_DISCOVERY_ACROSS_FILESYSTEM not set).
2026-06-09 23:35:09.385 [info] > git config --get commit.template [14ms]
2026-06-09 23:35:09.395 [info] > git for-each-ref --format=%(refname)%00%(upstream:short)%00%(objectname)%00%(upstream:track)%00%(upstream:remotename)%00%(upstream:remoteref) refs/heads/dev refs/remotes/dev [2ms]
2026-06-09 23:35:09.395 [warning] [Git][getBranch] No such branch: dev
2026-06-09 23:35:09.411 [info] > git status -z -uall [8ms]
2026-06-09 23:35:09.412 [info] > git for-each-ref --sort -committerdate --format %(refname)%00%(objectname)%00%(*objectname) [2ms]
2026-06-09 23:35:11.839 [info] > git check-ignore -v -z --stdin [40ms]
2026-06-09 23:35:11.840 [info] > git check-ignore -v -z --stdin [34ms]
2026-06-09 23:35:11.840 [info] > git check-ignore -v -z --stdin [26ms]
2026-06-09 23:35:11.841 [info] > git check-ignore -v -z --stdin [19ms]
2026-06-09 23:35:11.842 [info] > git check-ignore -v -z --stdin [11ms]
2026-06-09 23:35:31.784 [info] > git rev-parse --show-toplevel [2ms]
2026-06-09 23:35:31.784 [info] fatal: not a git repository (or any parent up to mount point /)
Stopping at filesystem boundary (GIT_DISCOVERY_ACROSS_FILESYSTEM not set).
2026-06-09 23:35:32.554 [info] > git rev-parse --show-toplevel [3ms]
2026-06-09 23:35:32.554 [info] fatal: not a git repository (or any parent up to mount point /)
Stopping at filesystem boundary (GIT_DISCOVERY_ACROSS_FILESYSTEM not set).
2026-06-09 23:35:34.251 [info] > git rev-parse --show-toplevel [5ms]
2026-06-09 23:35:34.251 [info] fatal: not a git repository (or any parent up to mount point /)
Stopping at filesystem boundary (GIT_DISCOVERY_ACROSS_FILESYSTEM not set).
