2026-06-09 23:05:31.788 [info] Extension host with pid 96514 started
2026-06-09 23:05:31.889 [info] ExtensionService#_doActivateExtension vscode.github-authentication, startup: false, activationEvent: 'onAuthenticationRequest:github'
2026-06-09 23:05:31.890 [info] ExtensionService#_doActivateExtension vscode.emmet, startup: false, activationEvent: 'onLanguage'
2026-06-09 23:05:32.042 [info] ExtensionService#_doActivateExtension vscode.git-base, startup: true, activationEvent: '*', root cause: vscode.git
2026-06-09 23:05:32.043 [info] ExtensionService#_doActivateExtension jajera.vsx-remote-ssh, startup: true, activationEvent: '*'
2026-06-09 23:05:32.043 [info] ExtensionService#_doActivateExtension shubhamsharma.ariv-themes, startup: true, activationEvent: '*'
2026-06-09 23:05:32.111 [info] ExtensionService#_doActivateExtension vscode.git, startup: true, activationEvent: '*'
2026-06-09 23:05:32.112 [info] ExtensionService#_doActivateExtension vscode.github, startup: true, activationEvent: '*'
2026-06-09 23:05:32.311 [info] Eager extensions activated
2026-06-09 23:05:32.312 [info] ExtensionService#_doActivateExtension vscode.debug-auto-launch, startup: false, activationEvent: 'onStartupFinished'
2026-06-09 23:05:32.312 [info] ExtensionService#_doActivateExtension vscode.merge-conflict, startup: false, activationEvent: 'onStartupFinished'
2026-06-09 23:05:32.313 [info] ExtensionService#_doActivateExtension Continue.continue, startup: false, activationEvent: 'onStartupFinished'
2026-06-09 23:05:32.313 [info] ExtensionService#_doActivateExtension eamodio.gitlens, startup: false, activationEvent: 'onStartupFinished'
2026-06-09 23:05:32.314 [info] ExtensionService#_doActivateExtension Gruntfuggly.todo-tree, startup: false, activationEvent: 'onStartupFinished'
2026-06-09 23:05:32.314 [info] ExtensionService#_doActivateExtension PKief.material-icon-theme, startup: false, activationEvent: 'onStartupFinished'
2026-06-09 23:05:32.314 [info] ExtensionService#_doActivateExtension usernamehw.errorlens, startup: false, activationEvent: 'onStartupFinished'
2026-06-09 23:05:34.591 [info] ExtensionService#_doActivateExtension vscode.tunnel-forwarding, startup: false, activationEvent: 'onTunnel'
2026-06-09 23:05:36.738 [info] ExtensionService#_doActivateExtension vscode.configuration-editing, startup: false, activationEvent: 'onLanguage:jsonc'
2026-06-09 23:05:36.739 [info] ExtensionService#_doActivateExtension vscode.json-language-features, startup: false, activationEvent: 'onLanguage:jsonc'
2026-06-09 23:05:36.739 [info] ExtensionService#_doActivateExtension vscode.typescript-language-features, startup: false, activationEvent: 'onLanguage:jsonc'
2026-06-09 23:05:36.925 [info] ExtensionService#_doActivateExtension vscode.terminal-suggest, startup: false, activationEvent: 'onTerminalShellIntegration:*'
2026-06-09 23:05:48.816 [info] ExtensionService#_doActivateExtension vscode.npm, startup: false, activationEvent: 'onTerminalQuickFixRequest:ms-vscode.npm-command'
2026-06-10 02:35:33.842 [info] Extension host terminating: renderer disconnected for too long (1)
2026-06-10 02:35:33.976 [error] An error occurred when disposing the subscriptions for extension 'eamodio.gitlens':
2026-06-10 02:35:33.992 [error] Error: Channel has been closed
	at r (file:///app/code-server/lib/vscode/out/vs/workbench/api/node/extensionHostProcess.js:537:3935)
	at Object.info (file:///app/code-server/lib/vscode/out/vs/workbench/api/node/extensionHostProcess.js:537:4305)
	at Logger.info (/config/extensions/eamodio.gitlens-18.0.0-universal/dist/gitlens.js:1570:38775)
	at GkCliIntegrationProvider.stop (/config/extensions/eamodio.gitlens-18.0.0-universal/dist/gitlens.js:2084:43479)
	at GkCliIntegrationProvider.dispose (/config/extensions/eamodio.gitlens-18.0.0-universal/dist/gitlens.js:2084:42056)
	at /config/extensions/eamodio.gitlens-18.0.0-universal/dist/gitlens.js:1995:66929
	at Array.forEach (<anonymous>)
	at Object.dispose (/config/extensions/eamodio.gitlens-18.0.0-universal/dist/gitlens.js:1995:66910)
	at wn (file:///app/code-server/lib/vscode/out/vs/workbench/api/node/extensionHostProcess.js:429:736)
	at XP._fn (file:///app/code-server/lib/vscode/out/vs/workbench/api/node/extensionHostProcess.js:534:18391)
	at XP.dispose (file:///app/code-server/lib/vscode/out/vs/workbench/api/node/extensionHostProcess.js:429:1248)
	at SP._deactivate (file:///app/code-server/lib/vscode/out/vs/workbench/api/node/extensionHostProcess.js:534:14708)
	at file:///app/code-server/lib/vscode/out/vs/workbench/api/node/extensionHostProcess.js:534:12010
	at Array.map (<anonymous>)
	at SP._deactivateAll (file:///app/code-server/lib/vscode/out/vs/workbench/api/node/extensionHostProcess.js:534:11998)
	at SP.terminate (file:///app/code-server/lib/vscode/out/vs/workbench/api/node/extensionHostProcess.js:534:12349)
	at i.terminate (file:///app/code-server/lib/vscode/out/vs/workbench/api/node/extensionHostProcess.js:536:1072)
	at Qs (file:///app/code-server/lib/vscode/out/vs/workbench/api/node/extensionHostProcess.js:833:11734)
	at Nh.runner (file:///app/code-server/lib/vscode/out/vs/workbench/api/node/extensionHostProcess.js:833:8508)
	at Nh.onInterval (file:///app/code-server/lib/vscode/out/vs/workbench/api/node/extensionHostProcess.js:432:78924)
	at listOnTimeout (node:internal/timers:605:17)
	at process.processTimers (node:internal/timers:541:7)
2026-06-10 02:35:33.994 [error] An error occurred when disposing the subscriptions for extension 'Gruntfuggly.todo-tree':
2026-06-10 02:35:33.995 [error] AggregateError: Encountered errors while disposing of store
	at wn (file:///app/code-server/lib/vscode/out/vs/workbench/api/node/extensionHostProcess.js:429:812)
	at XP._fn (file:///app/code-server/lib/vscode/out/vs/workbench/api/node/extensionHostProcess.js:534:18391)
	at XP.dispose (file:///app/code-server/lib/vscode/out/vs/workbench/api/node/extensionHostProcess.js:429:1248)
	at SP._deactivate (file:///app/code-server/lib/vscode/out/vs/workbench/api/node/extensionHostProcess.js:534:14708)
	at file:///app/code-server/lib/vscode/out/vs/workbench/api/node/extensionHostProcess.js:534:12010
	at Array.map (<anonymous>)
	at SP._deactivateAll (file:///app/code-server/lib/vscode/out/vs/workbench/api/node/extensionHostProcess.js:534:11998)
	at SP.terminate (file:///app/code-server/lib/vscode/out/vs/workbench/api/node/extensionHostProcess.js:534:12349)
	at i.terminate (file:///app/code-server/lib/vscode/out/vs/workbench/api/node/extensionHostProcess.js:536:1072)
	at Qs (file:///app/code-server/lib/vscode/out/vs/workbench/api/node/extensionHostProcess.js:833:11734)
	at Nh.runner (file:///app/code-server/lib/vscode/out/vs/workbench/api/node/extensionHostProcess.js:833:8508)
	at Nh.onInterval (file:///app/code-server/lib/vscode/out/vs/workbench/api/node/extensionHostProcess.js:432:78924)
	at listOnTimeout (node:internal/timers:605:17)
	at process.processTimers (node:internal/timers:541:7)
2026-06-10 02:35:34.019 [error] ProxyResolver#resolveProxy undefined Canceled: Canceled
	at ta (file:///app/code-server/lib/vscode/out/vs/workbench/api/node/extensionHostProcess.js:411:1546)
	at file:///app/code-server/lib/vscode/out/vs/workbench/api/node/extensionHostProcess.js:435:106862
	at Array.forEach (<anonymous>)
	at i.dispose (file:///app/code-server/lib/vscode/out/vs/workbench/api/node/extensionHostProcess.js:435:106770)
	at SP.terminate (file:///app/code-server/lib/vscode/out/vs/workbench/api/node/extensionHostProcess.js:534:12328)
	at i.terminate (file:///app/code-server/lib/vscode/out/vs/workbench/api/node/extensionHostProcess.js:536:1072)
	at Qs (file:///app/code-server/lib/vscode/out/vs/workbench/api/node/extensionHostProcess.js:833:11734)
	at Nh.runner (file:///app/code-server/lib/vscode/out/vs/workbench/api/node/extensionHostProcess.js:833:8508)
	at Nh.onInterval (file:///app/code-server/lib/vscode/out/vs/workbench/api/node/extensionHostProcess.js:432:78924)
	at listOnTimeout (node:internal/timers:605:17)
	at process.processTimers (node:internal/timers:541:7) 
2026-06-10 02:35:34.021 [error] ProxyResolver#resolveProxy undefined Canceled: Canceled
	at new nx (file:///app/code-server/lib/vscode/out/vs/workbench/api/node/extensionHostProcess.js:435:105205)
	at i._remoteCall (file:///app/code-server/lib/vscode/out/vs/workbench/api/node/extensionHostProcess.js:435:111257)
	at r.<computed>.s.charCodeAt.r.<computed> (file:///app/code-server/lib/vscode/out/vs/workbench/api/node/extensionHostProcess.js:435:108052)
	at lg.resolveProxy (file:///app/code-server/lib/vscode/out/vs/workbench/api/node/extensionHostProcess.js:527:81609)
	at Object.resolveProxy (file:///app/code-server/lib/vscode/out/vs/workbench/api/node/extensionHostProcess.js:671:25070)
	at useProxySettings (/app/code-server/lib/vscode/node_modules/@vscode/proxy-agent/out/index.js:208:16)
	at /app/code-server/lib/vscode/node_modules/@vscode/proxy-agent/out/index.js:231:13
	at new Promise (<anonymous>)
	at resolveProxyURL (/app/code-server/lib/vscode/node_modules/@vscode/proxy-agent/out/index.js:230:35)
	at /app/code-server/lib/vscode/node_modules/@vscode/proxy-agent/out/index.js:582:53
	at Generator.next (<anonymous>)
	at /app/code-server/lib/vscode/node_modules/@vscode/proxy-agent/out/index.js:35:71
	at new Promise (<anonymous>)
	at __awaiter (/app/code-server/lib/vscode/node_modules/@vscode/proxy-agent/out/index.js:31:12)
	at patchedFetch (/app/code-server/lib/vscode/node_modules/@vscode/proxy-agent/out/index.js:567:16)
	at globalThis.fetch (file:///app/code-server/lib/vscode/out/vs/workbench/api/node/extensionHostProcess.js:671:23754)
	at PostHog2.fetch (/config/extensions/continue.continue-1.2.22-linux-x64/out/extension.js:63305:75)
	at PostHog2.<anonymous> (/config/extensions/continue.continue-1.2.22-linux-x64/out/extension.js:61938:45)
	at step (/config/extensions/continue.continue-1.2.22-linux-x64/out/extension.js:60771:25)
	at Object.next (/config/extensions/continue.continue-1.2.22-linux-x64/out/extension.js:60718:18)
	at /config/extensions/continue.continue-1.2.22-linux-x64/out/extension.js:60704:71
	at new Promise (<anonymous>)
	at __awaiter5 (/config/extensions/continue.continue-1.2.22-linux-x64/out/extension.js:60686:14)
	at /config/extensions/continue.continue-1.2.22-linux-x64/out/extension.js:61929:28
	at /config/extensions/continue.continue-1.2.22-linux-x64/out/extension.js:60846:26
	at step (/config/extensions/continue.continue-1.2.22-linux-x64/out/extension.js:60771:25)
	at Object.next (/config/extensions/continue.continue-1.2.22-linux-x64/out/extension.js:60718:18)
	at /config/extensions/continue.continue-1.2.22-linux-x64/out/extension.js:60704:71
	at new Promise (<anonymous>)
	at __awaiter5 (/config/extensions/continue.continue-1.2.22-linux-x64/out/extension.js:60686:14)
	at retriable (/config/extensions/continue.continue-1.2.22-linux-x64/out/extension.js:60824:14)
	at PostHog2.<anonymous> (/config/extensions/continue.continue-1.2.22-linux-x64/out/extension.js:61928:30)
	at step (/config/extensions/continue.continue-1.2.22-linux-x64/out/extension.js:60771:25)
	at Object.next (/config/extensions/continue.continue-1.2.22-linux-x64/out/extension.js:60718:18)
	at /config/extensions/continue.continue-1.2.22-linux-x64/out/extension.js:60704:71
	at new Promise (<anonymous>)
	at __awaiter5 (/config/extensions/continue.continue-1.2.22-linux-x64/out/extension.js:60686:14)
	at PostHogCoreStateless2.fetchWithRetry (/config/extensions/continue.continue-1.2.22-linux-x64/out/extension.js:61916:18)
	at PostHog2.<anonymous> (/config/extensions/continue.continue-1.2.22-linux-x64/out/extension.js:61666:31)
	at step (/config/extensions/continue.continue-1.2.22-linux-x64/out/extension.js:60771:25)
	at Object.next (/config/extensions/continue.continue-1.2.22-linux-x64/out/extension.js:60718:18)
	at /config/extensions/continue.continue-1.2.22-linux-x64/out/extension.js:60704:71
	at new Promise (<anonymous>)
	at __awaiter5 (/config/extensions/continue.continue-1.2.22-linux-x64/out/extension.js:60686:14)
	at PostHogCoreStateless2.getDecide (/config/extensions/continue.continue-1.2.22-linux-x64/out/extension.js:61656:18)
	at PostHog2.<anonymous> (/config/extensions/continue.continue-1.2.22-linux-x64/out/extension.js:61812:35)
	at step (/config/extensions/continue.continue-1.2.22-linux-x64/out/extension.js:60771:25)
	at Object.next (/config/extensions/continue.continue-1.2.22-linux-x64/out/extension.js:60718:18)
	at /config/extensions/continue.continue-1.2.22-linux-x64/out/extension.js:60704:71
	at new Promise (<anonymous>)
	at __awaiter5 (/config/extensions/continue.continue-1.2.22-linux-x64/out/extension.js:60686:14)
	at PostHogCoreStateless2.getFeatureFlagsAndPayloadsStateless (/config/extensions/continue.continue-1.2.22-linux-x64/out/extension.js:61803:18)
	at PostHog2.<anonymous> (/config/extensions/continue.continue-1.2.22-linux-x64/out/extension.js:61786:35)
	at step (/config/extensions/continue.continue-1.2.22-linux-x64/out/extension.js:60771:25)
	at Object.next (/config/extensions/continue.continue-1.2.22-linux-x64/out/extension.js:60718:18)
	at /config/extensions/continue.continue-1.2.22-linux-x64/out/extension.js:60704:71
	at new Promise (<anonymous>)
	at __awaiter5 (/config/extensions/continue.continue-1.2.22-linux-x64/out/extension.js:60686:14)
	at PostHogCoreStateless2.getFeatureFlagsStateless (/config/extensions/continue.continue-1.2.22-linux-x64/out/extension.js:61782:18)
	at PostHog2.<anonymous> (/config/extensions/continue.continue-1.2.22-linux-x64/out/extension.js:63353:65)
	at step (/config/extensions/continue.continue-1.2.22-linux-x64/out/extension.js:60771:25)
	at Object.next (/config/extensions/continue.continue-1.2.22-linux-x64/out/extension.js:60718:18)
	at /config/extensions/continue.continue-1.2.22-linux-x64/out/extension.js:60704:71
	at new Promise (<anonymous>)
	at __awaiter5 (/config/extensions/continue.continue-1.2.22-linux-x64/out/extension.js:60686:14)
	at /config/extensions/continue.continue-1.2.22-linux-x64/out/extension.js:63341:20
	at processTicksAndRejections (node:internal/process/task_queues:104:5)
	at runNextTicks (node:internal/process/task_queues:69:3)
	at listOnTimeout (node:internal/timers:567:9)
	at process.processTimers (node:internal/timers:541:7) 
2026-06-10 02:35:34.133 [info] Extension host with pid 96514 exiting with code 0
