2026-06-07 09:13:52.115 [info] [main] Log level: Info
2026-06-07 09:13:52.115 [info] [main] Validating found git in: "git"
2026-06-07 09:13:52.115 [info] [main] Using git "2.43.0" from "git"
2026-06-07 09:13:52.115 [info] [Model][doInitialScan] Initial repository scan started
2026-06-07 09:13:52.115 [info] > git rev-parse --show-toplevel [4ms]
2026-06-07 09:13:52.115 [info] fatal: not a git repository (or any parent up to mount point /)
Stopping at filesystem boundary (GIT_DISCOVERY_ACROSS_FILESYSTEM not set).
2026-06-07 09:13:52.115 [info] > git rev-parse --show-toplevel [24ms]
2026-06-07 09:13:52.115 [info] fatal: not a git repository (or any parent up to mount point /)
Stopping at filesystem boundary (GIT_DISCOVERY_ACROSS_FILESYSTEM not set).
2026-06-07 09:13:52.115 [info] > git rev-parse --show-toplevel [17ms]
2026-06-07 09:13:52.115 [info] fatal: not a git repository (or any parent up to mount point /)
Stopping at filesystem boundary (GIT_DISCOVERY_ACROSS_FILESYSTEM not set).
2026-06-07 09:13:52.115 [info] > git rev-parse --show-toplevel [2ms]
2026-06-07 09:13:52.115 [info] fatal: not a git repository (or any parent up to mount point /)
Stopping at filesystem boundary (GIT_DISCOVERY_ACROSS_FILESYSTEM not set).
2026-06-07 09:13:52.115 [info] > git rev-parse --show-toplevel [13ms]
2026-06-07 09:13:52.115 [info] fatal: not a git repository (or any parent up to mount point /)
Stopping at filesystem boundary (GIT_DISCOVERY_ACROSS_FILESYSTEM not set).
2026-06-07 09:13:52.115 [info] > git rev-parse --show-toplevel [4ms]
2026-06-07 09:13:52.115 [info] fatal: not a git repository (or any parent up to mount point /)
Stopping at filesystem boundary (GIT_DISCOVERY_ACROSS_FILESYSTEM not set).
2026-06-07 09:13:52.115 [info] > git rev-parse --show-toplevel [1478ms]
2026-06-07 09:13:52.115 [info] fatal: not a git repository (or any parent up to mount point /)
Stopping at filesystem boundary (GIT_DISCOVERY_ACROSS_FILESYSTEM not set).
2026-06-07 09:13:52.115 [info] [Model][doInitialScan] Initial repository scan completed - repositories (0), closed repositories (0), parent repositories (0), unsafe repositories (0)
2026-06-07 09:13:52.145 [info] > git rev-parse --show-toplevel [4ms]
2026-06-07 09:13:52.145 [info] fatal: not a git repository (or any parent up to mount point /)
Stopping at filesystem boundary (GIT_DISCOVERY_ACROSS_FILESYSTEM not set).
2026-06-07 09:13:52.279 [info] > git rev-parse --show-toplevel [1ms]
2026-06-07 09:13:52.279 [info] fatal: not a git repository (or any parent up to mount point /)
Stopping at filesystem boundary (GIT_DISCOVERY_ACROSS_FILESYSTEM not set).
2026-06-07 09:14:53.211 [info] > git rev-parse --show-toplevel [15ms]
2026-06-07 09:14:53.211 [info] fatal: not a git repository (or any parent up to mount point /)
Stopping at filesystem boundary (GIT_DISCOVERY_ACROSS_FILESYSTEM not set).
