2026-06-09 22:16:00.074 [info] Extension host with pid 72188 started
2026-06-09 22:16:00.074 [error] Error: EEXIST: file already exists, open '/config/data/User/workspaceStorage/-3eb7f34b/vscode.lock'
2026-06-09 22:16:00.075 [info] Lock '/config/data/User/workspaceStorage/-3eb7f34b/vscode.lock': Could not acquire lock, checking if the file is stale.
2026-06-09 22:16:00.076 [info] Lock '/config/data/User/workspaceStorage/-3eb7f34b/vscode.lock': The lock does not look stale, elapsed: 338 ms, giving up.
2026-06-09 22:16:00.077 [error] Error: EEXIST: file already exists, open '/config/data/User/workspaceStorage/-3eb7f34b-1/vscode.lock'
2026-06-09 22:16:00.084 [info] Lock '/config/data/User/workspaceStorage/-3eb7f34b-1/vscode.lock': Could not acquire lock, checking if the file is stale.
2026-06-09 22:16:00.084 [info] Lock '/config/data/User/workspaceStorage/-3eb7f34b-1/vscode.lock': The lock does not look stale, elapsed: 938 ms, giving up.
2026-06-09 22:16:00.096 [info] Lock '/config/data/User/workspaceStorage/-3eb7f34b-2/vscode.lock': Lock acquired.
2026-06-09 22:16:00.202 [info] ExtensionService#_doActivateExtension vscode.github-authentication, startup: false, activationEvent: 'onAuthenticationRequest:github'
2026-06-09 22:16:00.204 [info] ExtensionService#_doActivateExtension vscode.configuration-editing, startup: false, activationEvent: 'onLanguage:jsonc'
2026-06-09 22:16:00.204 [info] ExtensionService#_doActivateExtension vscode.json-language-features, startup: false, activationEvent: 'onLanguage:jsonc'
2026-06-09 22:16:00.204 [info] ExtensionService#_doActivateExtension vscode.typescript-language-features, startup: false, activationEvent: 'onLanguage:jsonc'
2026-06-09 22:16:00.205 [info] ExtensionService#_doActivateExtension vscode.emmet, startup: false, activationEvent: 'onLanguage'
2026-06-09 22:16:00.205 [info] ExtensionService#_doActivateExtension vscode.extension-editing, startup: false, activationEvent: 'onLanguage:json'
2026-06-09 22:16:00.206 [info] ExtensionService#_doActivateExtension vscode.npm, startup: false, activationEvent: 'onLanguage:json'
2026-06-09 22:16:00.959 [info] ExtensionService#_doActivateExtension vscode.git-base, startup: true, activationEvent: '*', root cause: vscode.git
2026-06-09 22:16:00.960 [info] ExtensionService#_doActivateExtension jajera.vsx-remote-ssh, startup: true, activationEvent: '*'
2026-06-09 22:16:00.960 [info] ExtensionService#_doActivateExtension shubhamsharma.ariv-themes, startup: true, activationEvent: '*'
2026-06-09 22:16:01.014 [info] ExtensionService#_doActivateExtension vscode.git, startup: true, activationEvent: '*'
2026-06-09 22:16:01.014 [info] ExtensionService#_doActivateExtension vscode.github, startup: true, activationEvent: '*'
2026-06-09 22:16:01.284 [info] Eager extensions activated
2026-06-09 22:16:01.285 [info] ExtensionService#_doActivateExtension vscode.debug-auto-launch, startup: false, activationEvent: 'onStartupFinished'
2026-06-09 22:16:01.285 [info] ExtensionService#_doActivateExtension vscode.merge-conflict, startup: false, activationEvent: 'onStartupFinished'
2026-06-09 22:16:01.286 [info] ExtensionService#_doActivateExtension Continue.continue, startup: false, activationEvent: 'onStartupFinished'
2026-06-09 22:16:01.286 [info] ExtensionService#_doActivateExtension eamodio.gitlens, startup: false, activationEvent: 'onStartupFinished'
2026-06-09 22:16:01.286 [info] ExtensionService#_doActivateExtension Gruntfuggly.todo-tree, startup: false, activationEvent: 'onStartupFinished'
2026-06-09 22:16:01.287 [info] ExtensionService#_doActivateExtension PKief.material-icon-theme, startup: false, activationEvent: 'onStartupFinished'
2026-06-09 22:16:01.287 [info] ExtensionService#_doActivateExtension usernamehw.errorlens, startup: false, activationEvent: 'onStartupFinished'
2026-06-09 22:16:03.574 [info] ExtensionService#_doActivateExtension vscode.terminal-suggest, startup: false, activationEvent: 'onTerminalShellIntegration:*'
2026-06-09 22:16:03.692 [info] ExtensionService#_doActivateExtension vscode.tunnel-forwarding, startup: false, activationEvent: 'onTunnel'
2026-06-09 22:16:06.820 [info] Extension host terminating: received terminate message from renderer
2026-06-09 22:16:06.822 [info] Lock '/config/data/User/workspaceStorage/-3eb7f34b-2/vscode.lock': Marking the lockfile as scheduled to be released in 6000 ms.
2026-06-09 22:16:06.881 [error] An error occurred when disposing the subscriptions for extension 'eamodio.gitlens':
2026-06-09 22:16:06.885 [error] Error: Channel has been closed
	at r (file:///app/code-server/lib/vscode/out/vs/workbench/api/node/extensionHostProcess.js:537:3935)
	at Object.info (file:///app/code-server/lib/vscode/out/vs/workbench/api/node/extensionHostProcess.js:537:4305)
	at Logger.info (/config/extensions/eamodio.gitlens-18.0.0-universal/dist/gitlens.js:1570:38775)
	at GkCliIntegrationProvider.stop (/config/extensions/eamodio.gitlens-18.0.0-universal/dist/gitlens.js:2084:43479)
	at GkCliIntegrationProvider.dispose (/config/extensions/eamodio.gitlens-18.0.0-universal/dist/gitlens.js:2084:42056)
	at /config/extensions/eamodio.gitlens-18.0.0-universal/dist/gitlens.js:1995:66929
	at Array.forEach (<anonymous>)
	at Object.dispose (/config/extensions/eamodio.gitlens-18.0.0-universal/dist/gitlens.js:1995:66910)
	at wn (file:///app/code-server/lib/vscode/out/vs/workbench/api/node/extensionHostProcess.js:429:736)
	at XP._fn (file:///app/code-server/lib/vscode/out/vs/workbench/api/node/extensionHostProcess.js:534:18391)
	at XP.dispose (file:///app/code-server/lib/vscode/out/vs/workbench/api/node/extensionHostProcess.js:429:1248)
	at SP._deactivate (file:///app/code-server/lib/vscode/out/vs/workbench/api/node/extensionHostProcess.js:534:14708)
	at file:///app/code-server/lib/vscode/out/vs/workbench/api/node/extensionHostProcess.js:534:12010
	at Array.map (<anonymous>)
	at SP._deactivateAll (file:///app/code-server/lib/vscode/out/vs/workbench/api/node/extensionHostProcess.js:534:11998)
	at SP.terminate (file:///app/code-server/lib/vscode/out/vs/workbench/api/node/extensionHostProcess.js:534:12349)
	at i.terminate (file:///app/code-server/lib/vscode/out/vs/workbench/api/node/extensionHostProcess.js:536:1072)
	at Qs (file:///app/code-server/lib/vscode/out/vs/workbench/api/node/extensionHostProcess.js:833:11734)
	at up.value (file:///app/code-server/lib/vscode/out/vs/workbench/api/node/extensionHostProcess.js:833:9880)
	at E._deliver (file:///app/code-server/lib/vscode/out/vs/workbench/api/node/extensionHostProcess.js:431:3244)
	at E.fire (file:///app/code-server/lib/vscode/out/vs/workbench/api/node/extensionHostProcess.js:431:3562)
	at ls.fire (file:///app/code-server/lib/vscode/out/vs/workbench/api/node/extensionHostProcess.js:433:8437)
	at hc._receiveMessage (file:///app/code-server/lib/vscode/out/vs/workbench/api/node/extensionHostProcess.js:433:13337)
	at up.value (file:///app/code-server/lib/vscode/out/vs/workbench/api/node/extensionHostProcess.js:433:10642)
	at E._deliver (file:///app/code-server/lib/vscode/out/vs/workbench/api/node/extensionHostProcess.js:431:3244)
	at E.fire (file:///app/code-server/lib/vscode/out/vs/workbench/api/node/extensionHostProcess.js:431:3562)
	at qI.acceptChunk (file:///app/code-server/lib/vscode/out/vs/workbench/api/node/extensionHostProcess.js:433:6237)
	at up.value (file:///app/code-server/lib/vscode/out/vs/workbench/api/node/extensionHostProcess.js:433:5370)
	at E._deliver (file:///app/code-server/lib/vscode/out/vs/workbench/api/node/extensionHostProcess.js:431:3244)
	at E.fire (file:///app/code-server/lib/vscode/out/vs/workbench/api/node/extensionHostProcess.js:431:3562)
	at iD._processReadQueue (file:///app/code-server/lib/vscode/out/vs/workbench/api/node/extensionHostProcess.js:433:25308)
2026-06-09 22:16:06.886 [error] An error occurred when disposing the subscriptions for extension 'Gruntfuggly.todo-tree':
2026-06-09 22:16:06.886 [error] AggregateError: Encountered errors while disposing of store
	at wn (file:///app/code-server/lib/vscode/out/vs/workbench/api/node/extensionHostProcess.js:429:812)
	at XP._fn (file:///app/code-server/lib/vscode/out/vs/workbench/api/node/extensionHostProcess.js:534:18391)
	at XP.dispose (file:///app/code-server/lib/vscode/out/vs/workbench/api/node/extensionHostProcess.js:429:1248)
	at SP._deactivate (file:///app/code-server/lib/vscode/out/vs/workbench/api/node/extensionHostProcess.js:534:14708)
	at file:///app/code-server/lib/vscode/out/vs/workbench/api/node/extensionHostProcess.js:534:12010
	at Array.map (<anonymous>)
	at SP._deactivateAll (file:///app/code-server/lib/vscode/out/vs/workbench/api/node/extensionHostProcess.js:534:11998)
	at SP.terminate (file:///app/code-server/lib/vscode/out/vs/workbench/api/node/extensionHostProcess.js:534:12349)
	at i.terminate (file:///app/code-server/lib/vscode/out/vs/workbench/api/node/extensionHostProcess.js:536:1072)
	at Qs (file:///app/code-server/lib/vscode/out/vs/workbench/api/node/extensionHostProcess.js:833:11734)
	at up.value (file:///app/code-server/lib/vscode/out/vs/workbench/api/node/extensionHostProcess.js:833:9880)
	at E._deliver (file:///app/code-server/lib/vscode/out/vs/workbench/api/node/extensionHostProcess.js:431:3244)
	at E.fire (file:///app/code-server/lib/vscode/out/vs/workbench/api/node/extensionHostProcess.js:431:3562)
	at ls.fire (file:///app/code-server/lib/vscode/out/vs/workbench/api/node/extensionHostProcess.js:433:8437)
	at hc._receiveMessage (file:///app/code-server/lib/vscode/out/vs/workbench/api/node/extensionHostProcess.js:433:13337)
	at up.value (file:///app/code-server/lib/vscode/out/vs/workbench/api/node/extensionHostProcess.js:433:10642)
	at E._deliver (file:///app/code-server/lib/vscode/out/vs/workbench/api/node/extensionHostProcess.js:431:3244)
	at E.fire (file:///app/code-server/lib/vscode/out/vs/workbench/api/node/extensionHostProcess.js:431:3562)
	at qI.acceptChunk (file:///app/code-server/lib/vscode/out/vs/workbench/api/node/extensionHostProcess.js:433:6237)
	at up.value (file:///app/code-server/lib/vscode/out/vs/workbench/api/node/extensionHostProcess.js:433:5370)
	at E._deliver (file:///app/code-server/lib/vscode/out/vs/workbench/api/node/extensionHostProcess.js:431:3244)
	at E.fire (file:///app/code-server/lib/vscode/out/vs/workbench/api/node/extensionHostProcess.js:431:3562)
	at iD._processReadQueue (file:///app/code-server/lib/vscode/out/vs/workbench/api/node/extensionHostProcess.js:433:25308)
2026-06-09 22:16:06.894 [error] [vscode.json-language-features] provider FAILED
2026-06-09 22:16:06.894 [error] Error: Channel has been closed
	at r (file:///app/code-server/lib/vscode/out/vs/workbench/api/node/extensionHostProcess.js:537:3935)
	at Object.error (file:///app/code-server/lib/vscode/out/vs/workbench/api/node/extensionHostProcess.js:537:4394)
	at QT.error (/app/code-server/lib/vscode/extensions/json-language-features/client/dist/node/jsonClientMain.js:14:276)
	at QT.handleFailedRequest (/app/code-server/lib/vscode/extensions/json-language-features/client/dist/node/jsonClientMain.js:19:9755)
	at /app/code-server/lib/vscode/extensions/json-language-features/client/dist/node/jsonClientMain.js:12:69293
	at async vy.provideColors (file:///app/code-server/lib/vscode/out/vs/workbench/api/node/extensionHostProcess.js:558:164181)
2026-06-09 22:16:06.897 [error] ProxyResolver#resolveProxy undefined Canceled: Canceled
	at new nx (file:///app/code-server/lib/vscode/out/vs/workbench/api/node/extensionHostProcess.js:435:105205)
	at i._remoteCall (file:///app/code-server/lib/vscode/out/vs/workbench/api/node/extensionHostProcess.js:435:111257)
	at r.<computed>.s.charCodeAt.r.<computed> (file:///app/code-server/lib/vscode/out/vs/workbench/api/node/extensionHostProcess.js:435:108052)
	at lg.resolveProxy (file:///app/code-server/lib/vscode/out/vs/workbench/api/node/extensionHostProcess.js:527:81609)
	at Object.resolveProxy (file:///app/code-server/lib/vscode/out/vs/workbench/api/node/extensionHostProcess.js:671:25070)
	at useProxySettings (/app/code-server/lib/vscode/node_modules/@vscode/proxy-agent/out/index.js:208:16)
	at /app/code-server/lib/vscode/node_modules/@vscode/proxy-agent/out/index.js:145:13
	at /app/code-server/lib/vscode/node_modules/@vscode/proxy-agent/out/index.js:1054:13 
2026-06-09 22:16:06.898 [error] ProxyResolver#resolveProxy undefined Canceled: Canceled
	at new nx (file:///app/code-server/lib/vscode/out/vs/workbench/api/node/extensionHostProcess.js:435:105205)
	at i._remoteCall (file:///app/code-server/lib/vscode/out/vs/workbench/api/node/extensionHostProcess.js:435:111257)
	at r.<computed>.s.charCodeAt.r.<computed> (file:///app/code-server/lib/vscode/out/vs/workbench/api/node/extensionHostProcess.js:435:108052)
	at lg.resolveProxy (file:///app/code-server/lib/vscode/out/vs/workbench/api/node/extensionHostProcess.js:527:81609)
	at Object.resolveProxy (file:///app/code-server/lib/vscode/out/vs/workbench/api/node/extensionHostProcess.js:671:25070)
	at useProxySettings (/app/code-server/lib/vscode/node_modules/@vscode/proxy-agent/out/index.js:208:16)
	at /app/code-server/lib/vscode/node_modules/@vscode/proxy-agent/out/index.js:145:13
	at /app/code-server/lib/vscode/node_modules/@vscode/proxy-agent/out/index.js:1054:13 
2026-06-09 22:16:06.959 [info] Extension host with pid 72188 exiting with code 0
