2026-06-07 09:17:35.474 [info] read schema from vscode: vscode://schemas/settings/folder
2026-06-07 09:17:37.307 [info] read schema from vscode: vscode://schemas/settings/resourceLanguage
2026-06-07 09:17:37.309 [info] read schema from vscode: vscode://schemas/launch
2026-06-07 09:17:37.310 [info] read schema from vscode: vscode://schemas/token-styling
2026-06-07 09:17:37.311 [info] read schema from vscode: vscode://schemas/textmate-colors
2026-06-07 09:17:37.311 [info] read schema from vscode: vscode://schemas/workbench-colors
2026-06-07 09:17:37.319 [info] schema change detected vscode://schemas/settings/folder
2026-06-07 09:17:37.332 [info] schema change detected vscode://schemas/settings/folder
2026-06-07 09:17:37.344 [info] schema change detected vscode://schemas/settings/folder
2026-06-07 09:17:37.346 [info] schema change detected vscode://schemas/settings/folder
2026-06-07 09:17:37.412 [info] schema change detected vscode://schemas/settings/resourceLanguage
2026-06-07 09:17:37.518 [info] schema change detected vscode://schemas/settings/folder
2026-06-07 09:17:39.497 [info] read schema from vscode: vscode://schemas/settings/folder
2026-06-07 09:17:39.752 [info] read schema from vscode: vscode://schemas/settings/resourceLanguage
2026-06-07 09:17:39.763 [info] read schema from vscode: vscode://schemas/launch
2026-06-07 09:17:39.766 [info] read schema from vscode: vscode://schemas/token-styling
2026-06-07 09:17:39.766 [info] read schema from vscode: vscode://schemas/textmate-colors
2026-06-07 09:17:39.766 [info] read schema from vscode: vscode://schemas/workbench-colors
2026-06-07 09:17:40.288 [info] schema change detected vscode://schemas/launch
2026-06-07 09:17:40.290 [info] read schema from vscode: vscode://schemas/settings/folder
2026-06-07 09:17:40.508 [info] read schema from vscode: vscode://schemas/launch
2026-06-07 09:22:15.194 [info] schema change detected vscode://schemas/settings/folder
2026-06-07 09:22:15.197 [info] read schema from vscode: vscode://schemas/settings/folder
