2026-06-07 01:46:03.002 [info] [main] Log level: Info
2026-06-07 01:46:03.002 [info] [main] Validating found git in: "git"
2026-06-07 01:46:03.002 [info] [main] Using git "2.43.0" from "git"
2026-06-07 01:46:03.002 [info] [Model][doInitialScan] Initial repository scan started
2026-06-07 01:46:03.002 [info] > git rev-parse --show-toplevel [2ms]
2026-06-07 01:46:03.002 [info] fatal: not a git repository (or any parent up to mount point /)
Stopping at filesystem boundary (GIT_DISCOVERY_ACROSS_FILESYSTEM not set).
2026-06-07 01:46:03.002 [info] > git rev-parse --show-toplevel [2ms]
2026-06-07 01:46:03.002 [info] fatal: not a git repository (or any parent up to mount point /)
Stopping at filesystem boundary (GIT_DISCOVERY_ACROSS_FILESYSTEM not set).
2026-06-07 01:46:03.002 [info] > git rev-parse --show-toplevel [1ms]
2026-06-07 01:46:03.002 [info] fatal: not a git repository (or any parent up to mount point /)
Stopping at filesystem boundary (GIT_DISCOVERY_ACROSS_FILESYSTEM not set).
2026-06-07 01:46:03.002 [info] > git rev-parse --show-toplevel [1324ms]
2026-06-07 01:46:03.002 [info] fatal: not a git repository (or any parent up to mount point /)
Stopping at filesystem boundary (GIT_DISCOVERY_ACROSS_FILESYSTEM not set).
2026-06-07 01:46:03.002 [info] > git rev-parse --show-toplevel [3ms]
2026-06-07 01:46:03.002 [info] fatal: not a git repository (or any parent up to mount point /)
Stopping at filesystem boundary (GIT_DISCOVERY_ACROSS_FILESYSTEM not set).
2026-06-07 01:46:03.002 [info] > git rev-parse --show-toplevel [1ms]
2026-06-07 01:46:03.002 [info] fatal: not a git repository (or any parent up to mount point /)
Stopping at filesystem boundary (GIT_DISCOVERY_ACROSS_FILESYSTEM not set).
2026-06-07 01:46:03.002 [info] > git rev-parse --show-toplevel [128ms]
2026-06-07 01:46:03.002 [info] fatal: not a git repository (or any parent up to mount point /)
Stopping at filesystem boundary (GIT_DISCOVERY_ACROSS_FILESYSTEM not set).
2026-06-07 01:46:03.002 [info] [Model][doInitialScan] Initial repository scan completed - repositories (0), closed repositories (0), parent repositories (0), unsafe repositories (0)
2026-06-07 01:46:03.026 [info] > git rev-parse --show-toplevel [2ms]
2026-06-07 01:46:03.026 [info] fatal: not a git repository (or any parent up to mount point /)
Stopping at filesystem boundary (GIT_DISCOVERY_ACROSS_FILESYSTEM not set).
2026-06-07 01:46:03.493 [info] > git rev-parse --show-toplevel [2ms]
2026-06-07 01:46:03.493 [info] fatal: not a git repository (or any parent up to mount point /)
Stopping at filesystem boundary (GIT_DISCOVERY_ACROSS_FILESYSTEM not set).
