2026-06-07 09:17:35.755 [info] To enable debug logging, run "GitLens: Enable Debug Logging" or "Developer: Set Log Level..." from the Command Palette
2026-06-07 09:17:35.755 [info]    [            1] GitLens v18.0.0  activating in code-server (1.123.0) on the web; mode=production,language='en', logLevel='info', defaultDateLocale='null' (code-oss|2f5d2961-b458-4cd4-b453-4df35a178cad|a17687f1-6ba0-4e92-81c1-8f0f1dde4ad91780816653096)
2026-06-07 09:17:35.755 [info]    [            1] GitLens v18.0.0 activated [121ms]
2026-06-07 09:17:35.755 [info]    [   75 →    76] GlCliGitProvider.findGit Git (2.43.0) found in /usr/bin/git [170ms]
2026-06-07 09:17:35.755 [info]    [   75 →    9a] GlCliGitProvider.repositorySearch(/workspace) searching (depth=1)...
2026-06-07 09:17:35.755 [error]   [GIT          ] [/workspace] git rev-parse --show-toplevel --git-dir --git-common-dir --show-superproject-working-tree · not a git repository (or any parent up to mount point /) · Stopping at filesystem boundary (GIT_DISCOVERY_ACROSS_FILESYSTEM not set). [8ms]
2026-06-07 09:17:35.755 [info]    [   74 →    75] GlCliGitProvider.discoverRepositories auto-opening 0 discovered repo(s) in SCM (autoRepositoryDetection=true)
2026-06-07 09:17:35.758 [info]    [IPC          ] CLI capability published on http://127.0.0.1:39645
2026-06-07 09:17:35.763 [error]   [CLI   94 → ad] undefined ai hook list-sessions --json CLI is not installed [0ms]
2026-06-07 09:17:35.789 [error]   [GIT          ] [/workspace/.vscode] git rev-parse --show-toplevel --git-dir --git-common-dir --show-superproject-working-tree · not a git repository (or any parent up to mount point /) · Stopping at filesystem boundary (GIT_DISCOVERY_ACROSS_FILESYSTEM not set). [24ms]
2026-06-07 09:17:37.297 [info]    [   bf →    c0] GlCliGitProvider.repositorySearch(/workspace) searching (depth=1)...
2026-06-07 09:17:37.307 [error]   [GIT          ] [/workspace] git rev-parse --show-toplevel --git-dir --git-common-dir --show-superproject-working-tree · not a git repository (or any parent up to mount point /) · Stopping at filesystem boundary (GIT_DISCOVERY_ACROSS_FILESYSTEM not set). [10ms]
2026-06-07 09:17:37.313 [info]    [   be →    bf] GlCliGitProvider.discoverRepositories auto-opening 0 discovered repo(s) in SCM (autoRepositoryDetection=true)
2026-06-07 09:17:39.359 [warning] [   96 →    cc] Storage.deleteWorkspace(e=connected:github) completed [*1840ms] (slow)
2026-06-07 09:17:39.359 [warning] [   7a →    96] GitHubIntegration.isConnected returned false [*4045ms] (slow)
2026-06-07 09:18:35.765 [error]   [CLI   8b → ef] undefined ai hook list-sessions --json CLI is not installed [0ms]
2026-06-07 09:19:35.767 [error]   [CLI   8b → f1] undefined ai hook list-sessions --json CLI is not installed [0ms]
2026-06-07 09:20:35.767 [error]   [CLI   8b → f2] undefined ai hook list-sessions --json CLI is not installed [0ms]
2026-06-07 09:21:35.768 [error]   [CLI   8b → f3] undefined ai hook list-sessions --json CLI is not installed [0ms]
2026-06-07 09:22:14.479 [error]   [GIT          ] [/workspace] git rev-parse --show-toplevel --git-dir --git-common-dir --show-superproject-working-tree · not a git repository (or any parent up to mount point /) · Stopping at filesystem boundary (GIT_DISCOVERY_ACROSS_FILESYSTEM not set). [8ms]
2026-06-07 09:22:35.769 [error]   [CLI  8b → 112] undefined ai hook list-sessions --json CLI is not installed [0ms]
2026-06-07 09:23:35.769 [error]   [CLI  8b → 114] undefined ai hook list-sessions --json CLI is not installed [0ms]
2026-06-07 09:24:35.770 [error]   [CLI  8b → 115] undefined ai hook list-sessions --json CLI is not installed [0ms]
2026-06-07 09:25:35.771 [error]   [CLI  8b → 118] undefined ai hook list-sessions --json CLI is not installed [0ms]
2026-06-07 09:26:35.773 [error]   [CLI  8b → 126] undefined ai hook list-sessions --json CLI is not installed [0ms]
2026-06-07 09:27:35.773 [error]   [CLI  8b → 12c] undefined ai hook list-sessions --json CLI is not installed [0ms]
2026-06-07 09:28:35.775 [error]   [CLI  8b → 12d] undefined ai hook list-sessions --json CLI is not installed [0ms]
2026-06-07 09:29:35.775 [error]   [CLI  8b → 12e] undefined ai hook list-sessions --json CLI is not installed [0ms]
2026-06-07 09:30:35.776 [error]   [CLI  8b → 12f] undefined ai hook list-sessions --json CLI is not installed [0ms]
2026-06-07 09:31:35.778 [error]   [CLI  8b → 130] undefined ai hook list-sessions --json CLI is not installed [0ms]
2026-06-07 09:32:35.777 [error]   [CLI  8b → 131] undefined ai hook list-sessions --json CLI is not installed [0ms]
2026-06-07 09:33:35.779 [error]   [CLI  8b → 132] undefined ai hook list-sessions --json CLI is not installed [0ms]
2026-06-07 09:34:35.780 [error]   [CLI  8b → 133] undefined ai hook list-sessions --json CLI is not installed [0ms]
2026-06-07 09:35:35.780 [error]   [CLI  8b → 134] undefined ai hook list-sessions --json CLI is not installed [0ms]
2026-06-07 09:36:35.780 [error]   [CLI  8b → 135] undefined ai hook list-sessions --json CLI is not installed [0ms]
2026-06-07 09:37:35.780 [error]   [CLI  8b → 136] undefined ai hook list-sessions --json CLI is not installed [0ms]
2026-06-07 09:38:35.781 [error]   [CLI  8b → 137] undefined ai hook list-sessions --json CLI is not installed [0ms]
2026-06-07 09:39:35.781 [error]   [CLI  8b → 138] undefined ai hook list-sessions --json CLI is not installed [0ms]
2026-06-07 09:40:35.783 [error]   [CLI  8b → 139] undefined ai hook list-sessions --json CLI is not installed [0ms]
2026-06-07 09:41:35.783 [error]   [CLI  8b → 13a] undefined ai hook list-sessions --json CLI is not installed [0ms]
2026-06-07 09:42:35.784 [error]   [CLI  8b → 13d] undefined ai hook list-sessions --json CLI is not installed [0ms]
2026-06-07 09:43:35.786 [error]   [CLI  8b → 13e] undefined ai hook list-sessions --json CLI is not installed [0ms]
2026-06-07 09:44:35.786 [error]   [CLI  8b → 13f] undefined ai hook list-sessions --json CLI is not installed [0ms]
2026-06-07 09:45:35.786 [error]   [CLI  8b → 140] undefined ai hook list-sessions --json CLI is not installed [0ms]
2026-06-07 09:46:35.787 [error]   [CLI  8b → 141] undefined ai hook list-sessions --json CLI is not installed [0ms]
2026-06-07 09:47:35.817 [error]   [CLI  8b → 142] undefined ai hook list-sessions --json CLI is not installed [0ms]
2026-06-07 09:48:35.818 [error]   [CLI  8b → 143] undefined ai hook list-sessions --json CLI is not installed [0ms]
2026-06-07 09:49:35.819 [error]   [CLI  8b → 144] undefined ai hook list-sessions --json CLI is not installed [0ms]
2026-06-07 09:50:35.820 [error]   [CLI  8b → 145] undefined ai hook list-sessions --json CLI is not installed [0ms]
2026-06-07 09:51:35.822 [error]   [CLI  8b → 146] undefined ai hook list-sessions --json CLI is not installed [0ms]
2026-06-07 09:52:35.820 [error]   [CLI  8b → 147] undefined ai hook list-sessions --json CLI is not installed [0ms]
2026-06-07 09:53:35.821 [error]   [CLI  8b → 148] undefined ai hook list-sessions --json CLI is not installed [0ms]
2026-06-07 09:54:35.820 [error]   [CLI  8b → 149] undefined ai hook list-sessions --json CLI is not installed [0ms]
2026-06-07 09:55:35.821 [error]   [CLI  8b → 14a] undefined ai hook list-sessions --json CLI is not installed [0ms]
2026-06-07 09:56:35.822 [error]   [CLI  8b → 14b] undefined ai hook list-sessions --json CLI is not installed [0ms]
2026-06-07 09:57:35.823 [error]   [CLI  8b → 14c] undefined ai hook list-sessions --json CLI is not installed [0ms]
2026-06-07 09:58:35.823 [error]   [CLI  8b → 14d] undefined ai hook list-sessions --json CLI is not installed [0ms]
2026-06-07 09:59:35.825 [error]   [CLI  8b → 14e] undefined ai hook list-sessions --json CLI is not installed [0ms]
2026-06-07 10:00:35.825 [error]   [CLI  8b → 14f] undefined ai hook list-sessions --json CLI is not installed [0ms]
2026-06-07 10:01:35.826 [error]   [CLI  8b → 150] undefined ai hook list-sessions --json CLI is not installed [0ms]
2026-06-07 10:02:35.826 [error]   [CLI  8b → 151] undefined ai hook list-sessions --json CLI is not installed [0ms]
2026-06-07 10:03:35.826 [error]   [CLI  8b → 152] undefined ai hook list-sessions --json CLI is not installed [0ms]
2026-06-07 10:04:35.826 [error]   [CLI  8b → 153] undefined ai hook list-sessions --json CLI is not installed [0ms]
2026-06-07 10:05:35.828 [error]   [CLI  8b → 154] undefined ai hook list-sessions --json CLI is not installed [0ms]
2026-06-07 10:06:35.828 [error]   [CLI  8b → 155] undefined ai hook list-sessions --json CLI is not installed [0ms]
2026-06-07 10:07:35.828 [error]   [CLI  8b → 156] undefined ai hook list-sessions --json CLI is not installed [0ms]
2026-06-07 10:08:35.830 [error]   [CLI  8b → 157] undefined ai hook list-sessions --json CLI is not installed [0ms]
2026-06-07 10:09:35.830 [error]   [CLI  8b → 158] undefined ai hook list-sessions --json CLI is not installed [0ms]
2026-06-07 10:10:35.831 [error]   [CLI  8b → 159] undefined ai hook list-sessions --json CLI is not installed [0ms]
2026-06-07 10:11:35.833 [error]   [CLI  8b → 15a] undefined ai hook list-sessions --json CLI is not installed [0ms]
2026-06-07 10:12:35.833 [error]   [CLI  8b → 15b] undefined ai hook list-sessions --json CLI is not installed [0ms]
2026-06-07 10:13:35.834 [error]   [CLI  8b → 15c] undefined ai hook list-sessions --json CLI is not installed [0ms]
2026-06-07 10:14:35.834 [error]   [CLI  8b → 15d] undefined ai hook list-sessions --json CLI is not installed [0ms]
2026-06-07 10:15:35.835 [error]   [CLI  8b → 15e] undefined ai hook list-sessions --json CLI is not installed [0ms]
2026-06-07 10:16:35.835 [error]   [CLI  8b → 15f] undefined ai hook list-sessions --json CLI is not installed [0ms]
2026-06-07 10:17:35.835 [error]   [CLI  8b → 160] undefined ai hook list-sessions --json CLI is not installed [0ms]
2026-06-07 10:18:35.835 [error]   [CLI  8b → 161] undefined ai hook list-sessions --json CLI is not installed [0ms]
2026-06-07 10:19:35.835 [error]   [CLI  8b → 162] undefined ai hook list-sessions --json CLI is not installed [0ms]
2026-06-07 10:20:35.835 [error]   [CLI  8b → 163] undefined ai hook list-sessions --json CLI is not installed [0ms]
2026-06-07 10:21:35.837 [error]   [CLI  8b → 164] undefined ai hook list-sessions --json CLI is not installed [0ms]
2026-06-07 10:22:35.836 [error]   [CLI  8b → 165] undefined ai hook list-sessions --json CLI is not installed [0ms]
2026-06-07 10:23:35.838 [error]   [CLI  8b → 166] undefined ai hook list-sessions --json CLI is not installed [0ms]
2026-06-07 10:24:35.838 [error]   [CLI  8b → 167] undefined ai hook list-sessions --json CLI is not installed [0ms]
2026-06-07 10:25:35.838 [error]   [CLI  8b → 168] undefined ai hook list-sessions --json CLI is not installed [0ms]
2026-06-07 10:26:35.839 [error]   [CLI  8b → 169] undefined ai hook list-sessions --json CLI is not installed [0ms]
2026-06-07 10:27:35.840 [error]   [CLI  8b → 16a] undefined ai hook list-sessions --json CLI is not installed [0ms]
2026-06-07 10:28:35.841 [error]   [CLI  8b → 16b] undefined ai hook list-sessions --json CLI is not installed [0ms]
2026-06-07 10:29:35.841 [error]   [CLI  8b → 16c] undefined ai hook list-sessions --json CLI is not installed [0ms]
2026-06-07 10:30:35.841 [error]   [CLI  8b → 16d] undefined ai hook list-sessions --json CLI is not installed [0ms]
2026-06-07 10:31:35.841 [error]   [CLI  8b → 16e] undefined ai hook list-sessions --json CLI is not installed [0ms]
2026-06-07 10:32:35.842 [error]   [CLI  8b → 16f] undefined ai hook list-sessions --json CLI is not installed [0ms]
2026-06-07 10:33:35.843 [error]   [CLI  8b → 170] undefined ai hook list-sessions --json CLI is not installed [0ms]
2026-06-07 10:34:35.843 [error]   [CLI  8b → 171] undefined ai hook list-sessions --json CLI is not installed [0ms]
2026-06-07 10:35:35.844 [error]   [CLI  8b → 172] undefined ai hook list-sessions --json CLI is not installed [0ms]
2026-06-07 10:36:35.845 [error]   [CLI  8b → 173] undefined ai hook list-sessions --json CLI is not installed [0ms]
2026-06-07 10:37:35.846 [error]   [CLI  8b → 174] undefined ai hook list-sessions --json CLI is not installed [0ms]
2026-06-07 10:38:35.847 [error]   [CLI  8b → 175] undefined ai hook list-sessions --json CLI is not installed [0ms]
2026-06-07 10:39:35.847 [error]   [CLI  8b → 176] undefined ai hook list-sessions --json CLI is not installed [0ms]
2026-06-07 10:40:35.848 [error]   [CLI  8b → 177] undefined ai hook list-sessions --json CLI is not installed [0ms]
2026-06-07 10:41:35.850 [error]   [CLI  8b → 178] undefined ai hook list-sessions --json CLI is not installed [0ms]
2026-06-07 10:42:35.851 [error]   [CLI  8b → 179] undefined ai hook list-sessions --json CLI is not installed [0ms]
2026-06-07 10:43:35.851 [error]   [CLI  8b → 17a] undefined ai hook list-sessions --json CLI is not installed [0ms]
2026-06-07 10:44:35.852 [error]   [CLI  8b → 17b] undefined ai hook list-sessions --json CLI is not installed [0ms]
2026-06-07 10:45:35.852 [error]   [CLI  8b → 17c] undefined ai hook list-sessions --json CLI is not installed [0ms]
2026-06-07 10:46:35.853 [error]   [CLI  8b → 17d] undefined ai hook list-sessions --json CLI is not installed [0ms]
2026-06-07 10:47:35.854 [error]   [CLI  8b → 17e] undefined ai hook list-sessions --json CLI is not installed [0ms]
2026-06-07 10:48:35.854 [error]   [CLI  8b → 17f] undefined ai hook list-sessions --json CLI is not installed [0ms]
2026-06-07 10:49:35.856 [error]   [CLI  8b → 180] undefined ai hook list-sessions --json CLI is not installed [0ms]
2026-06-07 10:50:35.856 [error]   [CLI  8b → 181] undefined ai hook list-sessions --json CLI is not installed [0ms]
2026-06-07 10:51:35.857 [error]   [CLI  8b → 182] undefined ai hook list-sessions --json CLI is not installed [0ms]
2026-06-07 10:52:35.858 [error]   [CLI  8b → 183] undefined ai hook list-sessions --json CLI is not installed [0ms]
2026-06-07 10:53:35.859 [error]   [CLI  8b → 184] undefined ai hook list-sessions --json CLI is not installed [0ms]
2026-06-07 10:54:35.859 [error]   [CLI  8b → 185] undefined ai hook list-sessions --json CLI is not installed [0ms]
2026-06-07 10:55:35.860 [error]   [CLI  8b → 186] undefined ai hook list-sessions --json CLI is not installed [0ms]
2026-06-07 10:56:35.861 [error]   [CLI  8b → 187] undefined ai hook list-sessions --json CLI is not installed [0ms]
2026-06-07 10:57:35.862 [error]   [CLI  8b → 188] undefined ai hook list-sessions --json CLI is not installed [0ms]
2026-06-07 10:58:35.863 [error]   [CLI  8b → 189] undefined ai hook list-sessions --json CLI is not installed [0ms]
2026-06-07 10:59:35.863 [error]   [CLI  8b → 18a] undefined ai hook list-sessions --json CLI is not installed [0ms]
2026-06-07 11:00:35.865 [error]   [CLI  8b → 18b] undefined ai hook list-sessions --json CLI is not installed [0ms]
2026-06-07 11:01:35.866 [error]   [CLI  8b → 18c] undefined ai hook list-sessions --json CLI is not installed [0ms]
2026-06-07 11:02:35.867 [error]   [CLI  8b → 18d] undefined ai hook list-sessions --json CLI is not installed [0ms]
2026-06-07 11:03:35.866 [error]   [CLI  8b → 18e] undefined ai hook list-sessions --json CLI is not installed [0ms]
2026-06-07 11:04:35.866 [error]   [CLI  8b → 18f] undefined ai hook list-sessions --json CLI is not installed [0ms]
2026-06-07 11:05:35.867 [error]   [CLI  8b → 190] undefined ai hook list-sessions --json CLI is not installed [0ms]
2026-06-07 11:06:35.868 [error]   [CLI  8b → 191] undefined ai hook list-sessions --json CLI is not installed [0ms]
2026-06-07 11:07:35.868 [error]   [CLI  8b → 192] undefined ai hook list-sessions --json CLI is not installed [0ms]
2026-06-07 11:08:35.870 [error]   [CLI  8b → 193] undefined ai hook list-sessions --json CLI is not installed [0ms]
2026-06-07 11:09:35.870 [error]   [CLI  8b → 194] undefined ai hook list-sessions --json CLI is not installed [0ms]
2026-06-07 11:10:35.871 [error]   [CLI  8b → 195] undefined ai hook list-sessions --json CLI is not installed [0ms]
2026-06-07 11:11:35.872 [error]   [CLI  8b → 196] undefined ai hook list-sessions --json CLI is not installed [0ms]
2026-06-07 11:12:35.872 [error]   [CLI  8b → 197] undefined ai hook list-sessions --json CLI is not installed [0ms]
2026-06-07 11:13:35.872 [error]   [CLI  8b → 198] undefined ai hook list-sessions --json CLI is not installed [0ms]
2026-06-07 11:14:35.872 [error]   [CLI  8b → 199] undefined ai hook list-sessions --json CLI is not installed [0ms]
2026-06-07 11:15:35.872 [error]   [CLI  8b → 19a] undefined ai hook list-sessions --json CLI is not installed [0ms]
2026-06-07 11:16:35.874 [error]   [CLI  8b → 19b] undefined ai hook list-sessions --json CLI is not installed [0ms]
2026-06-07 11:17:35.874 [error]   [CLI  8b → 19c] undefined ai hook list-sessions --json CLI is not installed [0ms]
2026-06-07 11:18:35.874 [error]   [CLI  8b → 19d] undefined ai hook list-sessions --json CLI is not installed [0ms]
2026-06-07 11:19:35.875 [error]   [CLI  8b → 19e] undefined ai hook list-sessions --json CLI is not installed [0ms]
2026-06-07 11:20:35.876 [error]   [CLI  8b → 19f] undefined ai hook list-sessions --json CLI is not installed [0ms]
2026-06-07 11:21:35.876 [error]   [CLI  8b → 1a0] undefined ai hook list-sessions --json CLI is not installed [0ms]
2026-06-07 11:22:35.876 [error]   [CLI  8b → 1a1] undefined ai hook list-sessions --json CLI is not installed [0ms]
2026-06-07 11:23:35.877 [error]   [CLI  8b → 1a2] undefined ai hook list-sessions --json CLI is not installed [0ms]
2026-06-07 11:24:35.877 [error]   [CLI  8b → 1a3] undefined ai hook list-sessions --json CLI is not installed [0ms]
2026-06-07 11:25:35.877 [error]   [CLI  8b → 1a4] undefined ai hook list-sessions --json CLI is not installed [0ms]
2026-06-07 11:26:35.878 [error]   [CLI  8b → 1a5] undefined ai hook list-sessions --json CLI is not installed [0ms]
2026-06-07 11:27:35.878 [error]   [CLI  8b → 1a6] undefined ai hook list-sessions --json CLI is not installed [0ms]
2026-06-07 11:28:35.878 [error]   [CLI  8b → 1a7] undefined ai hook list-sessions --json CLI is not installed [0ms]
2026-06-07 11:29:35.879 [error]   [CLI  8b → 1a8] undefined ai hook list-sessions --json CLI is not installed [0ms]
2026-06-07 11:30:35.880 [error]   [CLI  8b → 1a9] undefined ai hook list-sessions --json CLI is not installed [0ms]
2026-06-07 11:31:35.880 [error]   [CLI  8b → 1aa] undefined ai hook list-sessions --json CLI is not installed [0ms]
2026-06-07 11:32:35.881 [error]   [CLI  8b → 1ab] undefined ai hook list-sessions --json CLI is not installed [0ms]
2026-06-07 11:33:35.882 [error]   [CLI  8b → 1ac] undefined ai hook list-sessions --json CLI is not installed [0ms]
2026-06-07 11:34:35.883 [error]   [CLI  8b → 1ad] undefined ai hook list-sessions --json CLI is not installed [0ms]
2026-06-07 11:35:35.884 [error]   [CLI  8b → 1ae] undefined ai hook list-sessions --json CLI is not installed [0ms]
2026-06-07 11:36:35.884 [error]   [CLI  8b → 1af] undefined ai hook list-sessions --json CLI is not installed [0ms]
2026-06-07 11:37:35.883 [error]   [CLI  8b → 1b0] undefined ai hook list-sessions --json CLI is not installed [0ms]
2026-06-07 11:38:35.884 [error]   [CLI  8b → 1b1] undefined ai hook list-sessions --json CLI is not installed [0ms]
2026-06-07 11:39:35.885 [error]   [CLI  8b → 1b2] undefined ai hook list-sessions --json CLI is not installed [0ms]
2026-06-07 11:40:35.885 [error]   [CLI  8b → 1b3] undefined ai hook list-sessions --json CLI is not installed [0ms]
2026-06-07 11:41:35.886 [error]   [CLI  8b → 1b4] undefined ai hook list-sessions --json CLI is not installed [0ms]
2026-06-07 11:42:35.887 [error]   [CLI  8b → 1b5] undefined ai hook list-sessions --json CLI is not installed [0ms]
2026-06-07 11:43:35.888 [error]   [CLI  8b → 1ba] undefined ai hook list-sessions --json CLI is not installed [0ms]
2026-06-07 11:44:35.889 [error]   [CLI  8b → 1bb] undefined ai hook list-sessions --json CLI is not installed [0ms]
2026-06-07 11:45:35.890 [error]   [CLI  8b → 1bc] undefined ai hook list-sessions --json CLI is not installed [0ms]
2026-06-07 11:46:35.892 [error]   [CLI  8b → 1bd] undefined ai hook list-sessions --json CLI is not installed [0ms]
2026-06-07 11:47:35.891 [error]   [CLI  8b → 1be] undefined ai hook list-sessions --json CLI is not installed [0ms]
2026-06-07 11:48:35.892 [error]   [CLI  8b → 1bf] undefined ai hook list-sessions --json CLI is not installed [0ms]
2026-06-07 11:49:35.893 [error]   [CLI  8b → 1c0] undefined ai hook list-sessions --json CLI is not installed [0ms]
2026-06-07 11:50:35.893 [error]   [CLI  8b → 1c1] undefined ai hook list-sessions --json CLI is not installed [0ms]
2026-06-07 11:51:35.894 [error]   [CLI  8b → 1c2] undefined ai hook list-sessions --json CLI is not installed [0ms]
2026-06-07 11:52:35.896 [error]   [CLI  8b → 1c3] undefined ai hook list-sessions --json CLI is not installed [0ms]
2026-06-07 11:53:35.896 [error]   [CLI  8b → 1c4] undefined ai hook list-sessions --json CLI is not installed [0ms]
2026-06-07 11:54:35.896 [error]   [CLI  8b → 1c5] undefined ai hook list-sessions --json CLI is not installed [0ms]
2026-06-07 11:55:35.897 [error]   [CLI  8b → 1c6] undefined ai hook list-sessions --json CLI is not installed [0ms]
2026-06-07 11:56:35.897 [error]   [CLI  8b → 1c7] undefined ai hook list-sessions --json CLI is not installed [0ms]
2026-06-07 11:57:35.897 [error]   [CLI  8b → 1c8] undefined ai hook list-sessions --json CLI is not installed [0ms]
2026-06-07 11:58:35.899 [error]   [CLI  8b → 1c9] undefined ai hook list-sessions --json CLI is not installed [0ms]
2026-06-07 11:59:35.898 [error]   [CLI  8b → 1ca] undefined ai hook list-sessions --json CLI is not installed [0ms]
2026-06-07 12:00:35.898 [error]   [CLI  8b → 1cb] undefined ai hook list-sessions --json CLI is not installed [0ms]
2026-06-07 12:01:35.900 [error]   [CLI  8b → 1cc] undefined ai hook list-sessions --json CLI is not installed [0ms]
2026-06-07 12:02:35.899 [error]   [CLI  8b → 1cd] undefined ai hook list-sessions --json CLI is not installed [0ms]
2026-06-07 12:03:35.901 [error]   [CLI  8b → 1ce] undefined ai hook list-sessions --json CLI is not installed [0ms]
2026-06-07 12:04:35.901 [error]   [CLI  8b → 1cf] undefined ai hook list-sessions --json CLI is not installed [0ms]
2026-06-07 12:05:35.903 [error]   [CLI  8b → 1d0] undefined ai hook list-sessions --json CLI is not installed [0ms]
2026-06-07 12:06:35.903 [error]   [CLI  8b → 1d1] undefined ai hook list-sessions --json CLI is not installed [0ms]
2026-06-07 12:07:35.904 [error]   [CLI  8b → 1d2] undefined ai hook list-sessions --json CLI is not installed [0ms]
2026-06-07 12:08:35.904 [error]   [CLI  8b → 1d3] undefined ai hook list-sessions --json CLI is not installed [0ms]
2026-06-07 12:09:35.904 [error]   [CLI  8b → 1d4] undefined ai hook list-sessions --json CLI is not installed [0ms]
2026-06-07 12:10:35.904 [error]   [CLI  8b → 1d5] undefined ai hook list-sessions --json CLI is not installed [0ms]
2026-06-07 12:11:35.906 [error]   [CLI  8b → 1d6] undefined ai hook list-sessions --json CLI is not installed [0ms]
2026-06-07 12:12:35.906 [error]   [CLI  8b → 1d7] undefined ai hook list-sessions --json CLI is not installed [0ms]
2026-06-07 12:13:35.906 [error]   [CLI  8b → 1d8] undefined ai hook list-sessions --json CLI is not installed [0ms]
2026-06-07 12:14:35.907 [error]   [CLI  8b → 1d9] undefined ai hook list-sessions --json CLI is not installed [0ms]
2026-06-07 12:15:35.908 [error]   [CLI  8b → 1da] undefined ai hook list-sessions --json CLI is not installed [0ms]
2026-06-07 12:16:35.909 [error]   [CLI  8b → 1db] undefined ai hook list-sessions --json CLI is not installed [0ms]
2026-06-07 12:17:35.909 [error]   [CLI  8b → 1dc] undefined ai hook list-sessions --json CLI is not installed [0ms]
2026-06-07 12:18:35.909 [error]   [CLI  8b → 1dd] undefined ai hook list-sessions --json CLI is not installed [0ms]
2026-06-07 12:19:35.909 [error]   [CLI  8b → 1de] undefined ai hook list-sessions --json CLI is not installed [0ms]
2026-06-07 12:20:35.910 [error]   [CLI  8b → 1df] undefined ai hook list-sessions --json CLI is not installed [0ms]
2026-06-07 12:21:35.910 [error]   [CLI  8b → 1e0] undefined ai hook list-sessions --json CLI is not installed [0ms]
2026-06-07 12:22:35.912 [error]   [CLI  8b → 1e1] undefined ai hook list-sessions --json CLI is not installed [0ms]
2026-06-07 12:23:35.912 [error]   [CLI  8b → 1e2] undefined ai hook list-sessions --json CLI is not installed [0ms]
2026-06-07 12:24:35.913 [error]   [CLI  8b → 1e3] undefined ai hook list-sessions --json CLI is not installed [0ms]
2026-06-07 12:25:35.914 [error]   [CLI  8b → 1e4] undefined ai hook list-sessions --json CLI is not installed [0ms]
2026-06-07 12:26:35.915 [error]   [CLI  8b → 1e5] undefined ai hook list-sessions --json CLI is not installed [0ms]
2026-06-07 12:27:35.917 [error]   [CLI  8b → 1e6] undefined ai hook list-sessions --json CLI is not installed [0ms]
2026-06-07 12:28:35.917 [error]   [CLI  8b → 1e7] undefined ai hook list-sessions --json CLI is not installed [0ms]
2026-06-07 12:29:35.917 [error]   [CLI  8b → 1e8] undefined ai hook list-sessions --json CLI is not installed [0ms]
2026-06-07 12:30:35.919 [error]   [CLI  8b → 1e9] undefined ai hook list-sessions --json CLI is not installed [0ms]
2026-06-07 12:31:35.920 [error]   [CLI  8b → 1ea] undefined ai hook list-sessions --json CLI is not installed [0ms]
2026-06-07 12:32:35.920 [error]   [CLI  8b → 1eb] undefined ai hook list-sessions --json CLI is not installed [0ms]
2026-06-07 12:33:35.921 [error]   [CLI  8b → 1ec] undefined ai hook list-sessions --json CLI is not installed [0ms]
2026-06-07 12:34:35.921 [error]   [CLI  8b → 1ed] undefined ai hook list-sessions --json CLI is not installed [0ms]
2026-06-07 12:35:35.921 [error]   [CLI  8b → 1ee] undefined ai hook list-sessions --json CLI is not installed [0ms]
2026-06-07 12:36:35.923 [error]   [CLI  8b → 1ef] undefined ai hook list-sessions --json CLI is not installed [0ms]
2026-06-07 12:37:35.924 [error]   [CLI  8b → 1f0] undefined ai hook list-sessions --json CLI is not installed [0ms]
2026-06-07 12:38:35.923 [error]   [CLI  8b → 1f1] undefined ai hook list-sessions --json CLI is not installed [0ms]
2026-06-07 12:39:35.923 [error]   [CLI  8b → 1f2] undefined ai hook list-sessions --json CLI is not installed [0ms]
2026-06-07 12:40:35.924 [error]   [CLI  8b → 1f3] undefined ai hook list-sessions --json CLI is not installed [0ms]
2026-06-07 12:41:35.924 [error]   [CLI  8b → 1f4] undefined ai hook list-sessions --json CLI is not installed [0ms]
2026-06-07 12:42:35.925 [error]   [CLI  8b → 1f5] undefined ai hook list-sessions --json CLI is not installed [0ms]
2026-06-07 12:43:35.926 [error]   [CLI  8b → 1f6] undefined ai hook list-sessions --json CLI is not installed [0ms]
2026-06-07 12:44:35.926 [error]   [CLI  8b → 1f7] undefined ai hook list-sessions --json CLI is not installed [0ms]
2026-06-07 12:45:35.926 [error]   [CLI  8b → 1f8] undefined ai hook list-sessions --json CLI is not installed [0ms]
2026-06-07 12:46:35.927 [error]   [CLI  8b → 1f9] undefined ai hook list-sessions --json CLI is not installed [0ms]
2026-06-07 12:47:35.927 [error]   [CLI  8b → 1fa] undefined ai hook list-sessions --json CLI is not installed [0ms]
2026-06-07 12:48:35.928 [error]   [CLI  8b → 1fb] undefined ai hook list-sessions --json CLI is not installed [0ms]
2026-06-07 12:49:35.928 [error]   [CLI  8b → 1fc] undefined ai hook list-sessions --json CLI is not installed [0ms]
2026-06-07 12:50:35.929 [error]   [CLI  8b → 1fd] undefined ai hook list-sessions --json CLI is not installed [0ms]
2026-06-07 12:51:35.928 [error]   [CLI  8b → 1fe] undefined ai hook list-sessions --json CLI is not installed [0ms]
2026-06-07 12:52:35.929 [error]   [CLI  8b → 1ff] undefined ai hook list-sessions --json CLI is not installed [0ms]
2026-06-07 12:53:35.930 [error]   [CLI  8b → 200] undefined ai hook list-sessions --json CLI is not installed [0ms]
2026-06-07 12:54:35.930 [error]   [CLI  8b → 201] undefined ai hook list-sessions --json CLI is not installed [0ms]
2026-06-07 12:55:35.931 [error]   [CLI  8b → 202] undefined ai hook list-sessions --json CLI is not installed [0ms]
2026-06-07 12:56:35.932 [error]   [CLI  8b → 203] undefined ai hook list-sessions --json CLI is not installed [0ms]
2026-06-07 12:57:35.933 [error]   [CLI  8b → 204] undefined ai hook list-sessions --json CLI is not installed [0ms]
2026-06-07 12:58:35.932 [error]   [CLI  8b → 205] undefined ai hook list-sessions --json CLI is not installed [0ms]
2026-06-07 12:59:35.933 [error]   [CLI  8b → 206] undefined ai hook list-sessions --json CLI is not installed [0ms]
2026-06-07 13:00:35.935 [error]   [CLI  8b → 207] undefined ai hook list-sessions --json CLI is not installed [0ms]
2026-06-07 13:01:35.937 [error]   [CLI  8b → 208] undefined ai hook list-sessions --json CLI is not installed [0ms]
2026-06-07 13:02:35.936 [error]   [CLI  8b → 209] undefined ai hook list-sessions --json CLI is not installed [0ms]
2026-06-07 13:03:35.937 [error]   [CLI  8b → 20a] undefined ai hook list-sessions --json CLI is not installed [0ms]
2026-06-07 13:04:35.937 [error]   [CLI  8b → 20b] undefined ai hook list-sessions --json CLI is not installed [0ms]
2026-06-07 13:05:35.938 [error]   [CLI  8b → 20c] undefined ai hook list-sessions --json CLI is not installed [0ms]
2026-06-07 13:06:35.938 [error]   [CLI  8b → 20d] undefined ai hook list-sessions --json CLI is not installed [0ms]
2026-06-07 13:07:35.939 [error]   [CLI  8b → 20e] undefined ai hook list-sessions --json CLI is not installed [0ms]
2026-06-07 13:08:35.939 [error]   [CLI  8b → 20f] undefined ai hook list-sessions --json CLI is not installed [0ms]
2026-06-07 13:09:35.939 [error]   [CLI  8b → 210] undefined ai hook list-sessions --json CLI is not installed [0ms]
2026-06-07 13:10:35.941 [error]   [CLI  8b → 211] undefined ai hook list-sessions --json CLI is not installed [0ms]
2026-06-07 13:11:35.942 [error]   [CLI  8b → 212] undefined ai hook list-sessions --json CLI is not installed [0ms]
2026-06-07 13:12:35.942 [error]   [CLI  8b → 213] undefined ai hook list-sessions --json CLI is not installed [0ms]
2026-06-07 13:13:35.943 [error]   [CLI  8b → 214] undefined ai hook list-sessions --json CLI is not installed [0ms]
2026-06-07 13:14:35.944 [error]   [CLI  8b → 215] undefined ai hook list-sessions --json CLI is not installed [0ms]
2026-06-07 13:15:35.945 [error]   [CLI  8b → 216] undefined ai hook list-sessions --json CLI is not installed [0ms]
2026-06-07 13:16:35.946 [error]   [CLI  8b → 217] undefined ai hook list-sessions --json CLI is not installed [0ms]
2026-06-07 13:17:35.946 [error]   [CLI  8b → 218] undefined ai hook list-sessions --json CLI is not installed [0ms]
2026-06-07 13:18:35.947 [error]   [CLI  8b → 219] undefined ai hook list-sessions --json CLI is not installed [0ms]
2026-06-07 13:19:35.948 [error]   [CLI  8b → 21a] undefined ai hook list-sessions --json CLI is not installed [0ms]
2026-06-07 13:20:35.947 [error]   [CLI  8b → 21b] undefined ai hook list-sessions --json CLI is not installed [0ms]
2026-06-07 13:21:35.948 [error]   [CLI  8b → 21c] undefined ai hook list-sessions --json CLI is not installed [0ms]
2026-06-07 13:22:35.948 [error]   [CLI  8b → 21d] undefined ai hook list-sessions --json CLI is not installed [0ms]
2026-06-07 13:23:35.949 [error]   [CLI  8b → 21e] undefined ai hook list-sessions --json CLI is not installed [0ms]
2026-06-07 13:24:35.949 [error]   [CLI  8b → 21f] undefined ai hook list-sessions --json CLI is not installed [0ms]
2026-06-07 13:25:35.950 [error]   [CLI  8b → 220] undefined ai hook list-sessions --json CLI is not installed [0ms]
2026-06-07 13:26:35.951 [error]   [CLI  8b → 221] undefined ai hook list-sessions --json CLI is not installed [0ms]
2026-06-07 13:27:35.951 [error]   [CLI  8b → 222] undefined ai hook list-sessions --json CLI is not installed [0ms]
2026-06-07 13:28:35.951 [error]   [CLI  8b → 223] undefined ai hook list-sessions --json CLI is not installed [0ms]
2026-06-07 13:29:35.952 [error]   [CLI  8b → 224] undefined ai hook list-sessions --json CLI is not installed [0ms]
2026-06-07 13:30:35.953 [error]   [CLI  8b → 225] undefined ai hook list-sessions --json CLI is not installed [0ms]
2026-06-07 13:31:35.954 [error]   [CLI  8b → 226] undefined ai hook list-sessions --json CLI is not installed [0ms]
2026-06-07 13:32:35.955 [error]   [CLI  8b → 227] undefined ai hook list-sessions --json CLI is not installed [0ms]
2026-06-07 13:33:35.955 [error]   [CLI  8b → 228] undefined ai hook list-sessions --json CLI is not installed [0ms]
2026-06-07 13:34:35.955 [error]   [CLI  8b → 229] undefined ai hook list-sessions --json CLI is not installed [0ms]
2026-06-07 13:35:35.955 [error]   [CLI  8b → 22a] undefined ai hook list-sessions --json CLI is not installed [0ms]
2026-06-07 13:36:35.958 [error]   [CLI  8b → 22b] undefined ai hook list-sessions --json CLI is not installed [0ms]
2026-06-07 13:37:35.958 [error]   [CLI  8b → 22c] undefined ai hook list-sessions --json CLI is not installed [0ms]
2026-06-07 13:38:35.958 [error]   [CLI  8b → 22d] undefined ai hook list-sessions --json CLI is not installed [0ms]
2026-06-07 13:39:35.958 [error]   [CLI  8b → 22e] undefined ai hook list-sessions --json CLI is not installed [0ms]
2026-06-07 13:40:35.959 [error]   [CLI  8b → 22f] undefined ai hook list-sessions --json CLI is not installed [0ms]
2026-06-07 13:41:35.959 [error]   [CLI  8b → 230] undefined ai hook list-sessions --json CLI is not installed [0ms]
2026-06-07 13:42:35.959 [error]   [CLI  8b → 231] undefined ai hook list-sessions --json CLI is not installed [0ms]
2026-06-07 13:43:35.959 [error]   [CLI  8b → 232] undefined ai hook list-sessions --json CLI is not installed [0ms]
2026-06-07 13:44:35.959 [error]   [CLI  8b → 233] undefined ai hook list-sessions --json CLI is not installed [0ms]
2026-06-07 13:45:35.961 [error]   [CLI  8b → 234] undefined ai hook list-sessions --json CLI is not installed [0ms]
2026-06-07 13:46:35.962 [error]   [CLI  8b → 235] undefined ai hook list-sessions --json CLI is not installed [0ms]
2026-06-07 13:47:35.961 [error]   [CLI  8b → 236] undefined ai hook list-sessions --json CLI is not installed [0ms]
2026-06-07 13:48:35.961 [error]   [CLI  8b → 237] undefined ai hook list-sessions --json CLI is not installed [0ms]
2026-06-07 13:49:35.962 [error]   [CLI  8b → 238] undefined ai hook list-sessions --json CLI is not installed [0ms]
2026-06-07 13:50:35.961 [error]   [CLI  8b → 239] undefined ai hook list-sessions --json CLI is not installed [0ms]
2026-06-07 13:51:35.962 [error]   [CLI  8b → 23a] undefined ai hook list-sessions --json CLI is not installed [0ms]
2026-06-07 13:52:35.963 [error]   [CLI  8b → 23b] undefined ai hook list-sessions --json CLI is not installed [0ms]
2026-06-07 13:53:35.963 [error]   [CLI  8b → 23c] undefined ai hook list-sessions --json CLI is not installed [0ms]
2026-06-07 13:54:35.963 [error]   [CLI  8b → 23d] undefined ai hook list-sessions --json CLI is not installed [0ms]
2026-06-07 13:55:35.964 [error]   [CLI  8b → 23e] undefined ai hook list-sessions --json CLI is not installed [0ms]
2026-06-07 13:56:35.964 [error]   [CLI  8b → 23f] undefined ai hook list-sessions --json CLI is not installed [0ms]
2026-06-07 13:57:35.965 [error]   [CLI  8b → 240] undefined ai hook list-sessions --json CLI is not installed [0ms]
2026-06-07 13:58:35.966 [error]   [CLI  8b → 241] undefined ai hook list-sessions --json CLI is not installed [0ms]
2026-06-07 13:59:35.967 [error]   [CLI  8b → 242] undefined ai hook list-sessions --json CLI is not installed [0ms]
2026-06-07 14:00:35.968 [error]   [CLI  8b → 243] undefined ai hook list-sessions --json CLI is not installed [0ms]
2026-06-07 14:01:35.968 [error]   [CLI  8b → 244] undefined ai hook list-sessions --json CLI is not installed [0ms]
2026-06-07 14:02:35.968 [error]   [CLI  8b → 245] undefined ai hook list-sessions --json CLI is not installed [0ms]
2026-06-07 14:03:35.967 [error]   [CLI  8b → 246] undefined ai hook list-sessions --json CLI is not installed [0ms]
2026-06-07 14:04:35.968 [error]   [CLI  8b → 247] undefined ai hook list-sessions --json CLI is not installed [0ms]
2026-06-07 14:05:35.969 [error]   [CLI  8b → 248] undefined ai hook list-sessions --json CLI is not installed [0ms]
2026-06-07 14:06:35.969 [error]   [CLI  8b → 249] undefined ai hook list-sessions --json CLI is not installed [0ms]
2026-06-07 14:07:35.970 [error]   [CLI  8b → 24a] undefined ai hook list-sessions --json CLI is not installed [0ms]
2026-06-07 14:08:35.970 [error]   [CLI  8b → 24b] undefined ai hook list-sessions --json CLI is not installed [0ms]
2026-06-07 14:09:35.971 [error]   [CLI  8b → 24c] undefined ai hook list-sessions --json CLI is not installed [0ms]
2026-06-07 14:10:35.971 [error]   [CLI  8b → 24d] undefined ai hook list-sessions --json CLI is not installed [0ms]
2026-06-07 14:11:35.971 [error]   [CLI  8b → 24e] undefined ai hook list-sessions --json CLI is not installed [0ms]
2026-06-07 14:12:35.972 [error]   [CLI  8b → 24f] undefined ai hook list-sessions --json CLI is not installed [0ms]
2026-06-07 14:13:35.972 [error]   [CLI  8b → 250] undefined ai hook list-sessions --json CLI is not installed [0ms]
2026-06-07 14:14:35.973 [error]   [CLI  8b → 251] undefined ai hook list-sessions --json CLI is not installed [0ms]
2026-06-07 14:15:35.974 [error]   [CLI  8b → 252] undefined ai hook list-sessions --json CLI is not installed [0ms]
2026-06-07 14:16:35.975 [error]   [CLI  8b → 253] undefined ai hook list-sessions --json CLI is not installed [0ms]
2026-06-07 14:17:35.975 [error]   [CLI  8b → 254] undefined ai hook list-sessions --json CLI is not installed [0ms]
2026-06-07 14:18:35.976 [error]   [CLI  8b → 255] undefined ai hook list-sessions --json CLI is not installed [0ms]
2026-06-07 14:19:35.976 [error]   [CLI  8b → 256] undefined ai hook list-sessions --json CLI is not installed [0ms]
2026-06-07 14:20:35.975 [error]   [CLI  8b → 257] undefined ai hook list-sessions --json CLI is not installed [0ms]
2026-06-07 14:21:35.976 [error]   [CLI  8b → 258] undefined ai hook list-sessions --json CLI is not installed [0ms]
2026-06-07 14:22:35.976 [error]   [CLI  8b → 259] undefined ai hook list-sessions --json CLI is not installed [0ms]
2026-06-07 14:23:35.976 [error]   [CLI  8b → 25a] undefined ai hook list-sessions --json CLI is not installed [0ms]
2026-06-07 14:24:35.976 [error]   [CLI  8b → 25b] undefined ai hook list-sessions --json CLI is not installed [0ms]
2026-06-07 14:25:35.976 [error]   [CLI  8b → 25c] undefined ai hook list-sessions --json CLI is not installed [0ms]
2026-06-07 14:26:35.976 [error]   [CLI  8b → 25d] undefined ai hook list-sessions --json CLI is not installed [0ms]
2026-06-07 14:27:35.976 [error]   [CLI  8b → 25e] undefined ai hook list-sessions --json CLI is not installed [0ms]
2026-06-07 14:28:35.976 [error]   [CLI  8b → 25f] undefined ai hook list-sessions --json CLI is not installed [0ms]
2026-06-07 14:29:35.977 [error]   [CLI  8b → 260] undefined ai hook list-sessions --json CLI is not installed [0ms]
2026-06-07 14:30:35.977 [error]   [CLI  8b → 261] undefined ai hook list-sessions --json CLI is not installed [0ms]
2026-06-07 14:31:35.978 [error]   [CLI  8b → 262] undefined ai hook list-sessions --json CLI is not installed [0ms]
2026-06-07 14:32:35.979 [error]   [CLI  8b → 263] undefined ai hook list-sessions --json CLI is not installed [0ms]
2026-06-07 14:33:35.980 [error]   [CLI  8b → 264] undefined ai hook list-sessions --json CLI is not installed [0ms]
2026-06-07 14:34:35.980 [error]   [CLI  8b → 265] undefined ai hook list-sessions --json CLI is not installed [0ms]
2026-06-07 14:35:35.981 [error]   [CLI  8b → 266] undefined ai hook list-sessions --json CLI is not installed [0ms]
2026-06-07 14:36:35.980 [error]   [CLI  8b → 267] undefined ai hook list-sessions --json CLI is not installed [0ms]
2026-06-07 14:37:35.981 [error]   [CLI  8b → 268] undefined ai hook list-sessions --json CLI is not installed [0ms]
2026-06-07 14:38:35.983 [error]   [CLI  8b → 269] undefined ai hook list-sessions --json CLI is not installed [0ms]
2026-06-07 14:39:35.983 [error]   [CLI  8b → 26a] undefined ai hook list-sessions --json CLI is not installed [0ms]
2026-06-07 14:40:35.983 [error]   [CLI  8b → 26b] undefined ai hook list-sessions --json CLI is not installed [0ms]
2026-06-07 14:41:35.984 [error]   [CLI  8b → 26c] undefined ai hook list-sessions --json CLI is not installed [0ms]
2026-06-07 14:42:35.985 [error]   [CLI  8b → 26d] undefined ai hook list-sessions --json CLI is not installed [0ms]
2026-06-07 14:43:35.985 [error]   [CLI  8b → 26e] undefined ai hook list-sessions --json CLI is not installed [0ms]
2026-06-07 14:44:35.986 [error]   [CLI  8b → 26f] undefined ai hook list-sessions --json CLI is not installed [0ms]
2026-06-07 14:45:35.985 [error]   [CLI  8b → 270] undefined ai hook list-sessions --json CLI is not installed [0ms]
2026-06-07 14:46:35.987 [error]   [CLI  8b → 271] undefined ai hook list-sessions --json CLI is not installed [0ms]
2026-06-07 14:47:35.986 [error]   [CLI  8b → 272] undefined ai hook list-sessions --json CLI is not installed [0ms]
2026-06-07 14:48:35.987 [error]   [CLI  8b → 273] undefined ai hook list-sessions --json CLI is not installed [0ms]
2026-06-07 14:49:35.988 [error]   [CLI  8b → 274] undefined ai hook list-sessions --json CLI is not installed [0ms]
2026-06-07 14:50:35.989 [error]   [CLI  8b → 275] undefined ai hook list-sessions --json CLI is not installed [0ms]
2026-06-07 14:51:35.990 [error]   [CLI  8b → 276] undefined ai hook list-sessions --json CLI is not installed [0ms]
2026-06-07 14:52:35.991 [error]   [CLI  8b → 277] undefined ai hook list-sessions --json CLI is not installed [0ms]
2026-06-07 14:53:35.991 [error]   [CLI  8b → 278] undefined ai hook list-sessions --json CLI is not installed [0ms]
2026-06-07 14:54:35.992 [error]   [CLI  8b → 279] undefined ai hook list-sessions --json CLI is not installed [0ms]
2026-06-07 14:55:35.992 [error]   [CLI  8b → 27a] undefined ai hook list-sessions --json CLI is not installed [0ms]
2026-06-07 14:56:35.992 [error]   [CLI  8b → 27b] undefined ai hook list-sessions --json CLI is not installed [0ms]
2026-06-07 14:57:35.994 [error]   [CLI  8b → 27c] undefined ai hook list-sessions --json CLI is not installed [0ms]
2026-06-07 14:58:35.994 [error]   [CLI  8b → 27d] undefined ai hook list-sessions --json CLI is not installed [0ms]
2026-06-07 14:59:35.995 [error]   [CLI  8b → 27e] undefined ai hook list-sessions --json CLI is not installed [0ms]
2026-06-07 15:00:35.996 [error]   [CLI  8b → 27f] undefined ai hook list-sessions --json CLI is not installed [0ms]
2026-06-07 15:01:35.996 [error]   [CLI  8b → 280] undefined ai hook list-sessions --json CLI is not installed [0ms]
2026-06-07 15:02:35.996 [error]   [CLI  8b → 281] undefined ai hook list-sessions --json CLI is not installed [0ms]
2026-06-07 15:03:35.996 [error]   [CLI  8b → 282] undefined ai hook list-sessions --json CLI is not installed [0ms]
2026-06-07 15:04:35.998 [error]   [CLI  8b → 283] undefined ai hook list-sessions --json CLI is not installed [0ms]
2026-06-07 15:05:35.998 [error]   [CLI  8b → 284] undefined ai hook list-sessions --json CLI is not installed [0ms]
2026-06-07 15:06:35.998 [error]   [CLI  8b → 285] undefined ai hook list-sessions --json CLI is not installed [0ms]
2026-06-07 15:07:35.999 [error]   [CLI  8b → 286] undefined ai hook list-sessions --json CLI is not installed [0ms]
2026-06-07 15:08:36.000 [error]   [CLI  8b → 287] undefined ai hook list-sessions --json CLI is not installed [0ms]
2026-06-07 15:09:36.000 [error]   [CLI  8b → 288] undefined ai hook list-sessions --json CLI is not installed [0ms]
2026-06-07 15:10:36.000 [error]   [CLI  8b → 289] undefined ai hook list-sessions --json CLI is not installed [0ms]
2026-06-07 15:11:36.000 [error]   [CLI  8b → 28a] undefined ai hook list-sessions --json CLI is not installed [0ms]
2026-06-07 15:12:36.001 [error]   [CLI  8b → 28b] undefined ai hook list-sessions --json CLI is not installed [0ms]
2026-06-07 15:13:36.002 [error]   [CLI  8b → 28c] undefined ai hook list-sessions --json CLI is not installed [0ms]
2026-06-07 15:14:36.003 [error]   [CLI  8b → 28d] undefined ai hook list-sessions --json CLI is not installed [0ms]
2026-06-07 15:15:36.003 [error]   [CLI  8b → 28e] undefined ai hook list-sessions --json CLI is not installed [0ms]
2026-06-07 15:16:36.003 [error]   [CLI  8b → 28f] undefined ai hook list-sessions --json CLI is not installed [0ms]
2026-06-07 15:17:36.003 [error]   [CLI  8b → 290] undefined ai hook list-sessions --json CLI is not installed [0ms]
2026-06-07 15:18:36.003 [error]   [CLI  8b → 291] undefined ai hook list-sessions --json CLI is not installed [0ms]
2026-06-07 15:19:36.002 [error]   [CLI  8b → 292] undefined ai hook list-sessions --json CLI is not installed [0ms]
2026-06-07 15:20:36.002 [error]   [CLI  8b → 293] undefined ai hook list-sessions --json CLI is not installed [0ms]
2026-06-07 15:21:36.003 [error]   [CLI  8b → 294] undefined ai hook list-sessions --json CLI is not installed [0ms]
2026-06-07 15:22:36.002 [error]   [CLI  8b → 295] undefined ai hook list-sessions --json CLI is not installed [0ms]
2026-06-07 15:23:36.004 [error]   [CLI  8b → 296] undefined ai hook list-sessions --json CLI is not installed [0ms]
2026-06-07 15:24:36.005 [error]   [CLI  8b → 297] undefined ai hook list-sessions --json CLI is not installed [0ms]
2026-06-07 15:25:36.005 [error]   [CLI  8b → 298] undefined ai hook list-sessions --json CLI is not installed [0ms]
2026-06-07 15:26:36.006 [error]   [CLI  8b → 299] undefined ai hook list-sessions --json CLI is not installed [0ms]
2026-06-07 15:27:36.006 [error]   [CLI  8b → 29a] undefined ai hook list-sessions --json CLI is not installed [0ms]
2026-06-07 15:28:36.006 [error]   [CLI  8b → 29b] undefined ai hook list-sessions --json CLI is not installed [0ms]
2026-06-07 15:29:36.007 [error]   [CLI  8b → 29c] undefined ai hook list-sessions --json CLI is not installed [0ms]
2026-06-07 15:30:36.006 [error]   [CLI  8b → 29d] undefined ai hook list-sessions --json CLI is not installed [0ms]
2026-06-07 15:31:36.007 [error]   [CLI  8b → 29e] undefined ai hook list-sessions --json CLI is not installed [0ms]
2026-06-07 15:32:36.006 [error]   [CLI  8b → 29f] undefined ai hook list-sessions --json CLI is not installed [0ms]
2026-06-07 15:33:36.008 [error]   [CLI  8b → 2a0] undefined ai hook list-sessions --json CLI is not installed [0ms]
2026-06-07 15:34:36.007 [error]   [CLI  8b → 2a1] undefined ai hook list-sessions --json CLI is not installed [0ms]
2026-06-07 15:35:36.008 [error]   [CLI  8b → 2a2] undefined ai hook list-sessions --json CLI is not installed [0ms]
2026-06-07 15:36:36.009 [error]   [CLI  8b → 2a3] undefined ai hook list-sessions --json CLI is not installed [0ms]
2026-06-07 15:37:36.009 [error]   [CLI  8b → 2a4] undefined ai hook list-sessions --json CLI is not installed [0ms]
2026-06-07 15:38:36.009 [error]   [CLI  8b → 2a5] undefined ai hook list-sessions --json CLI is not installed [0ms]
2026-06-07 15:39:36.010 [error]   [CLI  8b → 2a6] undefined ai hook list-sessions --json CLI is not installed [0ms]
2026-06-07 15:40:36.010 [error]   [CLI  8b → 2a7] undefined ai hook list-sessions --json CLI is not installed [0ms]
2026-06-07 15:41:36.011 [error]   [CLI  8b → 2a8] undefined ai hook list-sessions --json CLI is not installed [0ms]
2026-06-07 15:42:36.011 [error]   [CLI  8b → 2a9] undefined ai hook list-sessions --json CLI is not installed [0ms]
2026-06-07 15:43:36.011 [error]   [CLI  8b → 2aa] undefined ai hook list-sessions --json CLI is not installed [0ms]
2026-06-07 15:44:36.012 [error]   [CLI  8b → 2ab] undefined ai hook list-sessions --json CLI is not installed [0ms]
2026-06-07 15:45:36.011 [error]   [CLI  8b → 2ac] undefined ai hook list-sessions --json CLI is not installed [0ms]
2026-06-07 15:46:36.012 [error]   [CLI  8b → 2ad] undefined ai hook list-sessions --json CLI is not installed [0ms]
2026-06-07 15:47:36.012 [error]   [CLI  8b → 2ae] undefined ai hook list-sessions --json CLI is not installed [0ms]
2026-06-07 15:48:36.013 [error]   [CLI  8b → 2af] undefined ai hook list-sessions --json CLI is not installed [0ms]
2026-06-07 15:49:36.013 [error]   [CLI  8b → 2b0] undefined ai hook list-sessions --json CLI is not installed [0ms]
2026-06-07 15:50:36.014 [error]   [CLI  8b → 2b1] undefined ai hook list-sessions --json CLI is not installed [0ms]
2026-06-07 15:51:36.015 [error]   [CLI  8b → 2b2] undefined ai hook list-sessions --json CLI is not installed [0ms]
2026-06-07 15:52:36.016 [error]   [CLI  8b → 2b3] undefined ai hook list-sessions --json CLI is not installed [0ms]
2026-06-07 15:53:36.016 [error]   [CLI  8b → 2b4] undefined ai hook list-sessions --json CLI is not installed [0ms]
2026-06-07 15:54:36.015 [error]   [CLI  8b → 2b5] undefined ai hook list-sessions --json CLI is not installed [0ms]
2026-06-07 15:55:36.016 [error]   [CLI  8b → 2b6] undefined ai hook list-sessions --json CLI is not installed [0ms]
2026-06-07 15:56:36.017 [error]   [CLI  8b → 2b7] undefined ai hook list-sessions --json CLI is not installed [0ms]
2026-06-07 15:57:36.017 [error]   [CLI  8b → 2b8] undefined ai hook list-sessions --json CLI is not installed [0ms]
2026-06-07 15:58:36.018 [error]   [CLI  8b → 2b9] undefined ai hook list-sessions --json CLI is not installed [0ms]
2026-06-07 15:59:36.016 [error]   [CLI  8b → 2ba] undefined ai hook list-sessions --json CLI is not installed [0ms]
2026-06-07 16:00:36.016 [error]   [CLI  8b → 2bb] undefined ai hook list-sessions --json CLI is not installed [0ms]
2026-06-07 16:01:36.018 [error]   [CLI  8b → 2bc] undefined ai hook list-sessions --json CLI is not installed [0ms]
2026-06-07 16:02:36.019 [error]   [CLI  8b → 2bd] undefined ai hook list-sessions --json CLI is not installed [0ms]
2026-06-07 16:03:36.018 [error]   [CLI  8b → 2be] undefined ai hook list-sessions --json CLI is not installed [0ms]
2026-06-07 16:04:36.019 [error]   [CLI  8b → 2bf] undefined ai hook list-sessions --json CLI is not installed [0ms]
2026-06-07 16:05:36.018 [error]   [CLI  8b → 2c0] undefined ai hook list-sessions --json CLI is not installed [0ms]
2026-06-07 16:06:36.019 [error]   [CLI  8b → 2c1] undefined ai hook list-sessions --json CLI is not installed [0ms]
2026-06-07 16:07:36.020 [error]   [CLI  8b → 2c2] undefined ai hook list-sessions --json CLI is not installed [0ms]
2026-06-07 16:08:36.020 [error]   [CLI  8b → 2c3] undefined ai hook list-sessions --json CLI is not installed [0ms]
2026-06-07 16:09:36.021 [error]   [CLI  8b → 2c4] undefined ai hook list-sessions --json CLI is not installed [0ms]
2026-06-07 16:10:36.020 [error]   [CLI  8b → 2c5] undefined ai hook list-sessions --json CLI is not installed [0ms]
2026-06-07 16:11:36.020 [error]   [CLI  8b → 2c6] undefined ai hook list-sessions --json CLI is not installed [0ms]
2026-06-07 16:12:36.021 [error]   [CLI  8b → 2c7] undefined ai hook list-sessions --json CLI is not installed [0ms]
2026-06-07 16:13:36.022 [error]   [CLI  8b → 2c8] undefined ai hook list-sessions --json CLI is not installed [0ms]
2026-06-07 16:14:36.023 [error]   [CLI  8b → 2c9] undefined ai hook list-sessions --json CLI is not installed [0ms]
2026-06-07 16:15:36.023 [error]   [CLI  8b → 2ca] undefined ai hook list-sessions --json CLI is not installed [0ms]
2026-06-07 16:16:36.024 [error]   [CLI  8b → 2cb] undefined ai hook list-sessions --json CLI is not installed [0ms]
2026-06-07 16:17:36.024 [error]   [CLI  8b → 2cc] undefined ai hook list-sessions --json CLI is not installed [0ms]
2026-06-07 16:18:36.024 [error]   [CLI  8b → 2cd] undefined ai hook list-sessions --json CLI is not installed [0ms]
2026-06-07 16:19:36.024 [error]   [CLI  8b → 2ce] undefined ai hook list-sessions --json CLI is not installed [0ms]
2026-06-07 16:20:36.024 [error]   [CLI  8b → 2cf] undefined ai hook list-sessions --json CLI is not installed [0ms]
2026-06-07 16:21:36.024 [error]   [CLI  8b → 2d0] undefined ai hook list-sessions --json CLI is not installed [0ms]
2026-06-07 16:22:36.025 [error]   [CLI  8b → 2d1] undefined ai hook list-sessions --json CLI is not installed [0ms]
2026-06-07 16:23:36.024 [error]   [CLI  8b → 2d2] undefined ai hook list-sessions --json CLI is not installed [0ms]
2026-06-07 16:24:36.024 [error]   [CLI  8b → 2d3] undefined ai hook list-sessions --json CLI is not installed [0ms]
2026-06-07 16:25:36.024 [error]   [CLI  8b → 2d4] undefined ai hook list-sessions --json CLI is not installed [0ms]
2026-06-07 16:26:36.026 [error]   [CLI  8b → 2d5] undefined ai hook list-sessions --json CLI is not installed [0ms]
2026-06-07 16:27:36.026 [error]   [CLI  8b → 2d6] undefined ai hook list-sessions --json CLI is not installed [0ms]
2026-06-07 16:28:36.026 [error]   [CLI  8b → 2d7] undefined ai hook list-sessions --json CLI is not installed [0ms]
2026-06-07 16:29:36.026 [error]   [CLI  8b → 2d8] undefined ai hook list-sessions --json CLI is not installed [0ms]
2026-06-07 16:30:36.027 [error]   [CLI  8b → 2d9] undefined ai hook list-sessions --json CLI is not installed [0ms]
2026-06-07 16:31:36.027 [error]   [CLI  8b → 2da] undefined ai hook list-sessions --json CLI is not installed [0ms]
2026-06-07 16:32:36.027 [error]   [CLI  8b → 2db] undefined ai hook list-sessions --json CLI is not installed [0ms]
2026-06-07 16:33:36.028 [error]   [CLI  8b → 2dc] undefined ai hook list-sessions --json CLI is not installed [0ms]
2026-06-07 16:34:36.028 [error]   [CLI  8b → 2dd] undefined ai hook list-sessions --json CLI is not installed [0ms]
2026-06-07 16:35:36.030 [error]   [CLI  8b → 2de] undefined ai hook list-sessions --json CLI is not installed [0ms]
2026-06-07 16:36:36.029 [error]   [CLI  8b → 2df] undefined ai hook list-sessions --json CLI is not installed [0ms]
2026-06-07 16:37:36.028 [error]   [CLI  8b → 2e0] undefined ai hook list-sessions --json CLI is not installed [0ms]
2026-06-07 16:38:36.030 [error]   [CLI  8b → 2e1] undefined ai hook list-sessions --json CLI is not installed [0ms]
2026-06-07 16:39:36.029 [error]   [CLI  8b → 2e2] undefined ai hook list-sessions --json CLI is not installed [0ms]
2026-06-07 16:40:36.029 [error]   [CLI  8b → 2e3] undefined ai hook list-sessions --json CLI is not installed [0ms]
2026-06-07 16:41:36.030 [error]   [CLI  8b → 2e4] undefined ai hook list-sessions --json CLI is not installed [0ms]
2026-06-07 16:42:36.031 [error]   [CLI  8b → 2e5] undefined ai hook list-sessions --json CLI is not installed [0ms]
2026-06-07 16:43:36.032 [error]   [CLI  8b → 2e6] undefined ai hook list-sessions --json CLI is not installed [0ms]
2026-06-07 16:44:36.033 [error]   [CLI  8b → 2e7] undefined ai hook list-sessions --json CLI is not installed [0ms]
2026-06-07 16:45:36.034 [error]   [CLI  8b → 2e8] undefined ai hook list-sessions --json CLI is not installed [0ms]
2026-06-07 16:46:36.034 [error]   [CLI  8b → 2e9] undefined ai hook list-sessions --json CLI is not installed [0ms]
2026-06-07 16:47:36.035 [error]   [CLI  8b → 2ea] undefined ai hook list-sessions --json CLI is not installed [0ms]
