2026-06-08 06:29:16.671 [info] [main] Log level: Info
2026-06-08 06:29:16.672 [info] [main] Validating found git in: "git"
2026-06-08 06:29:16.672 [info] [main] Using git "2.43.0" from "git"
2026-06-08 06:29:16.672 [info] [Model][doInitialScan] Initial repository scan started
2026-06-08 06:29:16.672 [info] > git rev-parse --show-toplevel [1ms]
2026-06-08 06:29:16.672 [info] fatal: not a git repository (or any parent up to mount point /)
Stopping at filesystem boundary (GIT_DISCOVERY_ACROSS_FILESYSTEM not set).
2026-06-08 06:29:16.672 [info] > git rev-parse --show-toplevel [2ms]
2026-06-08 06:29:16.672 [info] fatal: not a git repository (or any parent up to mount point /)
Stopping at filesystem boundary (GIT_DISCOVERY_ACROSS_FILESYSTEM not set).
2026-06-08 06:29:16.672 [info] > git rev-parse --show-toplevel [1ms]
2026-06-08 06:29:16.672 [info] fatal: not a git repository (or any parent up to mount point /)
Stopping at filesystem boundary (GIT_DISCOVERY_ACROSS_FILESYSTEM not set).
2026-06-08 06:29:16.672 [info] > git rev-parse --show-toplevel [1ms]
2026-06-08 06:29:16.672 [info] fatal: not a git repository (or any parent up to mount point /)
Stopping at filesystem boundary (GIT_DISCOVERY_ACROSS_FILESYSTEM not set).
2026-06-08 06:29:16.672 [info] > git rev-parse --show-toplevel [1ms]
2026-06-08 06:29:16.672 [info] fatal: not a git repository (or any parent up to mount point /)
Stopping at filesystem boundary (GIT_DISCOVERY_ACROSS_FILESYSTEM not set).
2026-06-08 06:29:16.672 [info] > git rev-parse --show-toplevel [1ms]
2026-06-08 06:29:16.672 [info] fatal: not a git repository (or any parent up to mount point /)
Stopping at filesystem boundary (GIT_DISCOVERY_ACROSS_FILESYSTEM not set).
2026-06-08 06:29:16.672 [info] > git rev-parse --show-toplevel [2ms]
2026-06-08 06:29:16.672 [info] fatal: not a git repository (or any parent up to mount point /)
Stopping at filesystem boundary (GIT_DISCOVERY_ACROSS_FILESYSTEM not set).
2026-06-08 06:29:18.265 [info] > git rev-parse --show-toplevel [1589ms]
2026-06-08 06:29:18.265 [info] fatal: not a git repository (or any parent up to mount point /)
Stopping at filesystem boundary (GIT_DISCOVERY_ACROSS_FILESYSTEM not set).
2026-06-08 06:29:18.273 [info] > git rev-parse --show-toplevel [2ms]
2026-06-08 06:29:18.273 [info] fatal: not a git repository (or any parent up to mount point /)
Stopping at filesystem boundary (GIT_DISCOVERY_ACROSS_FILESYSTEM not set).
2026-06-08 06:29:18.278 [info] [Model][doInitialScan] Initial repository scan completed - repositories (0), closed repositories (0), parent repositories (0), unsafe repositories (0)
