2026-06-09 21:38:10.390 [info] To enable debug logging, run "GitLens: Enable Debug Logging" or "Developer: Set Log Level..." from the Command Palette
2026-06-09 21:38:10.390 [info]    [            1] GitLens v18.0.0  activating in code-server (1.123.0) on the web; mode=production,language='en', logLevel='info', defaultDateLocale='null' (code-oss|459fb3a6-f26c-4c42-b0cb-b00d905e19be|8c5f7c61-868a-44b8-9c50-2824a0033bc61781033885349)
2026-06-09 21:38:10.390 [info]    [   75 →    78] GlCliGitProvider.onDidOpenRepository(e=file:///workspace/automation, source=scm) repository=<unknown>; deferring to getOrOpenRepository
2026-06-09 21:38:10.390 [info]    [            1] GitLens v18.0.0 activated [103ms]
2026-06-09 21:38:10.390 [info]    [   74 →    75] GlCliGitProvider.findGit Git (2.43.0) found in /usr/bin/git [94ms]
2026-06-09 21:38:10.390 [info]    [   74 →    9c] GlCliGitProvider.repositorySearch(/workspace) searching (depth=1)...
2026-06-09 21:38:10.390 [error]   [GIT          ] [/workspace] git rev-parse --show-toplevel --git-dir --git-common-dir --show-superproject-working-tree · not a git repository (or any parent up to mount point /) · Stopping at filesystem boundary (GIT_DISCOVERY_ACROSS_FILESYSTEM not set). [25ms]
2026-06-09 21:38:10.390 [info]    [GIT       9ms] [/workspace/automation] git rev-parse --show-toplevel --git-dir --git-common-dir --show-superproject-working-tree [9ms]
2026-06-09 21:38:10.390 [info]    [   74 →    9c] GlCliGitProvider.repositorySearch(/workspace) found repository in '/workspace/automation'
2026-06-09 21:38:10.390 [info]    [GIT      24ms] [/workspace/documentation] git rev-parse --show-toplevel --git-dir --git-common-dir --show-superproject-working-tree [24ms]
2026-06-09 21:38:10.390 [info]    [   74 →    9c] GlCliGitProvider.repositorySearch(/workspace) found repository in '/workspace/documentation'
2026-06-09 21:38:10.390 [info]    [   b1 →    b2] GlCliGitProvider.getOrOpenScmRepository opening the SCM repository for 'file:///workspace/documentation': no existing repository found
2026-06-09 21:38:10.390 [info]    [GIT      20ms] [/workspace/infrastructure] git rev-parse --show-toplevel --git-dir --git-common-dir --show-superproject-working-tree [20ms]
2026-06-09 21:38:10.390 [info]    [   74 →    9c] GlCliGitProvider.repositorySearch(/workspace) found repository in '/workspace/infrastructure'
2026-06-09 21:38:10.390 [info]    [   b8 →    b9] GlCliGitProvider.getOrOpenScmRepository opening the SCM repository for 'file:///workspace/infrastructure': no existing repository found
2026-06-09 21:38:10.390 [info]    [GIT       9ms] [/workspace/kubernetes] git rev-parse --show-toplevel --git-dir --git-common-dir --show-superproject-working-tree [9ms]
2026-06-09 21:38:10.390 [info]    [   74 →    9c] GlCliGitProvider.repositorySearch(/workspace) found repository in '/workspace/kubernetes'
2026-06-09 21:38:10.390 [info]    [   bf →    c0] GlCliGitProvider.getOrOpenScmRepository opening the SCM repository for 'file:///workspace/kubernetes': no existing repository found
2026-06-09 21:38:10.390 [info]    [GIT      64ms] [/workspace/labs] git rev-parse --show-toplevel --git-dir --git-common-dir --show-superproject-working-tree [64ms]
2026-06-09 21:38:10.390 [info]    [   74 →    9c] GlCliGitProvider.repositorySearch(/workspace) found repository in '/workspace/labs'
2026-06-09 21:38:10.390 [info]    [   73 →    74] GlCliGitProvider.discoverRepositories auto-opening 5 discovered repo(s) in SCM (autoRepositoryDetection=true)
2026-06-09 21:38:10.390 [info]    [   c6 →    c7] GlCliGitProvider.getOrOpenScmRepository opening the SCM repository for 'file:///workspace/labs': no existing repository found
2026-06-09 21:38:10.390 [info]    [   74 →    cc] GlCliGitProvider.getOrOpenScmRepository opening the SCM repository for 'file:///workspace/documentation': no existing repository found
2026-06-09 21:38:10.390 [info]    [   74 →    ce] GlCliGitProvider.getOrOpenScmRepository opening the SCM repository for 'file:///workspace/infrastructure': no existing repository found
2026-06-09 21:38:10.390 [info]    [   74 →    d0] GlCliGitProvider.getOrOpenScmRepository opening the SCM repository for 'file:///workspace/kubernetes': no existing repository found
2026-06-09 21:38:10.390 [info]    [   74 →    d2] GlCliGitProvider.getOrOpenScmRepository opening the SCM repository for 'file:///workspace/labs': no existing repository found
2026-06-09 21:38:10.390 [info]    [GIT      33ms] [/workspace/kubernetes] git remote -v [33ms]
2026-06-09 21:38:10.390 [info]    [GIT      35ms] [/workspace/infrastructure] git remote -v [35ms]
2026-06-09 21:38:10.390 [info]    [GIT      35ms] [/workspace/documentation] git remote -v [35ms]
2026-06-09 21:38:10.390 [info]    [GIT      36ms] [/workspace/automation] git remote -v [36ms]
2026-06-09 21:38:10.390 [info]    [GIT      56ms] [/workspace/labs] git remote -v [56ms]
2026-06-09 21:38:10.390 [info]    [GIT      27ms] [/workspace/infrastructure] git config --get -f /workspace/infrastructure/.git/gk/config gk.defaultRemote [27ms]
2026-06-09 21:38:10.390 [info]    [GIT      35ms] [/workspace/kubernetes] git config --get -f /workspace/kubernetes/.git/gk/config gk.defaultRemote [35ms]
2026-06-09 21:38:10.390 [info]    [GIT      24ms] [/workspace/automation] git config --get -f /workspace/automation/.git/gk/config gk.defaultRemote [24ms]
2026-06-09 21:38:10.390 [info]    [GIT      31ms] [/workspace/documentation] git config --get -f /workspace/documentation/.git/gk/config gk.defaultRemote [31ms]
2026-06-09 21:38:10.390 [info]    [GIT       9ms] [/workspace/labs] git config --get -f /workspace/labs/.git/gk/config gk.defaultRemote [9ms]
2026-06-09 21:38:10.391 [info]    [IPC          ] CLI capability published on http://127.0.0.1:37661
2026-06-09 21:38:10.395 [error]   [CLI  96 → 111] undefined ai hook list-sessions --json CLI is not installed [0ms]
2026-06-09 21:38:10.402 [info]    [   74 →    75] GlCliGitProvider.findGit SCM.onDidOpenRepository(file:///workspace/documentation)
2026-06-09 21:38:10.610 [error]   [GIT          ] [/workspace/.vscode] git rev-parse --show-toplevel --git-dir --git-common-dir --show-superproject-working-tree · not a git repository (or any parent up to mount point /) · Stopping at filesystem boundary (GIT_DISCOVERY_ACROSS_FILESYSTEM not set). [21ms]
2026-06-09 21:38:10.613 [info]    [GIT      31ms] [/workspace/automation] git rev-parse --show-toplevel --git-dir --git-common-dir --show-superproject-working-tree [31ms]
2026-06-09 21:38:10.641 [info]    [   74 →    75] GlCliGitProvider.findGit SCM.onDidOpenRepository(file:///workspace/infrastructure)
2026-06-09 21:38:10.792 [info]    [   74 →    75] GlCliGitProvider.findGit SCM.onDidOpenRepository(file:///workspace/kubernetes)
2026-06-09 21:38:10.913 [info]    [   74 →    75] GlCliGitProvider.findGit SCM.onDidOpenRepository(file:///workspace/labs)
2026-06-09 21:38:12.723 [info]    [   74 →    75] GlCliGitProvider.findGit fireRepositoryOpened: firing 4 opened repo(s) from vscode.git
2026-06-09 21:38:12.723 [info]    [          144] GlCliGitProvider.onDidOpenRepository(e=file:///workspace/documentation, source=scm) repository=GlRepository(/workspace/documentation|2), closed:false→false (closedByUser cleared)
2026-06-09 21:38:12.723 [info]    [          145] GlCliGitProvider.onDidOpenRepository(e=file:///workspace/infrastructure, source=scm) repository=GlRepository(/workspace/infrastructure|3), closed:false→false (closedByUser cleared)
2026-06-09 21:38:12.723 [info]    [          146] GlCliGitProvider.onDidOpenRepository(e=file:///workspace/kubernetes, source=scm) repository=GlRepository(/workspace/kubernetes|4), closed:false→false (closedByUser cleared)
2026-06-09 21:38:12.723 [info]    [          147] GlCliGitProvider.onDidOpenRepository(e=file:///workspace/labs, source=scm) repository=GlRepository(/workspace/labs|5), closed:false→false (closedByUser cleared)
2026-06-09 21:38:12.769 [warning] [  141 →   143] Storage.getSecret completed [*1612ms] (slow)
2026-06-09 21:38:12.770 [warning] [  13f →   141] AzureDevOpsAuthenticationProvider.getSession(e={"domain":"dev.azure.com","scopes":["vso.code","vso.identity","vso.project","vso.profile","vso.work"]}, t={"createIfNeeded":false,"source":"integrations"}) completed [*1630ms] (slow)
2026-06-09 21:38:12.814 [warning] [   8d →   13f] AzureDevOpsIntegration.isConnected returned false [*1676ms] (slow)
2026-06-09 21:38:14.502 [info]    [GIT      14ms] [/workspace/documentation] git ls-files -- If you click in a file and press: [14ms]
2026-06-09 21:38:45.195 [info]    [GIT      69ms] [/workspace/labs] git rev-list --max-parents=0 HEAD -- [69ms]
2026-06-09 21:38:45.196 [info]    [GIT      72ms] [/workspace/kubernetes] git rev-list --max-parents=0 HEAD -- [72ms]
2026-06-09 21:38:45.196 [info]    [GIT      72ms] [/workspace/infrastructure] git rev-list --max-parents=0 HEAD -- [72ms]
2026-06-09 21:38:45.196 [info]    [GIT      73ms] [/workspace/documentation] git rev-list --max-parents=0 HEAD -- [73ms]
2026-06-09 21:38:45.197 [info]    [GIT      73ms] [/workspace/automation] git rev-list --max-parents=0 HEAD -- [73ms]
2026-06-09 21:38:47.175 [warning] [GIT          ] [/workspace/automation] git shortlog -s --all --no-min-parents --since=1.year.ago · ABORTED after 2045ms (timeout)
2026-06-09 21:38:47.175 [error]   [GIT          ] [/workspace/automation] git shortlog -s --all --no-min-parents --since=1.year.ago · cancelled [2046ms] (slow)
2026-06-09 21:38:47.175 [error] CancellationError: Operation cancelled; command=/usr/bin/git -c core.quotepath=false -c color.ui=false shortlog -s --all --no-min-parents --since=1.year.ago   [   e2 →   191] ContributorsGitSubProvider.getContributorsStats 
2026-06-09 21:38:47.175 [warning] [   e2 →   191] ContributorsGitSubProvider.getContributorsStats(e=/workspace/automation, t={"since":"1.year.ago"}, i=undefined, r=2000) completed [*2048ms] (slow)
2026-06-09 21:38:47.179 [warning] [GIT          ] [/workspace/documentation] git shortlog -s --all --no-min-parents --since=1.year.ago · ABORTED after 2050ms (timeout)
2026-06-09 21:38:47.179 [error]   [GIT          ] [/workspace/documentation] git shortlog -s --all --no-min-parents --since=1.year.ago · cancelled [2050ms] (slow)
2026-06-09 21:38:47.179 [error] CancellationError: Operation cancelled; command=/usr/bin/git -c core.quotepath=false -c color.ui=false shortlog -s --all --no-min-parents --since=1.year.ago   [   e2 →   193] ContributorsGitSubProvider.getContributorsStats 
2026-06-09 21:38:47.179 [warning] [   e2 →   193] ContributorsGitSubProvider.getContributorsStats(e=/workspace/documentation, t={"since":"1.year.ago"}, i=undefined, r=2000) completed [*2051ms] (slow)
2026-06-09 21:38:47.180 [warning] [GIT          ] [/workspace/infrastructure] git shortlog -s --all --no-min-parents --since=1.year.ago · ABORTED after 2052ms (timeout)
2026-06-09 21:38:47.180 [error]   [GIT          ] [/workspace/infrastructure] git shortlog -s --all --no-min-parents --since=1.year.ago · cancelled [2052ms] (slow)
2026-06-09 21:38:47.180 [error] CancellationError: Operation cancelled; command=/usr/bin/git -c core.quotepath=false -c color.ui=false shortlog -s --all --no-min-parents --since=1.year.ago   [   e2 →   195] ContributorsGitSubProvider.getContributorsStats 
2026-06-09 21:38:47.181 [warning] [   e2 →   195] ContributorsGitSubProvider.getContributorsStats(e=/workspace/infrastructure, t={"since":"1.year.ago"}, i=undefined, r=2000) completed [*2052ms] (slow)
2026-06-09 21:38:47.187 [warning] [GIT          ] [/workspace/kubernetes] git shortlog -s --all --no-min-parents --since=1.year.ago · ABORTED after 2058ms (timeout)
2026-06-09 21:38:47.187 [error]   [GIT          ] [/workspace/kubernetes] git shortlog -s --all --no-min-parents --since=1.year.ago · cancelled [2058ms] (slow)
2026-06-09 21:38:47.187 [error] CancellationError: Operation cancelled; command=/usr/bin/git -c core.quotepath=false -c color.ui=false shortlog -s --all --no-min-parents --since=1.year.ago   [   e2 →   197] ContributorsGitSubProvider.getContributorsStats 
2026-06-09 21:38:47.187 [warning] [   e2 →   197] ContributorsGitSubProvider.getContributorsStats(e=/workspace/kubernetes, t={"since":"1.year.ago"}, i=undefined, r=2000) completed [*2058ms] (slow)
2026-06-09 21:38:47.193 [warning] [GIT          ] [/workspace/labs] git shortlog -s --all --no-min-parents --since=1.year.ago · ABORTED after 2064ms (timeout)
2026-06-09 21:38:47.193 [error]   [GIT          ] [/workspace/labs] git shortlog -s --all --no-min-parents --since=1.year.ago · cancelled [2064ms] (slow)
2026-06-09 21:38:47.193 [error] CancellationError: Operation cancelled; command=/usr/bin/git -c core.quotepath=false -c color.ui=false shortlog -s --all --no-min-parents --since=1.year.ago   [   e2 →   199] ContributorsGitSubProvider.getContributorsStats 
2026-06-09 21:38:47.193 [warning] [   e2 →   199] ContributorsGitSubProvider.getContributorsStats(e=/workspace/labs, t={"since":"1.year.ago"}, i=undefined, r=2000) completed [*2064ms] (slow)
2026-06-09 21:39:10.398 [error]   [CLI  8d → 19a] undefined ai hook list-sessions --json CLI is not installed [0ms]
2026-06-09 21:40:10.398 [error]   [CLI  8d → 205] undefined ai hook list-sessions --json CLI is not installed [0ms]
2026-06-09 21:40:40.129 [info]    [GIT      14ms] [/workspace/labs] git for-each-ref --format=%1E%(HEAD)%1D%(refname)%1D%(objectname)%1D%(*objectname)%1D%(upstream)%1D%(upstream:track)%1D%(committerdate:iso8601)%1D%(creatordate:iso8601)%1D%(authordate:iso8601)%1D%(subject)%1D%(worktreepath)%1D refs/heads/ refs/remotes/ refs/tags/ [14ms]
2026-06-09 21:40:40.130 [info]    [GIT       7ms] [/workspace/labs] git config --get-regex -f /workspace/labs/.git/gk/config ^branch\..*\.gk-(last-(accessed|modified)|disposition|agent-last-activity)$ [7ms]
2026-06-09 21:40:40.139 [error]   [GIT          ] [/workspace/labs] git rev-parse --abbrev-ref --symbolic-full-name @ @{u} -- · bad revision '@' [6ms]
2026-06-09 21:40:40.145 [info]    [GIT       6ms] [/workspace/labs] git symbolic-ref --short HEAD [6ms]
2026-06-09 21:40:40.153 [info]    [GIT       7ms] [/workspace/labs] git log -n1 --format=%ct -- [7ms]
2026-06-09 21:40:40.162 [info]    [GIT       6ms] [/workspace/labs] git config --get -f /workspace/labs/.git/gk/config branch.dev.gk-last-accessed [6ms]
2026-06-09 21:40:40.170 [info]    [GIT       6ms] [/workspace/labs] git config -f /workspace/labs/.git/gk/config branch.dev.gk-last-accessed 2026-06-09T19:40:40.155Z [6ms]
2026-06-09 21:41:10.399 [error]   [CLI  8d → 542] undefined ai hook list-sessions --json CLI is not installed [0ms]
2026-06-09 21:42:10.399 [error]   [CLI  8d → 78e] undefined ai hook list-sessions --json CLI is not installed [0ms]
2026-06-09 21:43:10.400 [error]   [CLI  8d → 7e3] undefined ai hook list-sessions --json CLI is not installed [0ms]
2026-06-09 21:44:10.402 [error]   [CLI  8d → 844] undefined ai hook list-sessions --json CLI is not installed [0ms]
2026-06-09 21:45:10.403 [error]   [CLI  8d → 87d] undefined ai hook list-sessions --json CLI is not installed [0ms]
2026-06-09 21:46:10.405 [error]   [CLI  8d → 8a2] undefined ai hook list-sessions --json CLI is not installed [0ms]
2026-06-09 21:47:10.404 [error]   [CLI  8d → 8af] undefined ai hook list-sessions --json CLI is not installed [0ms]
2026-06-09 21:48:10.404 [error]   [CLI  8d → 8b0] undefined ai hook list-sessions --json CLI is not installed [0ms]
2026-06-09 21:49:10.405 [error]   [CLI  8d → 8b1] undefined ai hook list-sessions --json CLI is not installed [0ms]
2026-06-09 21:50:10.406 [error]   [CLI  8d → 8b2] undefined ai hook list-sessions --json CLI is not installed [0ms]
2026-06-09 21:51:10.406 [error]   [CLI  8d → 8b3] undefined ai hook list-sessions --json CLI is not installed [0ms]
2026-06-09 21:52:10.406 [error]   [CLI  8d → 8d4] undefined ai hook list-sessions --json CLI is not installed [0ms]
2026-06-09 21:52:11.942 [error]   [GIT          ] [/workspace/.vscode] git rev-parse --show-toplevel --git-dir --git-common-dir --show-superproject-working-tree · not a git repository (or any parent up to mount point /) · Stopping at filesystem boundary (GIT_DISCOVERY_ACROSS_FILESYSTEM not set). [8ms]
2026-06-09 21:53:10.407 [error]   [CLI  8d → 91e] undefined ai hook list-sessions --json CLI is not installed [0ms]
2026-06-09 21:54:10.407 [error]   [CLI  8d → 925] undefined ai hook list-sessions --json CLI is not installed [0ms]
2026-06-09 21:55:10.408 [error]   [CLI  8d → 940] undefined ai hook list-sessions --json CLI is not installed [0ms]
2026-06-09 21:56:10.410 [error]   [CLI  8d → 94e] undefined ai hook list-sessions --json CLI is not installed [0ms]
2026-06-09 21:57:10.411 [error]   [CLI  8d → 95c] undefined ai hook list-sessions --json CLI is not installed [0ms]
2026-06-09 21:58:10.413 [error]   [CLI  8d → 984] undefined ai hook list-sessions --json CLI is not installed [0ms]
2026-06-09 21:59:10.415 [error]   [CLI  8d → 99f] undefined ai hook list-sessions --json CLI is not installed [0ms]
2026-06-09 22:00:10.416 [error]   [CLI  8d → 9b3] undefined ai hook list-sessions --json CLI is not installed [0ms]
2026-06-09 22:01:10.417 [error]   [CLI  8d → 9c8] undefined ai hook list-sessions --json CLI is not installed [0ms]
2026-06-09 22:02:10.419 [error]   [CLI  8d → 9e4] undefined ai hook list-sessions --json CLI is not installed [0ms]
2026-06-09 22:03:10.420 [error]   [CLI  8d → 9f8] undefined ai hook list-sessions --json CLI is not installed [0ms]
2026-06-09 22:03:47.878 [error]   [GIT          ] [/config/.ssh] git rev-parse --show-toplevel --git-dir --git-common-dir --show-superproject-working-tree · not a git repository (or any parent up to mount point /) · Stopping at filesystem boundary (GIT_DISCOVERY_ACROSS_FILESYSTEM not set). [7ms]
2026-06-09 22:04:08.677 [error]   [GIT          ] [/workspace] git rev-parse --show-toplevel --git-dir --git-common-dir --show-superproject-working-tree · not a git repository (or any parent up to mount point /) · Stopping at filesystem boundary (GIT_DISCOVERY_ACROSS_FILESYSTEM not set). [10ms]
2026-06-09 22:04:10.422 [error]   [CLI  8d → a59] undefined ai hook list-sessions --json CLI is not installed [0ms]
2026-06-09 22:05:10.422 [error]   [CLI  8d → b5b] undefined ai hook list-sessions --json CLI is not installed [0ms]
2026-06-09 22:06:10.424 [error]   [CLI  8d → bc1] undefined ai hook list-sessions --json CLI is not installed [0ms]
2026-06-09 22:06:35.821 [error]   [GIT          ] [/workspace] git rev-parse --show-toplevel --git-dir --git-common-dir --show-superproject-working-tree · not a git repository (or any parent up to mount point /) · Stopping at filesystem boundary (GIT_DISCOVERY_ACROSS_FILESYSTEM not set). [7ms]
2026-06-09 22:06:36.954 [error]   [GIT          ] [/workspace] git rev-parse --show-toplevel --git-dir --git-common-dir --show-superproject-working-tree · not a git repository (or any parent up to mount point /) · Stopping at filesystem boundary (GIT_DISCOVERY_ACROSS_FILESYSTEM not set). [6ms]
2026-06-09 22:06:38.170 [error]   [GIT          ] [/workspace] git rev-parse --show-toplevel --git-dir --git-common-dir --show-superproject-working-tree · not a git repository (or any parent up to mount point /) · Stopping at filesystem boundary (GIT_DISCOVERY_ACROSS_FILESYSTEM not set). [6ms]
2026-06-09 22:07:10.426 [error]   [CLI  8d → c36] undefined ai hook list-sessions --json CLI is not installed [0ms]
2026-06-09 22:08:10.425 [error]   [CLI  8d → c45] undefined ai hook list-sessions --json CLI is not installed [0ms]
2026-06-09 22:09:10.425 [error]   [CLI  8d → c56] undefined ai hook list-sessions --json CLI is not installed [0ms]
2026-06-09 22:10:10.425 [error]   [CLI  8d → c81] undefined ai hook list-sessions --json CLI is not installed [0ms]
2026-06-09 22:11:10.426 [error]   [CLI  8d → cab] undefined ai hook list-sessions --json CLI is not installed [0ms]
2026-06-09 22:12:10.426 [error]   [CLI  8d → cf6] undefined ai hook list-sessions --json CLI is not installed [0ms]
2026-06-09 22:12:12.311 [error]   [GIT          ] [/config] git rev-parse --show-toplevel --git-dir --git-common-dir --show-superproject-working-tree · not a git repository (or any parent up to mount point /) · Stopping at filesystem boundary (GIT_DISCOVERY_ACROSS_FILESYSTEM not set). [11ms]
2026-06-09 22:13:10.427 [error]   [CLI  8d → e7a] undefined ai hook list-sessions --json CLI is not installed [0ms]
2026-06-09 22:14:10.427 [error]   [CLI  8d → e97] undefined ai hook list-sessions --json CLI is not installed [0ms]
2026-06-09 22:15:10.428 [error]   [CLI  8d → ebe] undefined ai hook list-sessions --json CLI is not installed [0ms]
2026-06-09 22:16:10.427 [error]   [CLI  8d → ee4] undefined ai hook list-sessions --json CLI is not installed [0ms]
2026-06-09 22:17:10.428 [error]   [CLI  8d → f1a] undefined ai hook list-sessions --json CLI is not installed [0ms]
2026-06-09 22:18:10.429 [error]   [CLI  8d → f21] undefined ai hook list-sessions --json CLI is not installed [0ms]
2026-06-09 22:19:10.430 [error]   [CLI  8d → f22] undefined ai hook list-sessions --json CLI is not installed [0ms]
2026-06-09 22:20:10.431 [error]   [CLI  8d → f33] undefined ai hook list-sessions --json CLI is not installed [0ms]
2026-06-09 22:21:10.432 [error]   [CLI  8d → f3a] undefined ai hook list-sessions --json CLI is not installed [0ms]
2026-06-09 22:22:10.432 [error]   [CLI  8d → f41] undefined ai hook list-sessions --json CLI is not installed [0ms]
2026-06-09 22:23:10.432 [error]   [CLI  8d → f42] undefined ai hook list-sessions --json CLI is not installed [0ms]
2026-06-09 22:24:10.433 [error]   [CLI  8d → f43] undefined ai hook list-sessions --json CLI is not installed [0ms]
2026-06-09 22:25:10.433 [error]   [CLI  8d → f5a] undefined ai hook list-sessions --json CLI is not installed [0ms]
2026-06-09 22:26:10.433 [error]   [CLI  8d → f77] undefined ai hook list-sessions --json CLI is not installed [0ms]
2026-06-09 22:27:10.435 [error]   [CLI  8d → f7e] undefined ai hook list-sessions --json CLI is not installed [0ms]
2026-06-09 22:28:10.435 [error]   [CLI  8d → f7f] undefined ai hook list-sessions --json CLI is not installed [0ms]
2026-06-09 22:29:10.436 [error]   [CLI  8d → f9e] undefined ai hook list-sessions --json CLI is not installed [0ms]
2026-06-09 22:30:10.438 [error]   [CLI  8d → fb3] undefined ai hook list-sessions --json CLI is not installed [0ms]
2026-06-09 22:31:10.438 [error]   [CLI  8d → fca] undefined ai hook list-sessions --json CLI is not installed [0ms]
2026-06-09 22:32:10.438 [error]   [CLI 8d → 101f] undefined ai hook list-sessions --json CLI is not installed [0ms]
2026-06-09 22:33:10.438 [error]   [CLI 8d → 102e] undefined ai hook list-sessions --json CLI is not installed [0ms]
2026-06-09 22:34:10.440 [error]   [CLI 8d → 1097] undefined ai hook list-sessions --json CLI is not installed [0ms]
2026-06-09 22:35:10.441 [error]   [CLI 8d → 10af] undefined ai hook list-sessions --json CLI is not installed [0ms]
2026-06-09 22:36:10.442 [error]   [CLI 8d → 10b0] undefined ai hook list-sessions --json CLI is not installed [0ms]
2026-06-09 22:37:10.443 [error]   [CLI 8d → 10b1] undefined ai hook list-sessions --json CLI is not installed [0ms]
2026-06-09 22:38:10.444 [error]   [CLI 8d → 10b2] undefined ai hook list-sessions --json CLI is not installed [0ms]
2026-06-09 22:39:10.445 [error]   [CLI 8d → 10b3] undefined ai hook list-sessions --json CLI is not installed [0ms]
