2026-06-07 17:41:22.434 [info] [main] Log level: Info
2026-06-07 17:41:22.434 [info] [main] Validating found git in: "git"
2026-06-07 17:41:22.434 [info] [main] Using git "2.43.0" from "git"
2026-06-07 17:41:22.434 [info] [Model][doInitialScan] Initial repository scan started
2026-06-07 17:41:22.434 [info] > git rev-parse --show-toplevel [2ms]
2026-06-07 17:41:22.434 [info] fatal: not a git repository (or any parent up to mount point /)
Stopping at filesystem boundary (GIT_DISCOVERY_ACROSS_FILESYSTEM not set).
2026-06-07 17:41:22.434 [info] > git rev-parse --show-toplevel [2ms]
2026-06-07 17:41:22.434 [info] fatal: not a git repository (or any parent up to mount point /)
Stopping at filesystem boundary (GIT_DISCOVERY_ACROSS_FILESYSTEM not set).
2026-06-07 17:41:22.434 [info] > git rev-parse --show-toplevel [1ms]
2026-06-07 17:41:22.434 [info] fatal: not a git repository (or any parent up to mount point /)
Stopping at filesystem boundary (GIT_DISCOVERY_ACROSS_FILESYSTEM not set).
2026-06-07 17:41:22.434 [info] > git rev-parse --show-toplevel [2ms]
2026-06-07 17:41:22.434 [info] fatal: not a git repository (or any parent up to mount point /)
Stopping at filesystem boundary (GIT_DISCOVERY_ACROSS_FILESYSTEM not set).
2026-06-07 17:41:22.434 [info] > git rev-parse --show-toplevel [2ms]
2026-06-07 17:41:22.434 [info] fatal: not a git repository (or any parent up to mount point /)
Stopping at filesystem boundary (GIT_DISCOVERY_ACROSS_FILESYSTEM not set).
2026-06-07 17:41:22.435 [info] > git rev-parse --show-toplevel [2ms]
2026-06-07 17:41:22.435 [info] fatal: not a git repository (or any parent up to mount point /)
Stopping at filesystem boundary (GIT_DISCOVERY_ACROSS_FILESYSTEM not set).
2026-06-07 17:41:22.440 [info] > git rev-parse --show-toplevel [2ms]
2026-06-07 17:41:22.440 [info] fatal: not a git repository (or any parent up to mount point /)
Stopping at filesystem boundary (GIT_DISCOVERY_ACROSS_FILESYSTEM not set).
2026-06-07 17:41:23.873 [info] > git rev-parse --show-toplevel [1428ms]
2026-06-07 17:41:23.873 [info] fatal: not a git repository (or any parent up to mount point /)
Stopping at filesystem boundary (GIT_DISCOVERY_ACROSS_FILESYSTEM not set).
2026-06-07 17:41:23.881 [info] > git rev-parse --show-toplevel [1ms]
2026-06-07 17:41:23.881 [info] fatal: not a git repository (or any parent up to mount point /)
Stopping at filesystem boundary (GIT_DISCOVERY_ACROSS_FILESYSTEM not set).
2026-06-07 17:41:23.886 [info] [Model][doInitialScan] Initial repository scan completed - repositories (0), closed repositories (0), parent repositories (0), unsafe repositories (0)
2026-06-07 17:41:23.921 [info] > git rev-parse --show-toplevel [2ms]
2026-06-07 17:41:23.921 [info] fatal: not a git repository (or any parent up to mount point /)
Stopping at filesystem boundary (GIT_DISCOVERY_ACROSS_FILESYSTEM not set).
