2026-06-09 12:11:46.263 [info] [main] Log level: Info
2026-06-09 12:11:46.263 [info] [main] Validating found git in: "git"
2026-06-09 12:11:46.263 [info] [main] Using git "2.43.0" from "git"
2026-06-09 12:11:46.263 [info] [Model][doInitialScan] Initial repository scan started
2026-06-09 12:11:46.263 [info] > git rev-parse --show-toplevel [6ms]
2026-06-09 12:11:46.263 [info] fatal: not a git repository (or any parent up to mount point /)
Stopping at filesystem boundary (GIT_DISCOVERY_ACROSS_FILESYSTEM not set).
2026-06-09 12:11:46.263 [info] > git rev-parse --show-toplevel [2ms]
2026-06-09 12:11:46.263 [info] fatal: not a git repository (or any parent up to mount point /)
Stopping at filesystem boundary (GIT_DISCOVERY_ACROSS_FILESYSTEM not set).
2026-06-09 12:11:46.263 [info] > git rev-parse --show-toplevel [1ms]
2026-06-09 12:11:46.263 [info] fatal: not a git repository (or any parent up to mount point /)
Stopping at filesystem boundary (GIT_DISCOVERY_ACROSS_FILESYSTEM not set).
2026-06-09 12:11:46.263 [info] > git rev-parse --show-toplevel [30ms]
2026-06-09 12:11:46.263 [info] fatal: not a git repository (or any parent up to mount point /)
Stopping at filesystem boundary (GIT_DISCOVERY_ACROSS_FILESYSTEM not set).
2026-06-09 12:11:46.263 [info] > git rev-parse --show-toplevel [4ms]
2026-06-09 12:11:46.263 [info] fatal: not a git repository (or any parent up to mount point /)
Stopping at filesystem boundary (GIT_DISCOVERY_ACROSS_FILESYSTEM not set).
2026-06-09 12:11:46.263 [info] > git rev-parse --show-toplevel [15ms]
2026-06-09 12:11:46.263 [info] fatal: not a git repository (or any parent up to mount point /)
Stopping at filesystem boundary (GIT_DISCOVERY_ACROSS_FILESYSTEM not set).
2026-06-09 12:11:46.263 [info] > git rev-parse --show-toplevel [1ms]
2026-06-09 12:11:46.263 [info] fatal: not a git repository (or any parent up to mount point /)
Stopping at filesystem boundary (GIT_DISCOVERY_ACROSS_FILESYSTEM not set).
2026-06-09 12:11:46.263 [info] > git rev-parse --show-toplevel [2ms]
2026-06-09 12:11:46.263 [info] fatal: not a git repository (or any parent up to mount point /)
Stopping at filesystem boundary (GIT_DISCOVERY_ACROSS_FILESYSTEM not set).
2026-06-09 12:11:46.263 [info] > git rev-parse --show-toplevel [8ms]
2026-06-09 12:11:46.263 [info] fatal: not a git repository (or any parent up to mount point /)
Stopping at filesystem boundary (GIT_DISCOVERY_ACROSS_FILESYSTEM not set).
2026-06-09 12:11:46.263 [info] [Model][doInitialScan] Initial repository scan completed - repositories (0), closed repositories (0), parent repositories (0), unsafe repositories (0)
2026-06-09 12:11:46.263 [info] > git rev-parse --show-toplevel [4ms]
2026-06-09 12:11:46.263 [info] fatal: not a git repository (or any parent up to mount point /)
Stopping at filesystem boundary (GIT_DISCOVERY_ACROSS_FILESYSTEM not set).
2026-06-09 12:11:53.112 [info] > git rev-parse --show-toplevel [22ms]
2026-06-09 12:11:53.112 [info] fatal: not a git repository (or any parent up to mount point /)
Stopping at filesystem boundary (GIT_DISCOVERY_ACROSS_FILESYSTEM not set).
2026-06-09 12:11:54.986 [info] > git rev-parse --show-toplevel [3ms]
2026-06-09 12:11:54.986 [info] fatal: not a git repository (or any parent up to mount point /)
Stopping at filesystem boundary (GIT_DISCOVERY_ACROSS_FILESYSTEM not set).
2026-06-09 12:33:29.797 [info] > git rev-parse --show-toplevel [8ms]
2026-06-09 12:33:29.797 [info] fatal: not a git repository (or any parent up to mount point /)
Stopping at filesystem boundary (GIT_DISCOVERY_ACROSS_FILESYSTEM not set).
2026-06-09 12:37:05.205 [info] > git rev-parse --show-toplevel [2ms]
2026-06-09 12:37:05.206 [info] fatal: not a git repository (or any parent up to mount point /)
Stopping at filesystem boundary (GIT_DISCOVERY_ACROSS_FILESYSTEM not set).
2026-06-09 12:37:06.099 [info] > git rev-parse --show-toplevel [2ms]
2026-06-09 12:37:06.099 [info] fatal: not a git repository (or any parent up to mount point /)
Stopping at filesystem boundary (GIT_DISCOVERY_ACROSS_FILESYSTEM not set).
2026-06-09 12:39:35.366 [info] > git rev-parse --show-toplevel [3ms]
2026-06-09 12:39:35.366 [info] fatal: not a git repository (or any parent up to mount point /)
Stopping at filesystem boundary (GIT_DISCOVERY_ACROSS_FILESYSTEM not set).
