2026-06-07 09:15:51.815 [info] [main] Log level: Info
2026-06-07 09:15:51.815 [info] [main] Validating found git in: "git"
2026-06-07 09:15:51.815 [info] [main] Using git "2.43.0" from "git"
2026-06-07 09:15:51.815 [info] [Model][doInitialScan] Initial repository scan started
2026-06-07 09:15:51.815 [info] > git rev-parse --show-toplevel [43ms]
2026-06-07 09:15:51.815 [info] fatal: not a git repository (or any parent up to mount point /)
Stopping at filesystem boundary (GIT_DISCOVERY_ACROSS_FILESYSTEM not set).
2026-06-07 09:15:51.815 [info] > git rev-parse --show-toplevel [8ms]
2026-06-07 09:15:51.815 [info] fatal: not a git repository (or any parent up to mount point /)
Stopping at filesystem boundary (GIT_DISCOVERY_ACROSS_FILESYSTEM not set).
2026-06-07 09:15:51.815 [info] > git rev-parse --show-toplevel [7ms]
2026-06-07 09:15:51.815 [info] fatal: not a git repository (or any parent up to mount point /)
Stopping at filesystem boundary (GIT_DISCOVERY_ACROSS_FILESYSTEM not set).
2026-06-07 09:15:51.815 [info] > git rev-parse --show-toplevel [2ms]
2026-06-07 09:15:51.815 [info] fatal: not a git repository (or any parent up to mount point /)
Stopping at filesystem boundary (GIT_DISCOVERY_ACROSS_FILESYSTEM not set).
2026-06-07 09:15:51.815 [info] > git rev-parse --show-toplevel [1301ms]
2026-06-07 09:15:51.815 [info] fatal: not a git repository (or any parent up to mount point /)
Stopping at filesystem boundary (GIT_DISCOVERY_ACROSS_FILESYSTEM not set).
2026-06-07 09:15:51.815 [info] > git rev-parse --show-toplevel [2ms]
2026-06-07 09:15:51.815 [info] fatal: not a git repository (or any parent up to mount point /)
Stopping at filesystem boundary (GIT_DISCOVERY_ACROSS_FILESYSTEM not set).
2026-06-07 09:15:51.815 [info] > git rev-parse --show-toplevel [2ms]
2026-06-07 09:15:51.815 [info] fatal: not a git repository (or any parent up to mount point /)
Stopping at filesystem boundary (GIT_DISCOVERY_ACROSS_FILESYSTEM not set).
2026-06-07 09:15:51.815 [info] [Model][doInitialScan] Initial repository scan completed - repositories (0), closed repositories (0), parent repositories (0), unsafe repositories (0)
2026-06-07 09:15:51.864 [info] > git rev-parse --show-toplevel [9ms]
2026-06-07 09:15:51.864 [info] fatal: not a git repository (or any parent up to mount point /)
Stopping at filesystem boundary (GIT_DISCOVERY_ACROSS_FILESYSTEM not set).
2026-06-07 09:15:52.016 [info] > git rev-parse --show-toplevel [1ms]
2026-06-07 09:15:52.016 [info] fatal: not a git repository (or any parent up to mount point /)
Stopping at filesystem boundary (GIT_DISCOVERY_ACROSS_FILESYSTEM not set).
