2026-06-07 01:26:17.191 [info] Extension host with pid 802 started
2026-06-07 01:26:17.191 [error] Error: EEXIST: file already exists, open '/config/data/User/workspaceStorage/3e188b9b/vscode.lock'
2026-06-07 01:26:17.191 [info] Lock '/config/data/User/workspaceStorage/3e188b9b/vscode.lock': Could not acquire lock, checking if the file is stale.
2026-06-07 01:26:17.192 [info] Lock '/config/data/User/workspaceStorage/3e188b9b/vscode.lock': The pid 2653 appears to be gone.
2026-06-07 01:26:17.192 [info] Lock '/config/data/User/workspaceStorage/3e188b9b/vscode.lock': Deleting a stale lock.
2026-06-07 01:26:17.207 [info] Lock '/config/data/User/workspaceStorage/3e188b9b/vscode.lock': Lock acquired.
2026-06-07 01:26:17.293 [info] ExtensionService#_doActivateExtension vscode.github-authentication, startup: false, activationEvent: 'onAuthenticationRequest:github'
2026-06-07 01:26:17.295 [info] ExtensionService#_doActivateExtension vscode.emmet, startup: false, activationEvent: 'onLanguage'
2026-06-07 01:26:17.295 [info] ExtensionService#_doActivateExtension vscode.configuration-editing, startup: false, activationEvent: 'onLanguage:json'
2026-06-07 01:26:17.295 [info] ExtensionService#_doActivateExtension vscode.extension-editing, startup: false, activationEvent: 'onLanguage:json'
2026-06-07 01:26:17.296 [info] ExtensionService#_doActivateExtension vscode.json-language-features, startup: false, activationEvent: 'onLanguage:json'
2026-06-07 01:26:17.296 [info] ExtensionService#_doActivateExtension vscode.npm, startup: false, activationEvent: 'onLanguage:json'
2026-06-07 01:26:17.555 [info] ExtensionService#_doActivateExtension eamodio.gitlens, startup: false, activationEvent: 'onTerminal:*'
2026-06-07 01:26:18.096 [info] ExtensionService#_doActivateExtension vscode.git-base, startup: false, activationEvent: 'api', root cause: eamodio.gitlens
2026-06-07 01:26:18.268 [info] ExtensionService#_doActivateExtension vscode.git, startup: false, activationEvent: 'api', root cause: eamodio.gitlens
2026-06-07 01:26:18.337 [info] ExtensionService#_doActivateExtension vscode.github, startup: true, activationEvent: '*'
2026-06-07 01:26:18.337 [info] ExtensionService#_doActivateExtension shubhamsharma.ariv-themes, startup: true, activationEvent: '*'
2026-06-07 01:26:18.379 [info] ExtensionService#_doActivateExtension Natizyskunk.sftp, startup: true, activationEvent: 'workspaceContains:.vscode/sftp.json'
2026-06-07 01:26:18.576 [info] ExtensionService#_doActivateExtension vscode.terminal-suggest, startup: false, activationEvent: 'onTerminalShellIntegration:*'
2026-06-07 01:26:18.991 [info] Eager extensions activated
2026-06-07 01:26:18.992 [info] ExtensionService#_doActivateExtension vscode.debug-auto-launch, startup: false, activationEvent: 'onStartupFinished'
2026-06-07 01:26:18.992 [info] ExtensionService#_doActivateExtension vscode.merge-conflict, startup: false, activationEvent: 'onStartupFinished'
2026-06-07 01:26:18.992 [info] ExtensionService#_doActivateExtension Continue.continue, startup: false, activationEvent: 'onStartupFinished'
2026-06-07 01:26:18.993 [info] ExtensionService#_doActivateExtension Gruntfuggly.todo-tree, startup: false, activationEvent: 'onStartupFinished'
2026-06-07 01:26:18.993 [info] ExtensionService#_doActivateExtension PKief.material-icon-theme, startup: false, activationEvent: 'onStartupFinished'
2026-06-07 01:26:18.993 [info] ExtensionService#_doActivateExtension usernamehw.errorlens, startup: false, activationEvent: 'onStartupFinished'
2026-06-07 01:26:20.498 [info] ExtensionService#_doActivateExtension vscode.tunnel-forwarding, startup: false, activationEvent: 'onTunnel'
2026-06-07 01:26:22.795 [info] ExtensionService#_doActivateExtension vscode.typescript-language-features, startup: false, activationEvent: 'onLanguage:jsonc'
2026-06-07 01:26:24.047 [error] NoPermissions (FileSystemError): Error: EACCES: permission denied, scandir '/workspace/forgejo/data/ssh'
	at rr._handleError (file:///app/code-server/lib/vscode/out/vs/workbench/api/node/extensionHostProcess.js:530:21596)
	at Object.readDirectory (file:///app/code-server/lib/vscode/out/vs/workbench/api/node/extensionHostProcess.js:530:19346)
	at async /config/extensions/continue.continue-1.2.22-linux-x64/out/extension.js:893382:20
	at async _VsCodeIdeUtils.fsOperation (/config/extensions/continue.continue-1.2.22-linux-x64/out/extension.js:893403:18)
	at async _VsCodeIdeUtils.readDirectory (/config/extensions/continue.continue-1.2.22-linux-x64/out/extension.js:893379:16)
	at async _VsCodeIde.listDir (/config/extensions/continue.continue-1.2.22-linux-x64/out/extension.js:894233:25)
2026-06-07 01:28:22.365 [error] Error: Can't find config for remote resource remote://automation01:22/home/henrik?remoteId%3D2%26fsPath%3D%252Fhome%252Fhenrik.
	at t.default.<anonymous> (/config/extensions/natizyskunk.sftp-1.16.3-universal/dist/extension.js:2:330711)
	at Generator.next (<anonymous>)
	at /config/extensions/natizyskunk.sftp-1.16.3-universal/dist/extension.js:2:329051
	at new Promise (<anonymous>)
	at n (/config/extensions/natizyskunk.sftp-1.16.3-universal/dist/extension.js:2:328796)
	at t.default.getChildren (/config/extensions/natizyskunk.sftp-1.16.3-universal/dist/extension.js:2:330597)
	at t.default.<anonymous> (/config/extensions/natizyskunk.sftp-1.16.3-universal/dist/extension.js:2:329823)
	at Generator.next (<anonymous>)
	at /config/extensions/natizyskunk.sftp-1.16.3-universal/dist/extension.js:2:329051
	at new Promise (<anonymous>)
	at n (/config/extensions/natizyskunk.sftp-1.16.3-universal/dist/extension.js:2:328796)
	at t.default.refresh (/config/extensions/natizyskunk.sftp-1.16.3-universal/dist/extension.js:2:329642)
	at t.default.refresh (/config/extensions/natizyskunk.sftp-1.16.3-universal/dist/extension.js:2:328269)
	at /config/extensions/natizyskunk.sftp-1.16.3-universal/dist/extension.js:2:328502
	at Array.forEach (<anonymous>)
	at t.default._refreshSelection (/config/extensions/natizyskunk.sftp-1.16.3-universal/dist/extension.js:2:328485)
	at /config/extensions/natizyskunk.sftp-1.16.3-universal/dist/extension.js:2:327718
	at Eg._executeContributedCommand (file:///app/code-server/lib/vscode/out/vs/workbench/api/node/extensionHostProcess.js:530:48815)
	at Eg.$executeContributedCommand (file:///app/code-server/lib/vscode/out/vs/workbench/api/node/extensionHostProcess.js:530:49786)
	at i._doInvokeHandler (file:///app/code-server/lib/vscode/out/vs/workbench/api/node/extensionHostProcess.js:435:111200)
	at i._invokeHandler (file:///app/code-server/lib/vscode/out/vs/workbench/api/node/extensionHostProcess.js:435:110948)
	at i._receiveRequest (file:///app/code-server/lib/vscode/out/vs/workbench/api/node/extensionHostProcess.js:435:109730)
	at i._receiveOneMessage (file:///app/code-server/lib/vscode/out/vs/workbench/api/node/extensionHostProcess.js:435:108568)
	at up.value (file:///app/code-server/lib/vscode/out/vs/workbench/api/node/extensionHostProcess.js:435:106643)
	at E._deliver (file:///app/code-server/lib/vscode/out/vs/workbench/api/node/extensionHostProcess.js:431:3244)
	at E.fire (file:///app/code-server/lib/vscode/out/vs/workbench/api/node/extensionHostProcess.js:431:3562)
	at ls.fire (file:///app/code-server/lib/vscode/out/vs/workbench/api/node/extensionHostProcess.js:433:8437)
	at up.value (file:///app/code-server/lib/vscode/out/vs/workbench/api/node/extensionHostProcess.js:833:9944)
	at E._deliver (file:///app/code-server/lib/vscode/out/vs/workbench/api/node/extensionHostProcess.js:431:3244)
	at E.fire (file:///app/code-server/lib/vscode/out/vs/workbench/api/node/extensionHostProcess.js:431:3562)
	at ls.fire (file:///app/code-server/lib/vscode/out/vs/workbench/api/node/extensionHostProcess.js:433:8437)
	at hc._receiveMessage (file:///app/code-server/lib/vscode/out/vs/workbench/api/node/extensionHostProcess.js:433:13337)
	at up.value (file:///app/code-server/lib/vscode/out/vs/workbench/api/node/extensionHostProcess.js:433:10642)
	at E._deliver (file:///app/code-server/lib/vscode/out/vs/workbench/api/node/extensionHostProcess.js:431:3244)
	at E.fire (file:///app/code-server/lib/vscode/out/vs/workbench/api/node/extensionHostProcess.js:431:3562)
	at qI.acceptChunk (file:///app/code-server/lib/vscode/out/vs/workbench/api/node/extensionHostProcess.js:433:6237)
	at up.value (file:///app/code-server/lib/vscode/out/vs/workbench/api/node/extensionHostProcess.js:433:5370)
	at E._deliver (file:///app/code-server/lib/vscode/out/vs/workbench/api/node/extensionHostProcess.js:431:3244)
	at E.fire (file:///app/code-server/lib/vscode/out/vs/workbench/api/node/extensionHostProcess.js:431:3562)
	at iD._processReadQueue (file:///app/code-server/lib/vscode/out/vs/workbench/api/node/extensionHostProcess.js:433:25308)
2026-06-07 01:30:55.162 [info] ExtensionService#_doActivateExtension vscode.debug-server-ready, startup: false, activationEvent: 'onDebugResolve'
2026-06-07 01:31:12.576 [info] Extension host terminating: received terminate message from renderer
2026-06-07 01:31:12.577 [info] Lock '/config/data/User/workspaceStorage/3e188b9b/vscode.lock': Marking the lockfile as scheduled to be released in 6000 ms.
2026-06-07 01:31:12.631 [error] An error occurred when disposing the subscriptions for extension 'eamodio.gitlens':
2026-06-07 01:31:12.636 [error] Error: Channel has been closed
	at r (file:///app/code-server/lib/vscode/out/vs/workbench/api/node/extensionHostProcess.js:537:3935)
	at Object.info (file:///app/code-server/lib/vscode/out/vs/workbench/api/node/extensionHostProcess.js:537:4305)
	at Logger.info (/config/extensions/eamodio.gitlens-18.0.0-universal/dist/gitlens.js:1570:38775)
	at GkCliIntegrationProvider.stop (/config/extensions/eamodio.gitlens-18.0.0-universal/dist/gitlens.js:2084:43479)
	at GkCliIntegrationProvider.dispose (/config/extensions/eamodio.gitlens-18.0.0-universal/dist/gitlens.js:2084:42056)
	at /config/extensions/eamodio.gitlens-18.0.0-universal/dist/gitlens.js:1995:66929
	at Array.forEach (<anonymous>)
	at Object.dispose (/config/extensions/eamodio.gitlens-18.0.0-universal/dist/gitlens.js:1995:66910)
	at wn (file:///app/code-server/lib/vscode/out/vs/workbench/api/node/extensionHostProcess.js:429:736)
	at XP._fn (file:///app/code-server/lib/vscode/out/vs/workbench/api/node/extensionHostProcess.js:534:18391)
	at XP.dispose (file:///app/code-server/lib/vscode/out/vs/workbench/api/node/extensionHostProcess.js:429:1248)
	at SP._deactivate (file:///app/code-server/lib/vscode/out/vs/workbench/api/node/extensionHostProcess.js:534:14708)
	at file:///app/code-server/lib/vscode/out/vs/workbench/api/node/extensionHostProcess.js:534:12010
	at Array.map (<anonymous>)
	at SP._deactivateAll (file:///app/code-server/lib/vscode/out/vs/workbench/api/node/extensionHostProcess.js:534:11998)
	at SP.terminate (file:///app/code-server/lib/vscode/out/vs/workbench/api/node/extensionHostProcess.js:534:12349)
	at i.terminate (file:///app/code-server/lib/vscode/out/vs/workbench/api/node/extensionHostProcess.js:536:1072)
	at Qs (file:///app/code-server/lib/vscode/out/vs/workbench/api/node/extensionHostProcess.js:833:11734)
	at up.value (file:///app/code-server/lib/vscode/out/vs/workbench/api/node/extensionHostProcess.js:833:9880)
	at E._deliver (file:///app/code-server/lib/vscode/out/vs/workbench/api/node/extensionHostProcess.js:431:3244)
	at E.fire (file:///app/code-server/lib/vscode/out/vs/workbench/api/node/extensionHostProcess.js:431:3562)
	at ls.fire (file:///app/code-server/lib/vscode/out/vs/workbench/api/node/extensionHostProcess.js:433:8437)
	at hc._receiveMessage (file:///app/code-server/lib/vscode/out/vs/workbench/api/node/extensionHostProcess.js:433:13337)
	at up.value (file:///app/code-server/lib/vscode/out/vs/workbench/api/node/extensionHostProcess.js:433:10642)
	at E._deliver (file:///app/code-server/lib/vscode/out/vs/workbench/api/node/extensionHostProcess.js:431:3244)
	at E.fire (file:///app/code-server/lib/vscode/out/vs/workbench/api/node/extensionHostProcess.js:431:3562)
	at qI.acceptChunk (file:///app/code-server/lib/vscode/out/vs/workbench/api/node/extensionHostProcess.js:433:6237)
	at up.value (file:///app/code-server/lib/vscode/out/vs/workbench/api/node/extensionHostProcess.js:433:5370)
	at E._deliver (file:///app/code-server/lib/vscode/out/vs/workbench/api/node/extensionHostProcess.js:431:3244)
	at E.fire (file:///app/code-server/lib/vscode/out/vs/workbench/api/node/extensionHostProcess.js:431:3562)
	at iD._processReadQueue (file:///app/code-server/lib/vscode/out/vs/workbench/api/node/extensionHostProcess.js:433:25308)
2026-06-07 01:31:12.636 [error] An error occurred when disposing the subscriptions for extension 'Gruntfuggly.todo-tree':
2026-06-07 01:31:12.636 [error] AggregateError: Encountered errors while disposing of store
	at wn (file:///app/code-server/lib/vscode/out/vs/workbench/api/node/extensionHostProcess.js:429:812)
	at XP._fn (file:///app/code-server/lib/vscode/out/vs/workbench/api/node/extensionHostProcess.js:534:18391)
	at XP.dispose (file:///app/code-server/lib/vscode/out/vs/workbench/api/node/extensionHostProcess.js:429:1248)
	at SP._deactivate (file:///app/code-server/lib/vscode/out/vs/workbench/api/node/extensionHostProcess.js:534:14708)
	at file:///app/code-server/lib/vscode/out/vs/workbench/api/node/extensionHostProcess.js:534:12010
	at Array.map (<anonymous>)
	at SP._deactivateAll (file:///app/code-server/lib/vscode/out/vs/workbench/api/node/extensionHostProcess.js:534:11998)
	at SP.terminate (file:///app/code-server/lib/vscode/out/vs/workbench/api/node/extensionHostProcess.js:534:12349)
	at i.terminate (file:///app/code-server/lib/vscode/out/vs/workbench/api/node/extensionHostProcess.js:536:1072)
	at Qs (file:///app/code-server/lib/vscode/out/vs/workbench/api/node/extensionHostProcess.js:833:11734)
	at up.value (file:///app/code-server/lib/vscode/out/vs/workbench/api/node/extensionHostProcess.js:833:9880)
	at E._deliver (file:///app/code-server/lib/vscode/out/vs/workbench/api/node/extensionHostProcess.js:431:3244)
	at E.fire (file:///app/code-server/lib/vscode/out/vs/workbench/api/node/extensionHostProcess.js:431:3562)
	at ls.fire (file:///app/code-server/lib/vscode/out/vs/workbench/api/node/extensionHostProcess.js:433:8437)
	at hc._receiveMessage (file:///app/code-server/lib/vscode/out/vs/workbench/api/node/extensionHostProcess.js:433:13337)
	at up.value (file:///app/code-server/lib/vscode/out/vs/workbench/api/node/extensionHostProcess.js:433:10642)
	at E._deliver (file:///app/code-server/lib/vscode/out/vs/workbench/api/node/extensionHostProcess.js:431:3244)
	at E.fire (file:///app/code-server/lib/vscode/out/vs/workbench/api/node/extensionHostProcess.js:431:3562)
	at qI.acceptChunk (file:///app/code-server/lib/vscode/out/vs/workbench/api/node/extensionHostProcess.js:433:6237)
	at up.value (file:///app/code-server/lib/vscode/out/vs/workbench/api/node/extensionHostProcess.js:433:5370)
	at E._deliver (file:///app/code-server/lib/vscode/out/vs/workbench/api/node/extensionHostProcess.js:431:3244)
	at E.fire (file:///app/code-server/lib/vscode/out/vs/workbench/api/node/extensionHostProcess.js:431:3562)
	at iD._processReadQueue (file:///app/code-server/lib/vscode/out/vs/workbench/api/node/extensionHostProcess.js:433:25308)
2026-06-07 01:31:12.644 [error] Unable to refresh tree view remoteExplorer: Canceled
2026-06-07 01:31:12.645 [error] Unable to refresh tree view remoteExplorer: Canceled
2026-06-07 01:31:12.646 [error] ProxyResolver#resolveProxy undefined Canceled: Canceled
	at new nx (file:///app/code-server/lib/vscode/out/vs/workbench/api/node/extensionHostProcess.js:435:105205)
	at i._remoteCall (file:///app/code-server/lib/vscode/out/vs/workbench/api/node/extensionHostProcess.js:435:111257)
	at r.<computed>.s.charCodeAt.r.<computed> (file:///app/code-server/lib/vscode/out/vs/workbench/api/node/extensionHostProcess.js:435:108052)
	at lg.resolveProxy (file:///app/code-server/lib/vscode/out/vs/workbench/api/node/extensionHostProcess.js:527:81609)
	at Object.resolveProxy (file:///app/code-server/lib/vscode/out/vs/workbench/api/node/extensionHostProcess.js:671:25070)
	at useProxySettings (/app/code-server/lib/vscode/node_modules/@vscode/proxy-agent/out/index.js:208:16)
	at /app/code-server/lib/vscode/node_modules/@vscode/proxy-agent/out/index.js:231:13
	at new Promise (<anonymous>)
	at resolveProxyURL (/app/code-server/lib/vscode/node_modules/@vscode/proxy-agent/out/index.js:230:35)
	at /app/code-server/lib/vscode/node_modules/@vscode/proxy-agent/out/index.js:582:53
	at Generator.next (<anonymous>)
	at /app/code-server/lib/vscode/node_modules/@vscode/proxy-agent/out/index.js:35:71
	at new Promise (<anonymous>)
	at __awaiter (/app/code-server/lib/vscode/node_modules/@vscode/proxy-agent/out/index.js:31:12)
	at patchedFetch (/app/code-server/lib/vscode/node_modules/@vscode/proxy-agent/out/index.js:567:16)
	at globalThis.fetch (file:///app/code-server/lib/vscode/out/vs/workbench/api/node/extensionHostProcess.js:671:23754)
	at PostHog2.fetch (/config/extensions/continue.continue-1.2.22-linux-x64/out/extension.js:63305:75)
	at PostHog2.<anonymous> (/config/extensions/continue.continue-1.2.22-linux-x64/out/extension.js:61938:45)
	at step (/config/extensions/continue.continue-1.2.22-linux-x64/out/extension.js:60771:25)
	at Object.next (/config/extensions/continue.continue-1.2.22-linux-x64/out/extension.js:60718:18)
	at /config/extensions/continue.continue-1.2.22-linux-x64/out/extension.js:60704:71
	at new Promise (<anonymous>)
	at __awaiter5 (/config/extensions/continue.continue-1.2.22-linux-x64/out/extension.js:60686:14)
	at /config/extensions/continue.continue-1.2.22-linux-x64/out/extension.js:61929:28
	at /config/extensions/continue.continue-1.2.22-linux-x64/out/extension.js:60846:26
	at step (/config/extensions/continue.continue-1.2.22-linux-x64/out/extension.js:60771:25)
	at Object.next (/config/extensions/continue.continue-1.2.22-linux-x64/out/extension.js:60718:18)
	at /config/extensions/continue.continue-1.2.22-linux-x64/out/extension.js:60704:71
	at new Promise (<anonymous>)
	at __awaiter5 (/config/extensions/continue.continue-1.2.22-linux-x64/out/extension.js:60686:14)
	at retriable (/config/extensions/continue.continue-1.2.22-linux-x64/out/extension.js:60824:14)
	at PostHog2.<anonymous> (/config/extensions/continue.continue-1.2.22-linux-x64/out/extension.js:61928:30)
	at step (/config/extensions/continue.continue-1.2.22-linux-x64/out/extension.js:60771:25)
	at Object.next (/config/extensions/continue.continue-1.2.22-linux-x64/out/extension.js:60718:18)
	at /config/extensions/continue.continue-1.2.22-linux-x64/out/extension.js:60704:71
	at new Promise (<anonymous>)
	at __awaiter5 (/config/extensions/continue.continue-1.2.22-linux-x64/out/extension.js:60686:14)
	at PostHogCoreStateless2.fetchWithRetry (/config/extensions/continue.continue-1.2.22-linux-x64/out/extension.js:61916:18)
	at PostHog2.<anonymous> (/config/extensions/continue.continue-1.2.22-linux-x64/out/extension.js:61666:31)
	at step (/config/extensions/continue.continue-1.2.22-linux-x64/out/extension.js:60771:25)
	at Object.next (/config/extensions/continue.continue-1.2.22-linux-x64/out/extension.js:60718:18)
	at /config/extensions/continue.continue-1.2.22-linux-x64/out/extension.js:60704:71
	at new Promise (<anonymous>)
	at __awaiter5 (/config/extensions/continue.continue-1.2.22-linux-x64/out/extension.js:60686:14)
	at PostHogCoreStateless2.getDecide (/config/extensions/continue.continue-1.2.22-linux-x64/out/extension.js:61656:18)
	at PostHog2.<anonymous> (/config/extensions/continue.continue-1.2.22-linux-x64/out/extension.js:61812:35)
	at step (/config/extensions/continue.continue-1.2.22-linux-x64/out/extension.js:60771:25)
	at Object.next (/config/extensions/continue.continue-1.2.22-linux-x64/out/extension.js:60718:18)
	at /config/extensions/continue.continue-1.2.22-linux-x64/out/extension.js:60704:71
	at new Promise (<anonymous>)
	at __awaiter5 (/config/extensions/continue.continue-1.2.22-linux-x64/out/extension.js:60686:14)
	at PostHogCoreStateless2.getFeatureFlagsAndPayloadsStateless (/config/extensions/continue.continue-1.2.22-linux-x64/out/extension.js:61803:18)
	at PostHog2.<anonymous> (/config/extensions/continue.continue-1.2.22-linux-x64/out/extension.js:61786:35)
	at step (/config/extensions/continue.continue-1.2.22-linux-x64/out/extension.js:60771:25)
	at Object.next (/config/extensions/continue.continue-1.2.22-linux-x64/out/extension.js:60718:18)
	at /config/extensions/continue.continue-1.2.22-linux-x64/out/extension.js:60704:71
	at new Promise (<anonymous>)
	at __awaiter5 (/config/extensions/continue.continue-1.2.22-linux-x64/out/extension.js:60686:14)
	at PostHogCoreStateless2.getFeatureFlagsStateless (/config/extensions/continue.continue-1.2.22-linux-x64/out/extension.js:61782:18)
	at PostHog2.<anonymous> (/config/extensions/continue.continue-1.2.22-linux-x64/out/extension.js:63353:65)
	at step (/config/extensions/continue.continue-1.2.22-linux-x64/out/extension.js:60771:25)
	at Object.next (/config/extensions/continue.continue-1.2.22-linux-x64/out/extension.js:60718:18)
	at /config/extensions/continue.continue-1.2.22-linux-x64/out/extension.js:60704:71
	at new Promise (<anonymous>)
	at __awaiter5 (/config/extensions/continue.continue-1.2.22-linux-x64/out/extension.js:60686:14)
	at /config/extensions/continue.continue-1.2.22-linux-x64/out/extension.js:63341:20 
2026-06-07 01:31:12.646 [error] [vscode.json-language-features] provider FAILED
2026-06-07 01:31:12.646 [error] Error: Channel has been closed
	at r (file:///app/code-server/lib/vscode/out/vs/workbench/api/node/extensionHostProcess.js:537:3935)
	at Object.error (file:///app/code-server/lib/vscode/out/vs/workbench/api/node/extensionHostProcess.js:537:4394)
	at QT.error (/app/code-server/lib/vscode/extensions/json-language-features/client/dist/node/jsonClientMain.js:14:276)
	at QT.handleFailedRequest (/app/code-server/lib/vscode/extensions/json-language-features/client/dist/node/jsonClientMain.js:19:9755)
	at /app/code-server/lib/vscode/extensions/json-language-features/client/dist/node/jsonClientMain.js:12:69293
	at async vy.provideColors (file:///app/code-server/lib/vscode/out/vs/workbench/api/node/extensionHostProcess.js:558:164181)
2026-06-07 01:31:12.680 [info] Extension host with pid 802 exiting with code 0
