2026-06-07 01:44:28.633 [info] [main] Log level: Info
2026-06-07 01:44:28.633 [info] [main] Validating found git in: "git"
2026-06-07 01:44:28.633 [info] [main] Using git "2.43.0" from "git"
2026-06-07 01:44:28.633 [info] [Model][doInitialScan] Initial repository scan started
2026-06-07 01:44:28.633 [info] > git rev-parse --show-toplevel [4ms]
2026-06-07 01:44:28.633 [info] fatal: not a git repository (or any parent up to mount point /)
Stopping at filesystem boundary (GIT_DISCOVERY_ACROSS_FILESYSTEM not set).
2026-06-07 01:44:28.633 [info] > git rev-parse --show-toplevel [2ms]
2026-06-07 01:44:28.633 [info] fatal: not a git repository (or any parent up to mount point /)
Stopping at filesystem boundary (GIT_DISCOVERY_ACROSS_FILESYSTEM not set).
2026-06-07 01:44:28.633 [info] > git rev-parse --show-toplevel [6ms]
2026-06-07 01:44:28.633 [info] fatal: not a git repository (or any parent up to mount point /)
Stopping at filesystem boundary (GIT_DISCOVERY_ACROSS_FILESYSTEM not set).
2026-06-07 01:44:28.633 [info] > git rev-parse --show-toplevel [2ms]
2026-06-07 01:44:28.633 [info] fatal: not a git repository (or any parent up to mount point /)
Stopping at filesystem boundary (GIT_DISCOVERY_ACROSS_FILESYSTEM not set).
2026-06-07 01:44:28.633 [info] > git rev-parse --show-toplevel [1ms]
2026-06-07 01:44:28.633 [info] fatal: not a git repository (or any parent up to mount point /)
Stopping at filesystem boundary (GIT_DISCOVERY_ACROSS_FILESYSTEM not set).
2026-06-07 01:44:28.633 [info] > git rev-parse --show-toplevel [2ms]
2026-06-07 01:44:28.633 [info] fatal: not a git repository (or any parent up to mount point /)
Stopping at filesystem boundary (GIT_DISCOVERY_ACROSS_FILESYSTEM not set).
2026-06-07 01:44:28.633 [info] > git rev-parse --show-toplevel [2ms]
2026-06-07 01:44:28.633 [info] fatal: not a git repository (or any parent up to mount point /)
Stopping at filesystem boundary (GIT_DISCOVERY_ACROSS_FILESYSTEM not set).
2026-06-07 01:44:28.633 [info] [Model][doInitialScan] Initial repository scan completed - repositories (0), closed repositories (0), parent repositories (0), unsafe repositories (0)
2026-06-07 01:44:28.633 [info] > git rev-parse --show-toplevel [13ms]
2026-06-07 01:44:28.633 [info] fatal: not a git repository (or any parent up to mount point /)
Stopping at filesystem boundary (GIT_DISCOVERY_ACROSS_FILESYSTEM not set).
2026-06-07 01:44:28.668 [info] > git rev-parse --show-toplevel [2ms]
2026-06-07 01:44:28.668 [info] fatal: not a git repository (or any parent up to mount point /)
Stopping at filesystem boundary (GIT_DISCOVERY_ACROSS_FILESYSTEM not set).
2026-06-07 01:44:28.702 [info] > git rev-parse --show-toplevel [9ms]
2026-06-07 01:44:28.702 [info] fatal: not a git repository (or any parent up to mount point /)
Stopping at filesystem boundary (GIT_DISCOVERY_ACROSS_FILESYSTEM not set).
2026-06-07 01:45:02.885 [info] > git rev-parse --show-toplevel [6ms]
2026-06-07 01:45:02.885 [info] fatal: not a git repository (or any parent up to mount point /)
Stopping at filesystem boundary (GIT_DISCOVERY_ACROSS_FILESYSTEM not set).
2026-06-07 01:45:02.897 [info] > git rev-parse --show-toplevel [3ms]
2026-06-07 01:45:02.897 [info] fatal: not a git repository (or any parent up to mount point /)
Stopping at filesystem boundary (GIT_DISCOVERY_ACROSS_FILESYSTEM not set).
2026-06-07 01:45:53.239 [info] > git rev-parse --show-toplevel [1ms]
2026-06-07 01:45:53.239 [info] fatal: not a git repository (or any parent up to mount point /)
Stopping at filesystem boundary (GIT_DISCOVERY_ACROSS_FILESYSTEM not set).
