2026-06-07 09:15:49.837 [info] read schema from vscode: vscode://schemas/settings/folder
2026-06-07 09:15:50.289 [info] read schema from vscode: vscode://schemas/settings/resourceLanguage
2026-06-07 09:15:50.348 [info] read schema from vscode: vscode://schemas/launch
2026-06-07 09:15:50.351 [info] read schema from vscode: vscode://schemas/token-styling
2026-06-07 09:15:50.377 [info] read schema from vscode: vscode://schemas/textmate-colors
2026-06-07 09:15:50.389 [info] read schema from vscode: vscode://schemas/workbench-colors
2026-06-07 09:15:51.840 [info] schema change detected vscode://schemas/settings/resourceLanguage
2026-06-07 09:15:51.868 [info] schema change detected vscode://schemas/settings/folder
2026-06-07 09:15:51.875 [info] schema change detected vscode://schemas/settings/folder
2026-06-07 09:15:51.889 [info] schema change detected vscode://schemas/settings/folder
2026-06-07 09:15:51.998 [info] schema change detected vscode://schemas/settings/resourceLanguage
2026-06-07 09:15:52.060 [info] schema change detected vscode://schemas/settings/folder
2026-06-07 09:15:53.850 [info] read schema from vscode: vscode://schemas/settings/folder
2026-06-07 09:15:54.118 [info] read schema from vscode: vscode://schemas/settings/resourceLanguage
2026-06-07 09:15:54.144 [info] read schema from vscode: vscode://schemas/launch
2026-06-07 09:15:54.144 [info] read schema from vscode: vscode://schemas/token-styling
2026-06-07 09:15:54.144 [info] read schema from vscode: vscode://schemas/textmate-colors
2026-06-07 09:15:54.146 [info] read schema from vscode: vscode://schemas/workbench-colors
2026-06-07 09:15:54.673 [info] schema change detected vscode://schemas/launch
2026-06-07 09:15:54.675 [info] read schema from vscode: vscode://schemas/settings/folder
2026-06-07 09:15:54.905 [info] read schema from vscode: vscode://schemas/launch
