2026-06-09 18:03:16.923 [info] [main] Log level: Info
2026-06-09 18:03:16.923 [info] [main] Validating found git in: "git"
2026-06-09 18:03:16.923 [info] [main] Using git "2.43.0" from "git"
2026-06-09 18:03:16.923 [info] [Model][doInitialScan] Initial repository scan started
2026-06-09 18:03:16.923 [info] > git rev-parse --show-toplevel [2ms]
2026-06-09 18:03:16.923 [info] fatal: not a git repository (or any parent up to mount point /)
Stopping at filesystem boundary (GIT_DISCOVERY_ACROSS_FILESYSTEM not set).
2026-06-09 18:03:16.923 [info] > git rev-parse --show-toplevel [2ms]
2026-06-09 18:03:16.923 [info] fatal: not a git repository (or any parent up to mount point /)
Stopping at filesystem boundary (GIT_DISCOVERY_ACROSS_FILESYSTEM not set).
2026-06-09 18:03:16.923 [info] > git rev-parse --show-toplevel [1ms]
2026-06-09 18:03:16.923 [info] fatal: not a git repository (or any parent up to mount point /)
Stopping at filesystem boundary (GIT_DISCOVERY_ACROSS_FILESYSTEM not set).
2026-06-09 18:03:16.923 [info] > git rev-parse --show-toplevel [2ms]
2026-06-09 18:03:16.923 [info] fatal: not a git repository (or any parent up to mount point /)
Stopping at filesystem boundary (GIT_DISCOVERY_ACROSS_FILESYSTEM not set).
2026-06-09 18:03:16.923 [info] > git rev-parse --show-toplevel [2ms]
2026-06-09 18:03:16.923 [info] fatal: not a git repository (or any parent up to mount point /)
Stopping at filesystem boundary (GIT_DISCOVERY_ACROSS_FILESYSTEM not set).
2026-06-09 18:03:16.923 [info] > git rev-parse --show-toplevel [2ms]
2026-06-09 18:03:16.923 [info] fatal: not a git repository (or any parent up to mount point /)
Stopping at filesystem boundary (GIT_DISCOVERY_ACROSS_FILESYSTEM not set).
2026-06-09 18:03:16.923 [info] > git rev-parse --show-toplevel [1ms]
2026-06-09 18:03:16.923 [info] fatal: not a git repository (or any parent up to mount point /)
Stopping at filesystem boundary (GIT_DISCOVERY_ACROSS_FILESYSTEM not set).
2026-06-09 18:03:16.923 [info] > git rev-parse --show-toplevel [2ms]
2026-06-09 18:03:16.923 [info] fatal: not a git repository (or any parent up to mount point /)
Stopping at filesystem boundary (GIT_DISCOVERY_ACROSS_FILESYSTEM not set).
2026-06-09 18:03:16.923 [info] > git rev-parse --show-toplevel [213ms]
2026-06-09 18:03:16.923 [info] fatal: not a git repository (or any parent up to mount point /)
Stopping at filesystem boundary (GIT_DISCOVERY_ACROSS_FILESYSTEM not set).
2026-06-09 18:03:16.923 [info] > git rev-parse --show-toplevel [19ms]
2026-06-09 18:03:16.923 [info] fatal: not a git repository (or any parent up to mount point /)
Stopping at filesystem boundary (GIT_DISCOVERY_ACROSS_FILESYSTEM not set).
2026-06-09 18:03:16.923 [info] [Model][doInitialScan] Initial repository scan completed - repositories (0), closed repositories (0), parent repositories (0), unsafe repositories (0)
2026-06-09 18:03:16.923 [info] > git rev-parse --show-toplevel [16ms]
2026-06-09 18:03:16.923 [info] fatal: not a git repository (or any parent up to mount point /)
Stopping at filesystem boundary (GIT_DISCOVERY_ACROSS_FILESYSTEM not set).
2026-06-09 18:03:16.923 [info] > git rev-parse --show-toplevel [3ms]
2026-06-09 18:03:16.923 [info] fatal: not a git repository (or any parent up to mount point /)
Stopping at filesystem boundary (GIT_DISCOVERY_ACROSS_FILESYSTEM not set).
2026-06-09 18:03:18.839 [info] > git rev-parse --show-toplevel [3ms]
2026-06-09 18:03:18.839 [info] fatal: not a git repository (or any parent up to mount point /)
Stopping at filesystem boundary (GIT_DISCOVERY_ACROSS_FILESYSTEM not set).
2026-06-09 18:03:19.053 [info] > git rev-parse --show-toplevel [2ms]
2026-06-09 18:03:19.053 [info] fatal: not a git repository (or any parent up to mount point /)
Stopping at filesystem boundary (GIT_DISCOVERY_ACROSS_FILESYSTEM not set).
