2026-06-07 01:26:18.937 [info] [main] Log level: Info
2026-06-07 01:26:18.937 [info] [main] Validating found git in: "git"
2026-06-07 01:26:18.937 [info] [main] Using git "2.43.0" from "git"
2026-06-07 01:26:18.937 [info] [Model][doInitialScan] Initial repository scan started
2026-06-07 01:26:18.937 [info] > git rev-parse --show-toplevel [4ms]
2026-06-07 01:26:18.937 [info] fatal: not a git repository (or any parent up to mount point /)
Stopping at filesystem boundary (GIT_DISCOVERY_ACROSS_FILESYSTEM not set).
2026-06-07 01:26:18.937 [info] > git rev-parse --show-toplevel [4ms]
2026-06-07 01:26:18.937 [info] fatal: not a git repository (or any parent up to mount point /)
Stopping at filesystem boundary (GIT_DISCOVERY_ACROSS_FILESYSTEM not set).
2026-06-07 01:26:18.937 [info] > git rev-parse --show-toplevel [54ms]
2026-06-07 01:26:18.937 [info] fatal: not a git repository (or any parent up to mount point /)
Stopping at filesystem boundary (GIT_DISCOVERY_ACROSS_FILESYSTEM not set).
2026-06-07 01:26:18.937 [info] > git rev-parse --show-toplevel [4ms]
2026-06-07 01:26:18.937 [info] fatal: not a git repository (or any parent up to mount point /)
Stopping at filesystem boundary (GIT_DISCOVERY_ACROSS_FILESYSTEM not set).
2026-06-07 01:26:18.937 [info] > git rev-parse --show-toplevel [2ms]
2026-06-07 01:26:18.937 [info] fatal: not a git repository (or any parent up to mount point /)
Stopping at filesystem boundary (GIT_DISCOVERY_ACROSS_FILESYSTEM not set).
2026-06-07 01:26:18.937 [info] > git rev-parse --show-toplevel [18ms]
2026-06-07 01:26:18.937 [info] fatal: not a git repository (or any parent up to mount point /)
Stopping at filesystem boundary (GIT_DISCOVERY_ACROSS_FILESYSTEM not set).
2026-06-07 01:26:18.937 [info] > git rev-parse --show-toplevel [7ms]
2026-06-07 01:26:18.937 [info] fatal: not a git repository (or any parent up to mount point /)
Stopping at filesystem boundary (GIT_DISCOVERY_ACROSS_FILESYSTEM not set).
2026-06-07 01:26:18.937 [info] [Model][doInitialScan] Initial repository scan completed - repositories (0), closed repositories (0), parent repositories (0), unsafe repositories (0)
2026-06-07 01:26:18.937 [info] > git rev-parse --show-toplevel [2ms]
2026-06-07 01:26:18.937 [info] fatal: not a git repository (or any parent up to mount point /)
Stopping at filesystem boundary (GIT_DISCOVERY_ACROSS_FILESYSTEM not set).
2026-06-07 01:26:20.491 [info] > git rev-parse --show-toplevel [3ms]
2026-06-07 01:26:20.491 [info] fatal: not a git repository (or any parent up to mount point /)
Stopping at filesystem boundary (GIT_DISCOVERY_ACROSS_FILESYSTEM not set).
