2026-06-10 08:01:02.858 [info] Reading sessions from keychain...
2026-06-10 08:01:02.858 [info] Getting sessions for all scopes...
2026-06-10 08:01:02.858 [info] Got 0 sessions for ...
2026-06-10 08:01:02.858 [info] Getting sessions for all scopes...
2026-06-10 08:01:02.858 [info] Got 0 sessions for ...
2026-06-10 08:01:02.858 [info] Getting sessions for all scopes...
2026-06-10 08:01:02.858 [info] Got 0 sessions for ...
2026-06-10 08:01:02.858 [info] Getting sessions for all scopes...
2026-06-10 08:01:02.858 [info] Got 0 sessions for ...
2026-06-10 08:01:02.875 [info] Getting sessions for all scopes...
2026-06-10 08:01:02.876 [info] Got 0 sessions for ...
2026-06-10 08:01:05.466 [info] Getting sessions for all scopes...
2026-06-10 08:01:05.466 [info] Got 0 sessions for ...
2026-06-10 08:01:06.280 [info] Getting sessions for read:user,repo,user:email...
2026-06-10 08:01:06.280 [info] Got 0 sessions for read:user,repo,user:email...
2026-06-10 08:01:08.152 [info] Getting sessions for read:user,repo,user:email...
2026-06-10 08:01:08.152 [info] Got 0 sessions for read:user,repo,user:email...
2026-06-10 08:01:08.230 [info] Getting sessions for read:user,repo,user:email...
2026-06-10 08:01:08.230 [info] Got 0 sessions for read:user,repo,user:email...
2026-06-10 08:01:08.532 [info] Getting sessions for read:user,repo,user:email...
2026-06-10 08:01:08.532 [info] Got 0 sessions for read:user,repo,user:email...
2026-06-10 08:01:08.604 [info] Getting sessions for read:user,repo,user:email...
2026-06-10 08:01:08.604 [info] Got 0 sessions for read:user,repo,user:email...
2026-06-10 08:01:08.740 [info] Getting sessions for read:user,repo,user:email...
2026-06-10 08:01:08.740 [info] Got 0 sessions for read:user,repo,user:email...
