2026-06-09 21:38:06.944 [info] Extension host with pid 55996 started
2026-06-09 21:38:06.954 [info] Lock '/config/data/User/workspaceStorage/-3eb7f34b/vscode.lock': Lock acquired.
2026-06-09 21:38:07.079 [info] ExtensionService#_doActivateExtension vscode.github-authentication, startup: false, activationEvent: 'onAuthenticationRequest:github'
2026-06-09 21:38:07.081 [info] ExtensionService#_doActivateExtension vscode.configuration-editing, startup: false, activationEvent: 'onLanguage:json'
2026-06-09 21:38:07.081 [info] ExtensionService#_doActivateExtension vscode.extension-editing, startup: false, activationEvent: 'onLanguage:json'
2026-06-09 21:38:07.081 [info] ExtensionService#_doActivateExtension vscode.json-language-features, startup: false, activationEvent: 'onLanguage:json'
2026-06-09 21:38:07.082 [info] ExtensionService#_doActivateExtension vscode.npm, startup: false, activationEvent: 'onLanguage:json'
2026-06-09 21:38:07.082 [info] ExtensionService#_doActivateExtension vscode.emmet, startup: false, activationEvent: 'onLanguage'
2026-06-09 21:38:07.728 [info] ExtensionService#_doActivateExtension vscode.git-base, startup: true, activationEvent: '*', root cause: vscode.git
2026-06-09 21:38:07.728 [info] ExtensionService#_doActivateExtension shubhamsharma.ariv-themes, startup: true, activationEvent: '*'
2026-06-09 21:38:07.740 [info] ExtensionService#_doActivateExtension Natizyskunk.sftp, startup: true, activationEvent: 'workspaceContains:.vscode/sftp.json'
2026-06-09 21:38:07.856 [info] ExtensionService#_doActivateExtension vscode.git, startup: true, activationEvent: '*'
2026-06-09 21:38:07.857 [info] ExtensionService#_doActivateExtension vscode.github, startup: true, activationEvent: '*'
2026-06-09 21:38:08.122 [info] ExtensionService#_doActivateExtension eamodio.gitlens, startup: false, activationEvent: 'onTerminal:*'
2026-06-09 21:38:08.323 [info] Eager extensions activated
2026-06-09 21:38:08.324 [info] ExtensionService#_doActivateExtension vscode.debug-auto-launch, startup: false, activationEvent: 'onStartupFinished'
2026-06-09 21:38:08.324 [info] ExtensionService#_doActivateExtension vscode.merge-conflict, startup: false, activationEvent: 'onStartupFinished'
2026-06-09 21:38:08.325 [info] ExtensionService#_doActivateExtension Continue.continue, startup: false, activationEvent: 'onStartupFinished'
2026-06-09 21:38:08.325 [info] ExtensionService#_doActivateExtension Gruntfuggly.todo-tree, startup: false, activationEvent: 'onStartupFinished'
2026-06-09 21:38:08.325 [info] ExtensionService#_doActivateExtension PKief.material-icon-theme, startup: false, activationEvent: 'onStartupFinished'
2026-06-09 21:38:08.325 [info] ExtensionService#_doActivateExtension usernamehw.errorlens, startup: false, activationEvent: 'onStartupFinished'
2026-06-09 21:38:09.854 [info] ExtensionService#_doActivateExtension vscode.terminal-suggest, startup: false, activationEvent: 'onTerminalShellIntegration:*'
2026-06-09 21:38:10.035 [info] ExtensionService#_doActivateExtension vscode.tunnel-forwarding, startup: false, activationEvent: 'onTunnel'
2026-06-09 21:38:12.840 [info] ExtensionService#_doActivateExtension vscode.typescript-language-features, startup: false, activationEvent: 'onLanguage:jsonc'
2026-06-09 21:38:28.218 [error] a@https://code.gruppe4.local/stable-77d880d0c3fcbf4ac613644b3e113cedd6173a16/static/out/vs/code/browser/workbench/workbench.js:412:155
$tryOpenDocument@https://code.gruppe4.local/stable-77d880d0c3fcbf4ac613644b3e113cedd6173a16/static/out/vs/code/browser/workbench/workbench.js:1035:10887

2026-06-09 21:38:29.722 [error] a@https://code.gruppe4.local/stable-77d880d0c3fcbf4ac613644b3e113cedd6173a16/static/out/vs/code/browser/workbench/workbench.js:412:155
$tryOpenDocument@https://code.gruppe4.local/stable-77d880d0c3fcbf4ac613644b3e113cedd6173a16/static/out/vs/code/browser/workbench/workbench.js:1035:10887

2026-06-09 21:38:29.873 [error] a@https://code.gruppe4.local/stable-77d880d0c3fcbf4ac613644b3e113cedd6173a16/static/out/vs/code/browser/workbench/workbench.js:412:155
$tryOpenDocument@https://code.gruppe4.local/stable-77d880d0c3fcbf4ac613644b3e113cedd6173a16/static/out/vs/code/browser/workbench/workbench.js:1035:10887

2026-06-09 21:38:31.261 [error] a@https://code.gruppe4.local/stable-77d880d0c3fcbf4ac613644b3e113cedd6173a16/static/out/vs/code/browser/workbench/workbench.js:412:155
$tryOpenDocument@https://code.gruppe4.local/stable-77d880d0c3fcbf4ac613644b3e113cedd6173a16/static/out/vs/code/browser/workbench/workbench.js:1035:10887

2026-06-09 21:38:50.365 [error] a@https://code.gruppe4.local/stable-77d880d0c3fcbf4ac613644b3e113cedd6173a16/static/out/vs/code/browser/workbench/workbench.js:412:155
$tryOpenDocument@https://code.gruppe4.local/stable-77d880d0c3fcbf4ac613644b3e113cedd6173a16/static/out/vs/code/browser/workbench/workbench.js:1035:10887

2026-06-09 21:38:52.320 [error] a@https://code.gruppe4.local/stable-77d880d0c3fcbf4ac613644b3e113cedd6173a16/static/out/vs/code/browser/workbench/workbench.js:412:155
$tryOpenDocument@https://code.gruppe4.local/stable-77d880d0c3fcbf4ac613644b3e113cedd6173a16/static/out/vs/code/browser/workbench/workbench.js:1035:10887

2026-06-09 21:38:54.495 [error] a@https://code.gruppe4.local/stable-77d880d0c3fcbf4ac613644b3e113cedd6173a16/static/out/vs/code/browser/workbench/workbench.js:412:155
$tryOpenDocument@https://code.gruppe4.local/stable-77d880d0c3fcbf4ac613644b3e113cedd6173a16/static/out/vs/code/browser/workbench/workbench.js:1035:10887

2026-06-09 21:38:54.697 [error] a@https://code.gruppe4.local/stable-77d880d0c3fcbf4ac613644b3e113cedd6173a16/static/out/vs/code/browser/workbench/workbench.js:412:155
$tryOpenDocument@https://code.gruppe4.local/stable-77d880d0c3fcbf4ac613644b3e113cedd6173a16/static/out/vs/code/browser/workbench/workbench.js:1035:10887

2026-06-09 21:40:47.855 [error] Error: No autocomplete model configured and provided model not found in config
	at getAutocompleteContext (/config/extensions/continue.continue-1.2.22-linux-x64/out/extension.js:821508:21)
	at async processNextEditData (/config/extensions/continue.continue-1.2.22-linux-x64/out/extension.js:821625:35)
2026-06-09 21:41:00.027 [error] Error: No autocomplete model configured and provided model not found in config
	at getAutocompleteContext (/config/extensions/continue.continue-1.2.22-linux-x64/out/extension.js:821508:21)
	at async processNextEditData (/config/extensions/continue.continue-1.2.22-linux-x64/out/extension.js:821625:35)
2026-06-09 21:41:13.570 [error] Error: No autocomplete model configured and provided model not found in config
	at getAutocompleteContext (/config/extensions/continue.continue-1.2.22-linux-x64/out/extension.js:821508:21)
	at async processNextEditData (/config/extensions/continue.continue-1.2.22-linux-x64/out/extension.js:821625:35)
2026-06-09 21:42:31.868 [error] Error: No autocomplete model configured and provided model not found in config
	at getAutocompleteContext (/config/extensions/continue.continue-1.2.22-linux-x64/out/extension.js:821508:21)
	at async processNextEditData (/config/extensions/continue.continue-1.2.22-linux-x64/out/extension.js:821625:35)
2026-06-09 21:43:13.516 [error] Error: No autocomplete model configured and provided model not found in config
	at getAutocompleteContext (/config/extensions/continue.continue-1.2.22-linux-x64/out/extension.js:821508:21)
	at async processNextEditData (/config/extensions/continue.continue-1.2.22-linux-x64/out/extension.js:821625:35)
2026-06-09 21:54:19.706 [info] ExtensionService#_doActivateExtension jajera.vsx-remote-ssh, startup: false, activationEvent: '*'
2026-06-09 22:04:11.850 [error] Error: No autocomplete model configured and provided model not found in config
	at getAutocompleteContext (/config/extensions/continue.continue-1.2.22-linux-x64/out/extension.js:821508:21)
	at async processNextEditData (/config/extensions/continue.continue-1.2.22-linux-x64/out/extension.js:821625:35)
2026-06-09 22:04:19.754 [error] Error: No autocomplete model configured and provided model not found in config
	at getAutocompleteContext (/config/extensions/continue.continue-1.2.22-linux-x64/out/extension.js:821508:21)
	at async processNextEditData (/config/extensions/continue.continue-1.2.22-linux-x64/out/extension.js:821625:35)
2026-06-09 22:04:46.592 [error] Error: No autocomplete model configured and provided model not found in config
	at getAutocompleteContext (/config/extensions/continue.continue-1.2.22-linux-x64/out/extension.js:821508:21)
	at async processNextEditData (/config/extensions/continue.continue-1.2.22-linux-x64/out/extension.js:821625:35)
2026-06-09 22:05:48.012 [error] Error: No autocomplete model configured and provided model not found in config
	at getAutocompleteContext (/config/extensions/continue.continue-1.2.22-linux-x64/out/extension.js:821508:21)
	at async processNextEditData (/config/extensions/continue.continue-1.2.22-linux-x64/out/extension.js:821625:35)
2026-06-09 22:16:17.404 [info] ExtensionService#_doActivateExtension hashicorp.terraform, startup: false, activationEvent: 'onLanguage:terraform'
2026-06-09 22:16:17.696 [warning] Illegal argument: TextEditor(vs.editor.ICodeEditor:3,$model28)
2026-06-09 22:16:17.727 [warning] Illegal argument: TextEditor(vs.editor.ICodeEditor:3,$model29)
2026-06-09 22:39:48.780 [info] Extension host terminating: renderer disconnected for too long (2)
2026-06-09 22:39:48.781 [info] Lock '/config/data/User/workspaceStorage/-3eb7f34b/vscode.lock': Marking the lockfile as scheduled to be released in 6000 ms.
2026-06-09 22:39:48.851 [error] An error occurred when disposing the subscriptions for extension 'eamodio.gitlens':
2026-06-09 22:39:48.858 [error] Error: Channel has been closed
	at r (file:///app/code-server/lib/vscode/out/vs/workbench/api/node/extensionHostProcess.js:537:3935)
	at Object.info (file:///app/code-server/lib/vscode/out/vs/workbench/api/node/extensionHostProcess.js:537:4305)
	at Logger.info (/config/extensions/eamodio.gitlens-18.0.0-universal/dist/gitlens.js:1570:38775)
	at GkCliIntegrationProvider.stop (/config/extensions/eamodio.gitlens-18.0.0-universal/dist/gitlens.js:2084:43479)
	at GkCliIntegrationProvider.dispose (/config/extensions/eamodio.gitlens-18.0.0-universal/dist/gitlens.js:2084:42056)
	at /config/extensions/eamodio.gitlens-18.0.0-universal/dist/gitlens.js:1995:66929
	at Array.forEach (<anonymous>)
	at Object.dispose (/config/extensions/eamodio.gitlens-18.0.0-universal/dist/gitlens.js:1995:66910)
	at wn (file:///app/code-server/lib/vscode/out/vs/workbench/api/node/extensionHostProcess.js:429:736)
	at XP._fn (file:///app/code-server/lib/vscode/out/vs/workbench/api/node/extensionHostProcess.js:534:18391)
	at XP.dispose (file:///app/code-server/lib/vscode/out/vs/workbench/api/node/extensionHostProcess.js:429:1248)
	at SP._deactivate (file:///app/code-server/lib/vscode/out/vs/workbench/api/node/extensionHostProcess.js:534:14708)
	at file:///app/code-server/lib/vscode/out/vs/workbench/api/node/extensionHostProcess.js:534:12010
	at Array.map (<anonymous>)
	at SP._deactivateAll (file:///app/code-server/lib/vscode/out/vs/workbench/api/node/extensionHostProcess.js:534:11998)
	at SP.terminate (file:///app/code-server/lib/vscode/out/vs/workbench/api/node/extensionHostProcess.js:534:12349)
	at i.terminate (file:///app/code-server/lib/vscode/out/vs/workbench/api/node/extensionHostProcess.js:536:1072)
	at Qs (file:///app/code-server/lib/vscode/out/vs/workbench/api/node/extensionHostProcess.js:833:11734)
	at Nh.runner (file:///app/code-server/lib/vscode/out/vs/workbench/api/node/extensionHostProcess.js:833:8569)
	at Nh.onInterval (file:///app/code-server/lib/vscode/out/vs/workbench/api/node/extensionHostProcess.js:432:78924)
	at listOnTimeout (node:internal/timers:605:17)
	at process.processTimers (node:internal/timers:541:7)
2026-06-09 22:39:48.859 [error] An error occurred when disposing the subscriptions for extension 'Gruntfuggly.todo-tree':
2026-06-09 22:39:48.859 [error] AggregateError: Encountered errors while disposing of store
	at wn (file:///app/code-server/lib/vscode/out/vs/workbench/api/node/extensionHostProcess.js:429:812)
	at XP._fn (file:///app/code-server/lib/vscode/out/vs/workbench/api/node/extensionHostProcess.js:534:18391)
	at XP.dispose (file:///app/code-server/lib/vscode/out/vs/workbench/api/node/extensionHostProcess.js:429:1248)
	at SP._deactivate (file:///app/code-server/lib/vscode/out/vs/workbench/api/node/extensionHostProcess.js:534:14708)
	at file:///app/code-server/lib/vscode/out/vs/workbench/api/node/extensionHostProcess.js:534:12010
	at Array.map (<anonymous>)
	at SP._deactivateAll (file:///app/code-server/lib/vscode/out/vs/workbench/api/node/extensionHostProcess.js:534:11998)
	at SP.terminate (file:///app/code-server/lib/vscode/out/vs/workbench/api/node/extensionHostProcess.js:534:12349)
	at i.terminate (file:///app/code-server/lib/vscode/out/vs/workbench/api/node/extensionHostProcess.js:536:1072)
	at Qs (file:///app/code-server/lib/vscode/out/vs/workbench/api/node/extensionHostProcess.js:833:11734)
	at Nh.runner (file:///app/code-server/lib/vscode/out/vs/workbench/api/node/extensionHostProcess.js:833:8569)
	at Nh.onInterval (file:///app/code-server/lib/vscode/out/vs/workbench/api/node/extensionHostProcess.js:432:78924)
	at listOnTimeout (node:internal/timers:605:17)
	at process.processTimers (node:internal/timers:541:7)
2026-06-09 22:39:48.882 [error] ProxyResolver#resolveProxy undefined Canceled: Canceled
	at ta (file:///app/code-server/lib/vscode/out/vs/workbench/api/node/extensionHostProcess.js:411:1546)
	at file:///app/code-server/lib/vscode/out/vs/workbench/api/node/extensionHostProcess.js:435:106862
	at Array.forEach (<anonymous>)
	at i.dispose (file:///app/code-server/lib/vscode/out/vs/workbench/api/node/extensionHostProcess.js:435:106770)
	at SP.terminate (file:///app/code-server/lib/vscode/out/vs/workbench/api/node/extensionHostProcess.js:534:12328)
	at i.terminate (file:///app/code-server/lib/vscode/out/vs/workbench/api/node/extensionHostProcess.js:536:1072)
	at Qs (file:///app/code-server/lib/vscode/out/vs/workbench/api/node/extensionHostProcess.js:833:11734)
	at Nh.runner (file:///app/code-server/lib/vscode/out/vs/workbench/api/node/extensionHostProcess.js:833:8569)
	at Nh.onInterval (file:///app/code-server/lib/vscode/out/vs/workbench/api/node/extensionHostProcess.js:432:78924)
	at listOnTimeout (node:internal/timers:605:17)
	at process.processTimers (node:internal/timers:541:7) 
2026-06-09 22:39:48.885 [error] ProxyResolver#resolveProxy undefined Canceled: Canceled
	at new nx (file:///app/code-server/lib/vscode/out/vs/workbench/api/node/extensionHostProcess.js:435:105205)
	at i._remoteCall (file:///app/code-server/lib/vscode/out/vs/workbench/api/node/extensionHostProcess.js:435:111257)
	at r.<computed>.s.charCodeAt.r.<computed> (file:///app/code-server/lib/vscode/out/vs/workbench/api/node/extensionHostProcess.js:435:108052)
	at lg.resolveProxy (file:///app/code-server/lib/vscode/out/vs/workbench/api/node/extensionHostProcess.js:527:81609)
	at Object.resolveProxy (file:///app/code-server/lib/vscode/out/vs/workbench/api/node/extensionHostProcess.js:671:25070)
	at useProxySettings (/app/code-server/lib/vscode/node_modules/@vscode/proxy-agent/out/index.js:208:16)
	at /app/code-server/lib/vscode/node_modules/@vscode/proxy-agent/out/index.js:231:13
	at new Promise (<anonymous>)
	at resolveProxyURL (/app/code-server/lib/vscode/node_modules/@vscode/proxy-agent/out/index.js:230:35)
	at /app/code-server/lib/vscode/node_modules/@vscode/proxy-agent/out/index.js:582:53
	at Generator.next (<anonymous>)
	at /app/code-server/lib/vscode/node_modules/@vscode/proxy-agent/out/index.js:35:71
	at new Promise (<anonymous>)
	at __awaiter (/app/code-server/lib/vscode/node_modules/@vscode/proxy-agent/out/index.js:31:12)
	at patchedFetch (/app/code-server/lib/vscode/node_modules/@vscode/proxy-agent/out/index.js:567:16)
	at globalThis.fetch (file:///app/code-server/lib/vscode/out/vs/workbench/api/node/extensionHostProcess.js:671:23754)
	at PostHog2.fetch (/config/extensions/continue.continue-1.2.22-linux-x64/out/extension.js:63305:75)
	at PostHog2.<anonymous> (/config/extensions/continue.continue-1.2.22-linux-x64/out/extension.js:61938:45)
	at step (/config/extensions/continue.continue-1.2.22-linux-x64/out/extension.js:60771:25)
	at Object.next (/config/extensions/continue.continue-1.2.22-linux-x64/out/extension.js:60718:18)
	at /config/extensions/continue.continue-1.2.22-linux-x64/out/extension.js:60704:71
	at new Promise (<anonymous>)
	at __awaiter5 (/config/extensions/continue.continue-1.2.22-linux-x64/out/extension.js:60686:14)
	at /config/extensions/continue.continue-1.2.22-linux-x64/out/extension.js:61929:28
	at /config/extensions/continue.continue-1.2.22-linux-x64/out/extension.js:60846:26
	at step (/config/extensions/continue.continue-1.2.22-linux-x64/out/extension.js:60771:25)
	at Object.next (/config/extensions/continue.continue-1.2.22-linux-x64/out/extension.js:60718:18)
	at /config/extensions/continue.continue-1.2.22-linux-x64/out/extension.js:60704:71
	at new Promise (<anonymous>)
	at __awaiter5 (/config/extensions/continue.continue-1.2.22-linux-x64/out/extension.js:60686:14)
	at retriable (/config/extensions/continue.continue-1.2.22-linux-x64/out/extension.js:60824:14)
	at PostHog2.<anonymous> (/config/extensions/continue.continue-1.2.22-linux-x64/out/extension.js:61928:30)
	at step (/config/extensions/continue.continue-1.2.22-linux-x64/out/extension.js:60771:25)
	at Object.next (/config/extensions/continue.continue-1.2.22-linux-x64/out/extension.js:60718:18)
	at /config/extensions/continue.continue-1.2.22-linux-x64/out/extension.js:60704:71
	at new Promise (<anonymous>)
	at __awaiter5 (/config/extensions/continue.continue-1.2.22-linux-x64/out/extension.js:60686:14)
	at PostHogCoreStateless2.fetchWithRetry (/config/extensions/continue.continue-1.2.22-linux-x64/out/extension.js:61916:18)
	at PostHog2.<anonymous> (/config/extensions/continue.continue-1.2.22-linux-x64/out/extension.js:61666:31)
	at step (/config/extensions/continue.continue-1.2.22-linux-x64/out/extension.js:60771:25)
	at Object.next (/config/extensions/continue.continue-1.2.22-linux-x64/out/extension.js:60718:18)
	at /config/extensions/continue.continue-1.2.22-linux-x64/out/extension.js:60704:71
	at new Promise (<anonymous>)
	at __awaiter5 (/config/extensions/continue.continue-1.2.22-linux-x64/out/extension.js:60686:14)
	at PostHogCoreStateless2.getDecide (/config/extensions/continue.continue-1.2.22-linux-x64/out/extension.js:61656:18)
	at PostHog2.<anonymous> (/config/extensions/continue.continue-1.2.22-linux-x64/out/extension.js:61812:35)
	at step (/config/extensions/continue.continue-1.2.22-linux-x64/out/extension.js:60771:25)
	at Object.next (/config/extensions/continue.continue-1.2.22-linux-x64/out/extension.js:60718:18)
	at /config/extensions/continue.continue-1.2.22-linux-x64/out/extension.js:60704:71
	at new Promise (<anonymous>)
	at __awaiter5 (/config/extensions/continue.continue-1.2.22-linux-x64/out/extension.js:60686:14)
	at PostHogCoreStateless2.getFeatureFlagsAndPayloadsStateless (/config/extensions/continue.continue-1.2.22-linux-x64/out/extension.js:61803:18)
	at PostHog2.<anonymous> (/config/extensions/continue.continue-1.2.22-linux-x64/out/extension.js:61786:35)
	at step (/config/extensions/continue.continue-1.2.22-linux-x64/out/extension.js:60771:25)
	at Object.next (/config/extensions/continue.continue-1.2.22-linux-x64/out/extension.js:60718:18)
	at /config/extensions/continue.continue-1.2.22-linux-x64/out/extension.js:60704:71
	at new Promise (<anonymous>)
	at __awaiter5 (/config/extensions/continue.continue-1.2.22-linux-x64/out/extension.js:60686:14)
	at PostHogCoreStateless2.getFeatureFlagsStateless (/config/extensions/continue.continue-1.2.22-linux-x64/out/extension.js:61782:18)
	at PostHog2.<anonymous> (/config/extensions/continue.continue-1.2.22-linux-x64/out/extension.js:63353:65)
	at step (/config/extensions/continue.continue-1.2.22-linux-x64/out/extension.js:60771:25)
	at Object.next (/config/extensions/continue.continue-1.2.22-linux-x64/out/extension.js:60718:18)
	at /config/extensions/continue.continue-1.2.22-linux-x64/out/extension.js:60704:71
	at new Promise (<anonymous>)
	at __awaiter5 (/config/extensions/continue.continue-1.2.22-linux-x64/out/extension.js:60686:14)
	at /config/extensions/continue.continue-1.2.22-linux-x64/out/extension.js:63341:20
	at processTicksAndRejections (node:internal/process/task_queues:104:5)
	at runNextTicks (node:internal/process/task_queues:69:3)
	at listOnTimeout (node:internal/timers:567:9)
	at process.processTimers (node:internal/timers:541:7) 
2026-06-09 22:39:48.914 [error] ProxyResolver#resolveProxy undefined Canceled: Canceled
	at new nx (file:///app/code-server/lib/vscode/out/vs/workbench/api/node/extensionHostProcess.js:435:105205)
	at i._remoteCall (file:///app/code-server/lib/vscode/out/vs/workbench/api/node/extensionHostProcess.js:435:111257)
	at r.<computed>.s.charCodeAt.r.<computed> (file:///app/code-server/lib/vscode/out/vs/workbench/api/node/extensionHostProcess.js:435:108052)
	at lg.resolveProxy (file:///app/code-server/lib/vscode/out/vs/workbench/api/node/extensionHostProcess.js:527:81609)
	at Object.resolveProxy (file:///app/code-server/lib/vscode/out/vs/workbench/api/node/extensionHostProcess.js:671:25070)
	at useProxySettings (/app/code-server/lib/vscode/node_modules/@vscode/proxy-agent/out/index.js:208:16)
	at /app/code-server/lib/vscode/node_modules/@vscode/proxy-agent/out/index.js:145:13
	at /app/code-server/lib/vscode/node_modules/@vscode/proxy-agent/out/index.js:1054:13
	at processTicksAndRejections (node:internal/process/task_queues:104:5)
	at runNextTicks (node:internal/process/task_queues:69:3)
	at listOnTimeout (node:internal/timers:567:9)
	at process.processTimers (node:internal/timers:541:7) 
2026-06-09 22:39:48.978 [info] Extension host with pid 55996 exiting with code 0
