2026-06-08 06:29:18.783 [info] To enable debug logging, run "GitLens: Enable Debug Logging" or "Developer: Set Log Level..." from the Command Palette
2026-06-08 06:29:18.783 [info]    [            1] GitLens v18.0.0  activating in code-server (1.123.0) on the web; mode=production,language='en', logLevel='info', defaultDateLocale='null' (code-oss|459fb3a6-f26c-4c42-b0cb-b00d905e19be|8733e692-5c75-4a53-8a80-9aad276cae241780892952275)
2026-06-08 06:29:18.783 [info]    [            1] GitLens v18.0.0 activated [174ms]
2026-06-08 06:29:18.783 [info]    [   75 →    76] GlCliGitProvider.findGit Git (2.43.0) found in /usr/bin/git [82ms]
2026-06-08 06:29:18.783 [info]    [   75 →    96] GlCliGitProvider.repositorySearch(/workspace) searching (depth=1)...
2026-06-08 06:29:18.783 [error]   [GIT          ] [/workspace] git rev-parse --show-toplevel --git-dir --git-common-dir --show-superproject-working-tree · not a git repository (or any parent up to mount point /) · Stopping at filesystem boundary (GIT_DISCOVERY_ACROSS_FILESYSTEM not set). [8ms]
2026-06-08 06:29:18.783 [info]    [   74 →    75] GlCliGitProvider.discoverRepositories auto-opening 0 discovered repo(s) in SCM (autoRepositoryDetection=true)
2026-06-08 06:29:18.784 [info]    [IPC          ] CLI capability published on http://127.0.0.1:34499
2026-06-08 06:29:18.786 [error]   [CLI   90 → aa] undefined ai hook list-sessions --json CLI is not installed [0ms]
2026-06-08 06:29:20.577 [info]    [   b2 →    b3] GlCliGitProvider.repositorySearch(/workspace) searching (depth=1)...
2026-06-08 06:29:20.594 [warning] [    c →     d] ServerConnection.fetch(url=https://configs.gitkraken.dev/gitlens/product.json, options=undefined) completed [*2273ms] (slow)
2026-06-08 06:29:20.595 [warning] [    b →     c] ServerConnection.fetchGkConfig(path=product.json, options=undefined) completed [*2274ms] (slow)
2026-06-08 06:29:20.598 [error]   [GIT          ] [/workspace] git rev-parse --show-toplevel --git-dir --git-common-dir --show-superproject-working-tree · not a git repository (or any parent up to mount point /) · Stopping at filesystem boundary (GIT_DISCOVERY_ACROSS_FILESYSTEM not set). [21ms]
2026-06-08 06:29:20.606 [info]    [   b1 →    b2] GlCliGitProvider.discoverRepositories auto-opening 0 discovered repo(s) in SCM (autoRepositoryDetection=true)
2026-06-08 06:29:20.678 [warning] [   7a →    92] GitHubIntegration.isConnected returned false [*2188ms] (slow)
2026-06-08 06:30:18.788 [error]   [CLI   85 → da] undefined ai hook list-sessions --json CLI is not installed [0ms]
2026-06-08 06:31:18.788 [error]   [CLI   85 → dc] undefined ai hook list-sessions --json CLI is not installed [0ms]
2026-06-08 06:32:18.789 [error]   [CLI   85 → e0] undefined ai hook list-sessions --json CLI is not installed [0ms]
2026-06-08 06:33:18.790 [error]   [CLI   85 → e1] undefined ai hook list-sessions --json CLI is not installed [0ms]
2026-06-08 06:34:18.791 [error]   [CLI   85 → e2] undefined ai hook list-sessions --json CLI is not installed [0ms]
2026-06-08 06:35:18.791 [error]   [CLI   85 → e3] undefined ai hook list-sessions --json CLI is not installed [0ms]
2026-06-08 06:36:18.792 [error]   [CLI   85 → e4] undefined ai hook list-sessions --json CLI is not installed [0ms]
2026-06-08 06:37:18.793 [error]   [CLI   85 → e5] undefined ai hook list-sessions --json CLI is not installed [0ms]
2026-06-08 06:38:18.794 [error]   [CLI   85 → e6] undefined ai hook list-sessions --json CLI is not installed [0ms]
2026-06-08 06:39:18.795 [error]   [CLI   85 → e7] undefined ai hook list-sessions --json CLI is not installed [0ms]
2026-06-08 06:40:18.795 [error]   [CLI   85 → e8] undefined ai hook list-sessions --json CLI is not installed [0ms]
2026-06-08 06:41:18.796 [error]   [CLI   85 → e9] undefined ai hook list-sessions --json CLI is not installed [0ms]
2026-06-08 06:42:18.796 [error]   [CLI   85 → ea] undefined ai hook list-sessions --json CLI is not installed [0ms]
2026-06-08 06:43:18.797 [error]   [CLI   85 → eb] undefined ai hook list-sessions --json CLI is not installed [0ms]
2026-06-08 06:44:18.796 [error]   [CLI   85 → ec] undefined ai hook list-sessions --json CLI is not installed [0ms]
2026-06-08 06:45:18.797 [error]   [CLI   85 → ed] undefined ai hook list-sessions --json CLI is not installed [0ms]
2026-06-08 06:46:18.797 [error]   [CLI   85 → ee] undefined ai hook list-sessions --json CLI is not installed [0ms]
2026-06-08 06:47:18.797 [error]   [CLI   85 → ef] undefined ai hook list-sessions --json CLI is not installed [0ms]
2026-06-08 06:48:18.799 [error]   [CLI   85 → f0] undefined ai hook list-sessions --json CLI is not installed [0ms]
2026-06-08 06:49:18.799 [error]   [CLI   85 → f1] undefined ai hook list-sessions --json CLI is not installed [0ms]
2026-06-08 06:50:18.798 [error]   [CLI   85 → f2] undefined ai hook list-sessions --json CLI is not installed [0ms]
2026-06-08 06:51:18.799 [error]   [CLI   85 → f3] undefined ai hook list-sessions --json CLI is not installed [0ms]
2026-06-08 06:52:18.799 [error]   [CLI   85 → f4] undefined ai hook list-sessions --json CLI is not installed [0ms]
2026-06-08 06:53:18.801 [error]   [CLI   85 → f5] undefined ai hook list-sessions --json CLI is not installed [0ms]
2026-06-08 06:54:18.801 [error]   [CLI   85 → f6] undefined ai hook list-sessions --json CLI is not installed [0ms]
2026-06-08 06:55:18.802 [error]   [CLI   85 → f7] undefined ai hook list-sessions --json CLI is not installed [0ms]
2026-06-08 06:56:18.802 [error]   [CLI   85 → f8] undefined ai hook list-sessions --json CLI is not installed [0ms]
2026-06-08 06:57:18.803 [error]   [CLI   85 → f9] undefined ai hook list-sessions --json CLI is not installed [0ms]
2026-06-08 06:58:18.804 [error]   [CLI   85 → fa] undefined ai hook list-sessions --json CLI is not installed [0ms]
2026-06-08 06:59:18.806 [error]   [CLI   85 → fb] undefined ai hook list-sessions --json CLI is not installed [0ms]
2026-06-08 07:00:18.805 [error]   [CLI   85 → fc] undefined ai hook list-sessions --json CLI is not installed [0ms]
2026-06-08 07:01:18.805 [error]   [CLI   85 → ff] undefined ai hook list-sessions --json CLI is not installed [0ms]
2026-06-08 07:02:18.806 [error]   [CLI  85 → 100] undefined ai hook list-sessions --json CLI is not installed [0ms]
2026-06-08 07:03:18.805 [error]   [CLI  85 → 101] undefined ai hook list-sessions --json CLI is not installed [0ms]
2026-06-08 07:04:18.805 [error]   [CLI  85 → 102] undefined ai hook list-sessions --json CLI is not installed [0ms]
2026-06-08 07:05:18.807 [error]   [CLI  85 → 103] undefined ai hook list-sessions --json CLI is not installed [0ms]
2026-06-08 07:06:18.807 [error]   [CLI  85 → 104] undefined ai hook list-sessions --json CLI is not installed [0ms]
2026-06-08 07:07:18.808 [error]   [CLI  85 → 105] undefined ai hook list-sessions --json CLI is not installed [0ms]
2026-06-08 07:08:18.808 [error]   [CLI  85 → 106] undefined ai hook list-sessions --json CLI is not installed [0ms]
2026-06-08 07:09:18.809 [error]   [CLI  85 → 107] undefined ai hook list-sessions --json CLI is not installed [0ms]
2026-06-08 07:10:18.809 [error]   [CLI  85 → 108] undefined ai hook list-sessions --json CLI is not installed [0ms]
2026-06-08 07:11:18.810 [error]   [CLI  85 → 109] undefined ai hook list-sessions --json CLI is not installed [0ms]
2026-06-08 07:12:18.812 [error]   [CLI  85 → 10a] undefined ai hook list-sessions --json CLI is not installed [0ms]
2026-06-08 07:13:18.812 [error]   [CLI  85 → 10b] undefined ai hook list-sessions --json CLI is not installed [0ms]
2026-06-08 07:14:18.812 [error]   [CLI  85 → 10c] undefined ai hook list-sessions --json CLI is not installed [0ms]
2026-06-08 07:15:18.813 [error]   [CLI  85 → 10d] undefined ai hook list-sessions --json CLI is not installed [0ms]
2026-06-08 07:16:18.814 [error]   [CLI  85 → 10e] undefined ai hook list-sessions --json CLI is not installed [0ms]
2026-06-08 07:17:18.814 [error]   [CLI  85 → 10f] undefined ai hook list-sessions --json CLI is not installed [0ms]
2026-06-08 07:18:18.815 [error]   [CLI  85 → 110] undefined ai hook list-sessions --json CLI is not installed [0ms]
2026-06-08 07:19:18.815 [error]   [CLI  85 → 111] undefined ai hook list-sessions --json CLI is not installed [0ms]
2026-06-08 07:20:18.816 [error]   [CLI  85 → 112] undefined ai hook list-sessions --json CLI is not installed [0ms]
2026-06-08 07:21:18.817 [error]   [CLI  85 → 113] undefined ai hook list-sessions --json CLI is not installed [0ms]
