2026-06-09 12:11:41.782 [info] To enable debug logging, run "GitLens: Enable Debug Logging" or "Developer: Set Log Level..." from the Command Palette
2026-06-09 12:11:41.782 [info]    [            1] GitLens v18.0.0  activating in code-server (1.123.0) on the web; mode=production,language='en', logLevel='info', defaultDateLocale='null' (code-oss|e1682653-2cc0-4722-bccd-679683d87f10|f227b2e4-a0ab-408f-95ec-b744d5bd20f31780999897486)
2026-06-09 12:11:41.782 [info]    GitLens first-time install; window.focused=true
2026-06-09 12:11:41.782 [info]    [            1] GitLens v18.0.0 activated [139ms]
2026-06-09 12:11:41.782 [info]    [   7d →    7e] GlCliGitProvider.findGit Git (2.43.0) found in /usr/bin/git [78ms]
2026-06-09 12:11:41.782 [info]    [   7d →    9f] GlCliGitProvider.repositorySearch(/workspace) searching (depth=1)...
2026-06-09 12:11:41.782 [info]    [   7c →    7d] GlCliGitProvider.discoverRepositories auto-opening 0 discovered repo(s) in SCM (autoRepositoryDetection=true)
2026-06-09 12:11:41.783 [info]    [IPC          ] CLI capability published on http://127.0.0.1:43041
2026-06-09 12:11:41.788 [error]   [CLI   99 → b3] undefined ai hook list-sessions --json CLI is not installed [0ms]
2026-06-09 12:11:42.663 [info]    [   d2 →    d3] GlCliGitProvider.repositorySearch(/workspace) searching (depth=1)...
2026-06-09 12:11:42.666 [info]    [   d1 →    d2] GlCliGitProvider.discoverRepositories auto-opening 0 discovered repo(s) in SCM (autoRepositoryDetection=true)
2026-06-09 12:11:44.148 [info]    [   e2 →    e4] GlCliGitProvider.repositorySearch(/workspace) searching (depth=1)...
2026-06-09 12:11:44.279 [info]    [   e1 →    e2] GlCliGitProvider.discoverRepositories auto-opening 0 discovered repo(s) in SCM (autoRepositoryDetection=true)
2026-06-09 12:12:41.789 [error]   [CLI  cb → 11b] undefined ai hook list-sessions --json CLI is not installed [0ms]
2026-06-09 12:13:41.789 [error]   [CLI  cb → 11d] undefined ai hook list-sessions --json CLI is not installed [0ms]
2026-06-09 12:14:41.790 [error]   [CLI  cb → 11e] undefined ai hook list-sessions --json CLI is not installed [0ms]
2026-06-09 12:15:41.791 [error]   [CLI  cb → 135] undefined ai hook list-sessions --json CLI is not installed [0ms]
2026-06-09 12:16:41.791 [error]   [CLI  cb → 136] undefined ai hook list-sessions --json CLI is not installed [0ms]
2026-06-09 12:17:41.792 [error]   [CLI  cb → 137] undefined ai hook list-sessions --json CLI is not installed [0ms]
2026-06-09 12:18:41.794 [error]   [CLI  cb → 138] undefined ai hook list-sessions --json CLI is not installed [0ms]
2026-06-09 12:19:41.794 [error]   [CLI  cb → 139] undefined ai hook list-sessions --json CLI is not installed [0ms]
2026-06-09 12:20:41.794 [error]   [CLI  cb → 13a] undefined ai hook list-sessions --json CLI is not installed [0ms]
2026-06-09 12:21:41.795 [error]   [CLI  cb → 13b] undefined ai hook list-sessions --json CLI is not installed [0ms]
2026-06-09 12:22:41.795 [error]   [CLI  cb → 13c] undefined ai hook list-sessions --json CLI is not installed [0ms]
2026-06-09 12:23:41.795 [error]   [CLI  cb → 13d] undefined ai hook list-sessions --json CLI is not installed [0ms]
2026-06-09 12:24:41.795 [error]   [CLI  cb → 13e] undefined ai hook list-sessions --json CLI is not installed [0ms]
2026-06-09 12:25:41.795 [error]   [CLI  cb → 13f] undefined ai hook list-sessions --json CLI is not installed [0ms]
2026-06-09 12:26:41.796 [error]   [CLI  cb → 140] undefined ai hook list-sessions --json CLI is not installed [0ms]
2026-06-09 12:27:41.798 [error]   [CLI  cb → 141] undefined ai hook list-sessions --json CLI is not installed [0ms]
2026-06-09 12:28:41.797 [error]   [CLI  cb → 142] undefined ai hook list-sessions --json CLI is not installed [0ms]
2026-06-09 12:29:41.799 [error]   [CLI  cb → 143] undefined ai hook list-sessions --json CLI is not installed [0ms]
2026-06-09 12:30:41.800 [error]   [CLI  cb → 144] undefined ai hook list-sessions --json CLI is not installed [0ms]
2026-06-09 12:31:41.800 [error]   [CLI  cb → 146] undefined ai hook list-sessions --json CLI is not installed [0ms]
2026-06-09 12:32:41.800 [error]   [CLI  cb → 152] undefined ai hook list-sessions --json CLI is not installed [0ms]
2026-06-09 12:33:41.799 [error]   [CLI  cb → 186] undefined ai hook list-sessions --json CLI is not installed [0ms]
2026-06-09 12:34:41.800 [error]   [CLI  cb → 24d] undefined ai hook list-sessions --json CLI is not installed [0ms]
2026-06-09 12:35:41.801 [error]   [CLI  cb → 24f] undefined ai hook list-sessions --json CLI is not installed [0ms]
2026-06-09 12:36:41.803 [error]   [CLI  cb → 25d] undefined ai hook list-sessions --json CLI is not installed [0ms]
2026-06-09 12:37:41.802 [error]   [CLI  cb → 263] undefined ai hook list-sessions --json CLI is not installed [0ms]
2026-06-09 12:38:41.803 [error]   [CLI  cb → 274] undefined ai hook list-sessions --json CLI is not installed [0ms]
2026-06-09 12:39:41.804 [error]   [CLI  cb → 294] undefined ai hook list-sessions --json CLI is not installed [0ms]
2026-06-09 12:40:41.805 [error]   [CLI  cb → 2a7] undefined ai hook list-sessions --json CLI is not installed [0ms]
2026-06-09 12:41:41.805 [error]   [CLI  cb → 2b1] undefined ai hook list-sessions --json CLI is not installed [0ms]
2026-06-09 12:42:41.805 [error]   [CLI  cb → 2b5] undefined ai hook list-sessions --json CLI is not installed [0ms]
2026-06-09 12:43:41.806 [error]   [CLI  cb → 2b8] undefined ai hook list-sessions --json CLI is not installed [0ms]
2026-06-09 12:44:41.806 [error]   [CLI  cb → 2ba] undefined ai hook list-sessions --json CLI is not installed [0ms]
2026-06-09 12:45:41.806 [error]   [CLI  cb → 2c1] undefined ai hook list-sessions --json CLI is not installed [0ms]
2026-06-09 12:46:41.806 [error]   [CLI  cb → 2c3] undefined ai hook list-sessions --json CLI is not installed [0ms]
2026-06-09 12:47:41.808 [error]   [CLI  cb → 2c4] undefined ai hook list-sessions --json CLI is not installed [0ms]
2026-06-09 12:48:41.807 [error]   [CLI  cb → 2cf] undefined ai hook list-sessions --json CLI is not installed [0ms]
2026-06-09 12:49:41.807 [error]   [CLI  cb → 2d6] undefined ai hook list-sessions --json CLI is not installed [0ms]
2026-06-09 12:50:41.808 [error]   [CLI  cb → 2e0] undefined ai hook list-sessions --json CLI is not installed [0ms]
2026-06-09 12:51:41.808 [error]   [CLI  cb → 2e3] undefined ai hook list-sessions --json CLI is not installed [0ms]
2026-06-09 12:52:41.809 [error]   [CLI  cb → 2e5] undefined ai hook list-sessions --json CLI is not installed [0ms]
2026-06-09 12:53:41.810 [error]   [CLI  cb → 2e6] undefined ai hook list-sessions --json CLI is not installed [0ms]
2026-06-09 12:54:41.810 [error]   [CLI  cb → 2e7] undefined ai hook list-sessions --json CLI is not installed [0ms]
2026-06-09 12:55:41.811 [error]   [CLI  cb → 2e8] undefined ai hook list-sessions --json CLI is not installed [0ms]
2026-06-09 12:56:41.812 [error]   [CLI  cb → 2e9] undefined ai hook list-sessions --json CLI is not installed [0ms]
2026-06-09 12:57:41.812 [error]   [CLI  cb → 2ea] undefined ai hook list-sessions --json CLI is not installed [0ms]
2026-06-09 12:58:41.813 [error]   [CLI  cb → 2eb] undefined ai hook list-sessions --json CLI is not installed [0ms]
2026-06-09 12:59:41.814 [error]   [CLI  cb → 2ec] undefined ai hook list-sessions --json CLI is not installed [0ms]
2026-06-09 13:00:41.813 [error]   [CLI  cb → 2ed] undefined ai hook list-sessions --json CLI is not installed [0ms]
2026-06-09 13:01:41.815 [error]   [CLI  cb → 2ee] undefined ai hook list-sessions --json CLI is not installed [0ms]
2026-06-09 13:02:41.816 [error]   [CLI  cb → 2ef] undefined ai hook list-sessions --json CLI is not installed [0ms]
2026-06-09 13:03:41.816 [error]   [CLI  cb → 2f0] undefined ai hook list-sessions --json CLI is not installed [0ms]
2026-06-09 13:04:41.816 [error]   [CLI  cb → 2f1] undefined ai hook list-sessions --json CLI is not installed [0ms]
2026-06-09 13:05:41.816 [error]   [CLI  cb → 2f2] undefined ai hook list-sessions --json CLI is not installed [0ms]
2026-06-09 13:06:41.818 [error]   [CLI  cb → 2f3] undefined ai hook list-sessions --json CLI is not installed [0ms]
2026-06-09 13:07:41.819 [error]   [CLI  cb → 2f4] undefined ai hook list-sessions --json CLI is not installed [0ms]
