2026-06-09 21:27:18.135 [info] To enable debug logging, run "GitLens: Enable Debug Logging" or "Developer: Set Log Level..." from the Command Palette
2026-06-09 21:27:18.135 [info]    [            1] GitLens v18.0.0  activating in code-server (1.123.0) on the web; mode=production,language='en', logLevel='info', defaultDateLocale='null' (code-oss|459fb3a6-f26c-4c42-b0cb-b00d905e19be|c4fafd3d-6400-4750-a9ae-6c457ff006361781033232436)
2026-06-09 21:27:18.135 [info]    [   75 →    78] GlCliGitProvider.onDidOpenRepository(e=file:///workspace/documentation, source=scm) repository=<unknown>; deferring to getOrOpenRepository
2026-06-09 21:27:18.135 [info]    [   75 →    7b] GlCliGitProvider.onDidOpenRepository(e=file:///workspace/automation, source=scm) repository=<unknown>; deferring to getOrOpenRepository
2026-06-09 21:27:18.135 [info]    [            1] GitLens v18.0.0 activated [101ms]
2026-06-09 21:27:18.135 [info]    [   74 →    75] GlCliGitProvider.findGit Git (2.43.0) found in /usr/bin/git [70ms]
2026-06-09 21:27:18.135 [info]    [   74 →    9f] GlCliGitProvider.repositorySearch(/workspace) searching (depth=1)...
2026-06-09 21:27:18.135 [error]   [GIT          ] [/workspace] git rev-parse --show-toplevel --git-dir --git-common-dir --show-superproject-working-tree · not a git repository (or any parent up to mount point /) · Stopping at filesystem boundary (GIT_DISCOVERY_ACROSS_FILESYSTEM not set). [7ms]
2026-06-09 21:27:18.135 [info]    [GIT      22ms] [/workspace/automation] git rev-parse --show-toplevel --git-dir --git-common-dir --show-superproject-working-tree [22ms]
2026-06-09 21:27:18.135 [info]    [   74 →    9f] GlCliGitProvider.repositorySearch(/workspace) found repository in '/workspace/automation'
2026-06-09 21:27:18.135 [info]    [GIT       8ms] [/workspace/documentation] git rev-parse --show-toplevel --git-dir --git-common-dir --show-superproject-working-tree [8ms]
2026-06-09 21:27:18.135 [info]    [   74 →    9f] GlCliGitProvider.repositorySearch(/workspace) found repository in '/workspace/documentation'
2026-06-09 21:27:18.135 [info]    [GIT       9ms] [/workspace/infrastructure] git rev-parse --show-toplevel --git-dir --git-common-dir --show-superproject-working-tree [9ms]
2026-06-09 21:27:18.135 [info]    [   74 →    9f] GlCliGitProvider.repositorySearch(/workspace) found repository in '/workspace/infrastructure'
2026-06-09 21:27:18.135 [info]    [   bb →    bc] GlCliGitProvider.getOrOpenScmRepository opening the SCM repository for 'file:///workspace/infrastructure': no existing repository found
2026-06-09 21:27:18.135 [info]    [GIT       7ms] [/workspace/kubernetes] git rev-parse --show-toplevel --git-dir --git-common-dir --show-superproject-working-tree [7ms]
2026-06-09 21:27:18.135 [info]    [   74 →    9f] GlCliGitProvider.repositorySearch(/workspace) found repository in '/workspace/kubernetes'
2026-06-09 21:27:18.135 [info]    [   c2 →    c3] GlCliGitProvider.getOrOpenScmRepository opening the SCM repository for 'file:///workspace/kubernetes': no existing repository found
2026-06-09 21:27:18.135 [info]    [GIT      94ms] [/workspace/labs] git rev-parse --show-toplevel --git-dir --git-common-dir --show-superproject-working-tree [94ms]
2026-06-09 21:27:18.135 [info]    [   74 →    9f] GlCliGitProvider.repositorySearch(/workspace) found repository in '/workspace/labs'
2026-06-09 21:27:18.135 [info]    [   73 →    74] GlCliGitProvider.discoverRepositories auto-opening 5 discovered repo(s) in SCM (autoRepositoryDetection=true)
2026-06-09 21:27:18.135 [info]    [   c9 →    ca] GlCliGitProvider.getOrOpenScmRepository opening the SCM repository for 'file:///workspace/labs': no existing repository found
2026-06-09 21:27:18.135 [info]    [   74 →    d1] GlCliGitProvider.getOrOpenScmRepository opening the SCM repository for 'file:///workspace/infrastructure': no existing repository found
2026-06-09 21:27:18.135 [info]    [   74 →    d3] GlCliGitProvider.getOrOpenScmRepository opening the SCM repository for 'file:///workspace/kubernetes': no existing repository found
2026-06-09 21:27:18.135 [info]    [   74 →    d5] GlCliGitProvider.getOrOpenScmRepository opening the SCM repository for 'file:///workspace/labs': no existing repository found
2026-06-09 21:27:18.135 [info]    [GIT      25ms] [/workspace/kubernetes] git remote -v [25ms]
2026-06-09 21:27:18.135 [info]    [GIT      27ms] [/workspace/infrastructure] git remote -v [27ms]
2026-06-09 21:27:18.135 [info]    [GIT      27ms] [/workspace/documentation] git remote -v [27ms]
2026-06-09 21:27:18.135 [info]    [GIT      28ms] [/workspace/automation] git remote -v [28ms]
2026-06-09 21:27:18.135 [info]    [GIT      42ms] [/workspace/labs] git remote -v [42ms]
2026-06-09 21:27:18.135 [info]    [GIT      17ms] [/workspace/infrastructure] git config --get -f /workspace/infrastructure/.git/gk/config gk.defaultRemote [17ms]
2026-06-09 21:27:18.135 [info]    [GIT      24ms] [/workspace/kubernetes] git config --get -f /workspace/kubernetes/.git/gk/config gk.defaultRemote [24ms]
2026-06-09 21:27:18.135 [info]    [GIT       7ms] [/workspace/labs] git config --get -f /workspace/labs/.git/gk/config gk.defaultRemote [7ms]
2026-06-09 21:27:18.135 [info]    [GIT      11ms] [/workspace/automation] git config --get -f /workspace/automation/.git/gk/config gk.defaultRemote [11ms]
2026-06-09 21:27:18.135 [info]    [GIT      17ms] [/workspace/documentation] git config --get -f /workspace/documentation/.git/gk/config gk.defaultRemote [17ms]
2026-06-09 21:27:18.135 [info]    [   74 →    75] GlCliGitProvider.findGit SCM.onDidOpenRepository(file:///workspace/infrastructure)
2026-06-09 21:27:18.148 [info]    [IPC          ] CLI capability published on http://127.0.0.1:40529
2026-06-09 21:27:18.156 [error]   [CLI  99 → 116] undefined ai hook list-sessions --json CLI is not installed [0ms]
2026-06-09 21:27:18.266 [error]   [GIT          ] [/workspace/.vscode] git rev-parse --show-toplevel --git-dir --git-common-dir --show-superproject-working-tree · not a git repository (or any parent up to mount point /) · Stopping at filesystem boundary (GIT_DISCOVERY_ACROSS_FILESYSTEM not set). [27ms]
2026-06-09 21:27:18.268 [info]    [GIT      34ms] [/workspace/automation] git rev-parse --show-toplevel --git-dir --git-common-dir --show-superproject-working-tree [34ms]
2026-06-09 21:27:18.269 [info]    [GIT      40ms] [/workspace/documentation] git rev-parse --show-toplevel --git-dir --git-common-dir --show-superproject-working-tree [40ms]
2026-06-09 21:27:18.289 [info]    [   74 →    75] GlCliGitProvider.findGit SCM.onDidOpenRepository(file:///workspace/kubernetes)
2026-06-09 21:27:18.415 [info]    [   74 →    75] GlCliGitProvider.findGit SCM.onDidOpenRepository(file:///workspace/labs)
2026-06-09 21:27:20.315 [info]    [   74 →    75] GlCliGitProvider.findGit fireRepositoryOpened: firing 3 opened repo(s) from vscode.git
2026-06-09 21:27:20.315 [info]    [          143] GlCliGitProvider.onDidOpenRepository(e=file:///workspace/infrastructure, source=scm) repository=GlRepository(/workspace/infrastructure|3), closed:false→false (closedByUser cleared)
2026-06-09 21:27:20.315 [info]    [          144] GlCliGitProvider.onDidOpenRepository(e=file:///workspace/kubernetes, source=scm) repository=GlRepository(/workspace/kubernetes|4), closed:false→false (closedByUser cleared)
2026-06-09 21:27:20.315 [info]    [          145] GlCliGitProvider.onDidOpenRepository(e=file:///workspace/labs, source=scm) repository=GlRepository(/workspace/labs|5), closed:false→false (closedByUser cleared)
2026-06-09 21:27:20.320 [warning] [  13d →   142] Storage.deleteWorkspace(e=connected:gitlab) completed [*1676ms] (slow)
2026-06-09 21:27:20.320 [warning] [   90 →   13d] GitLabIntegration.isConnected returned false [*1715ms] (slow)
2026-06-09 21:27:52.842 [info]    [GIT      68ms] [/workspace/labs] git rev-list --max-parents=0 HEAD -- [68ms]
2026-06-09 21:27:52.842 [info]    [GIT      69ms] [/workspace/kubernetes] git rev-list --max-parents=0 HEAD -- [69ms]
2026-06-09 21:27:52.842 [info]    [GIT      69ms] [/workspace/infrastructure] git rev-list --max-parents=0 HEAD -- [69ms]
2026-06-09 21:27:52.843 [info]    [GIT      70ms] [/workspace/documentation] git rev-list --max-parents=0 HEAD -- [70ms]
2026-06-09 21:27:52.843 [info]    [GIT      71ms] [/workspace/automation] git rev-list --max-parents=0 HEAD -- [71ms]
2026-06-09 21:27:54.822 [warning] [GIT          ] [/workspace/automation] git shortlog -s --all --no-min-parents --since=1.year.ago · ABORTED after 2045ms (timeout)
2026-06-09 21:27:54.822 [error]   [GIT          ] [/workspace/automation] git shortlog -s --all --no-min-parents --since=1.year.ago · cancelled [2046ms] (slow)
2026-06-09 21:27:54.822 [error] CancellationError: Operation cancelled; command=/usr/bin/git -c core.quotepath=false -c color.ui=false shortlog -s --all --no-min-parents --since=1.year.ago   [   e5 →   193] ContributorsGitSubProvider.getContributorsStats 
2026-06-09 21:27:54.823 [warning] [   e5 →   193] ContributorsGitSubProvider.getContributorsStats(e=/workspace/automation, t={"since":"1.year.ago"}, i=undefined, r=2000) completed [*2047ms] (slow)
2026-06-09 21:27:54.825 [warning] [GIT          ] [/workspace/documentation] git shortlog -s --all --no-min-parents --since=1.year.ago · ABORTED after 2049ms (timeout)
2026-06-09 21:27:54.825 [error]   [GIT          ] [/workspace/documentation] git shortlog -s --all --no-min-parents --since=1.year.ago · cancelled [2049ms] (slow)
2026-06-09 21:27:54.825 [error] CancellationError: Operation cancelled; command=/usr/bin/git -c core.quotepath=false -c color.ui=false shortlog -s --all --no-min-parents --since=1.year.ago   [   e5 →   195] ContributorsGitSubProvider.getContributorsStats 
2026-06-09 21:27:54.825 [warning] [   e5 →   195] ContributorsGitSubProvider.getContributorsStats(e=/workspace/documentation, t={"since":"1.year.ago"}, i=undefined, r=2000) completed [*2050ms] (slow)
2026-06-09 21:27:54.829 [warning] [GIT          ] [/workspace/infrastructure] git shortlog -s --all --no-min-parents --since=1.year.ago · ABORTED after 2053ms (timeout)
2026-06-09 21:27:54.829 [error]   [GIT          ] [/workspace/infrastructure] git shortlog -s --all --no-min-parents --since=1.year.ago · cancelled [2053ms] (slow)
2026-06-09 21:27:54.829 [error] CancellationError: Operation cancelled; command=/usr/bin/git -c core.quotepath=false -c color.ui=false shortlog -s --all --no-min-parents --since=1.year.ago   [   e5 →   197] ContributorsGitSubProvider.getContributorsStats 
2026-06-09 21:27:54.829 [warning] [   e5 →   197] ContributorsGitSubProvider.getContributorsStats(e=/workspace/infrastructure, t={"since":"1.year.ago"}, i=undefined, r=2000) completed [*2054ms] (slow)
2026-06-09 21:27:54.833 [warning] [GIT          ] [/workspace/kubernetes] git shortlog -s --all --no-min-parents --since=1.year.ago · ABORTED after 2057ms (timeout)
2026-06-09 21:27:54.833 [error]   [GIT          ] [/workspace/kubernetes] git shortlog -s --all --no-min-parents --since=1.year.ago · cancelled [2057ms] (slow)
2026-06-09 21:27:54.833 [error] CancellationError: Operation cancelled; command=/usr/bin/git -c core.quotepath=false -c color.ui=false shortlog -s --all --no-min-parents --since=1.year.ago   [   e5 →   199] ContributorsGitSubProvider.getContributorsStats 
2026-06-09 21:27:54.833 [warning] [   e5 →   199] ContributorsGitSubProvider.getContributorsStats(e=/workspace/kubernetes, t={"since":"1.year.ago"}, i=undefined, r=2000) completed [*2057ms] (slow)
2026-06-09 21:27:54.840 [warning] [GIT          ] [/workspace/labs] git shortlog -s --all --no-min-parents --since=1.year.ago · ABORTED after 2064ms (timeout)
2026-06-09 21:27:54.840 [error]   [GIT          ] [/workspace/labs] git shortlog -s --all --no-min-parents --since=1.year.ago · cancelled [2064ms] (slow)
2026-06-09 21:27:54.840 [error] CancellationError: Operation cancelled; command=/usr/bin/git -c core.quotepath=false -c color.ui=false shortlog -s --all --no-min-parents --since=1.year.ago   [   e5 →   19b] ContributorsGitSubProvider.getContributorsStats 
2026-06-09 21:27:54.840 [warning] [   e5 →   19b] ContributorsGitSubProvider.getContributorsStats(e=/workspace/labs, t={"since":"1.year.ago"}, i=undefined, r=2000) completed [*2064ms] (slow)
2026-06-09 21:28:18.159 [error]   [CLI  90 → 19c] undefined ai hook list-sessions --json CLI is not installed [0ms]
2026-06-09 21:29:18.159 [error]   [CLI  90 → 20d] undefined ai hook list-sessions --json CLI is not installed [0ms]
