2026-06-09 13:42:21.752 [info] [main] Log level: Info
2026-06-09 13:42:21.752 [info] [main] Validating found git in: "git"
2026-06-09 13:42:21.752 [info] [main] Using git "2.43.0" from "git"
2026-06-09 13:42:21.752 [info] [Model][doInitialScan] Initial repository scan started
2026-06-09 13:42:21.752 [info] > git rev-parse --show-toplevel [3ms]
2026-06-09 13:42:21.752 [info] fatal: not a git repository (or any parent up to mount point /)
Stopping at filesystem boundary (GIT_DISCOVERY_ACROSS_FILESYSTEM not set).
2026-06-09 13:42:21.752 [info] > git rev-parse --show-toplevel [2ms]
2026-06-09 13:42:21.752 [info] fatal: not a git repository (or any parent up to mount point /)
Stopping at filesystem boundary (GIT_DISCOVERY_ACROSS_FILESYSTEM not set).
2026-06-09 13:42:21.752 [info] > git rev-parse --show-toplevel [1481ms]
2026-06-09 13:42:21.752 [info] fatal: not a git repository (or any parent up to mount point /)
Stopping at filesystem boundary (GIT_DISCOVERY_ACROSS_FILESYSTEM not set).
2026-06-09 13:42:21.752 [info] > git rev-parse --show-toplevel [2ms]
2026-06-09 13:42:21.752 [info] fatal: not a git repository (or any parent up to mount point /)
Stopping at filesystem boundary (GIT_DISCOVERY_ACROSS_FILESYSTEM not set).
2026-06-09 13:42:21.752 [info] > git rev-parse --show-toplevel [2ms]
2026-06-09 13:42:21.752 [info] fatal: not a git repository (or any parent up to mount point /)
Stopping at filesystem boundary (GIT_DISCOVERY_ACROSS_FILESYSTEM not set).
2026-06-09 13:42:21.752 [info] > git rev-parse --show-toplevel [6ms]
2026-06-09 13:42:21.752 [info] fatal: not a git repository (or any parent up to mount point /)
Stopping at filesystem boundary (GIT_DISCOVERY_ACROSS_FILESYSTEM not set).
2026-06-09 13:42:21.752 [info] > git rev-parse --show-toplevel [2ms]
2026-06-09 13:42:21.752 [info] fatal: not a git repository (or any parent up to mount point /)
Stopping at filesystem boundary (GIT_DISCOVERY_ACROSS_FILESYSTEM not set).
2026-06-09 13:42:21.752 [info] > git rev-parse --show-toplevel [6ms]
2026-06-09 13:42:21.752 [info] fatal: not a git repository (or any parent up to mount point /)
Stopping at filesystem boundary (GIT_DISCOVERY_ACROSS_FILESYSTEM not set).
2026-06-09 13:42:21.753 [info] > git rev-parse --show-toplevel [3ms]
2026-06-09 13:42:21.753 [info] fatal: not a git repository (or any parent up to mount point /)
Stopping at filesystem boundary (GIT_DISCOVERY_ACROSS_FILESYSTEM not set).
2026-06-09 13:42:21.760 [info] > git rev-parse --show-toplevel [2ms]
2026-06-09 13:42:21.760 [info] fatal: not a git repository (or any parent up to mount point /)
Stopping at filesystem boundary (GIT_DISCOVERY_ACROSS_FILESYSTEM not set).
2026-06-09 13:42:21.765 [info] [Model][doInitialScan] Initial repository scan completed - repositories (0), closed repositories (0), parent repositories (0), unsafe repositories (0)
2026-06-09 13:42:22.307 [info] > git rev-parse --show-toplevel [3ms]
2026-06-09 13:42:22.307 [info] fatal: not a git repository (or any parent up to mount point /)
Stopping at filesystem boundary (GIT_DISCOVERY_ACROSS_FILESYSTEM not set).
2026-06-09 13:42:24.555 [info] > git rev-parse --show-toplevel [17ms]
2026-06-09 13:42:24.555 [info] fatal: not a git repository (or any parent up to mount point /)
Stopping at filesystem boundary (GIT_DISCOVERY_ACROSS_FILESYSTEM not set).
2026-06-09 13:42:26.997 [info] > git rev-parse --show-toplevel [16ms]
2026-06-09 13:42:26.997 [info] fatal: not a git repository (or any parent up to mount point /)
Stopping at filesystem boundary (GIT_DISCOVERY_ACROSS_FILESYSTEM not set).
