2026-06-09 21:29:34.085 [error] [          8ms] [/workspace] git rev-parse --show-toplevel --git-dir --git-common-dir --show-superproject-working-tree • FAILED
Error: fatal: not a git repository (or any parent up to mount point /)
Stopping at filesystem boundary (GIT_DISCOVERY_ACROSS_FILESYSTEM not set).
2026-06-09 21:29:34.086 [info] [          7ms] [/workspace/automation] git rev-parse --show-toplevel --git-dir --git-common-dir --show-superproject-working-tree • completed
2026-06-09 21:29:34.086 [info] [          6ms] [/workspace/documentation] git rev-parse --show-toplevel --git-dir --git-common-dir --show-superproject-working-tree • completed
2026-06-09 21:29:34.086 [info] [          7ms] [/workspace/infrastructure] git rev-parse --show-toplevel --git-dir --git-common-dir --show-superproject-working-tree • completed
2026-06-09 21:29:34.086 [info] [          7ms] [/workspace/kubernetes] git rev-parse --show-toplevel --git-dir --git-common-dir --show-superproject-working-tree • completed
2026-06-09 21:29:34.086 [info] [          5ms] [/workspace/labs] git rev-parse --show-toplevel --git-dir --git-common-dir --show-superproject-working-tree • completed
2026-06-09 21:29:34.086 [info] [         16ms] [/workspace/kubernetes] git remote -v • completed
2026-06-09 21:29:34.086 [info] [         18ms] [/workspace/infrastructure] git remote -v • completed
2026-06-09 21:29:34.086 [info] [         18ms] [/workspace/documentation] git remote -v • completed
2026-06-09 21:29:34.086 [info] [         19ms] [/workspace/automation] git remote -v • completed
2026-06-09 21:29:34.086 [info] [         30ms] [/workspace/labs] git remote -v • completed
2026-06-09 21:29:34.086 [info] [         10ms] [/workspace/infrastructure] git config --get -f /workspace/infrastructure/.git/gk/config gk.defaultRemote • completed
2026-06-09 21:29:34.086 [info] [         16ms] [/workspace/kubernetes] git config --get -f /workspace/kubernetes/.git/gk/config gk.defaultRemote • completed
2026-06-09 21:29:34.086 [info] [         50ms] [/workspace/automation] git config --get -f /workspace/automation/.git/gk/config gk.defaultRemote • completed
2026-06-09 21:29:34.086 [info] [         54ms] [/workspace/documentation] git config --get -f /workspace/documentation/.git/gk/config gk.defaultRemote • completed
2026-06-09 21:29:34.086 [info] [         47ms] [/workspace/labs] git config --get -f /workspace/labs/.git/gk/config gk.defaultRemote • completed
2026-06-09 21:29:34.174 [error] [         14ms] [/workspace/.vscode] git rev-parse --show-toplevel --git-dir --git-common-dir --show-superproject-working-tree • FAILED
Error: fatal: not a git repository (or any parent up to mount point /)
Stopping at filesystem boundary (GIT_DISCOVERY_ACROSS_FILESYSTEM not set).
2026-06-09 21:30:07.531 [info] [         66ms] [/workspace/labs] git rev-list --max-parents=0 HEAD -- • completed
2026-06-09 21:30:07.532 [info] [         67ms] [/workspace/kubernetes] git rev-list --max-parents=0 HEAD -- • completed
2026-06-09 21:30:07.532 [info] [         67ms] [/workspace/infrastructure] git rev-list --max-parents=0 HEAD -- • completed
2026-06-09 21:30:07.532 [info] [         68ms] [/workspace/documentation] git rev-list --max-parents=0 HEAD -- • completed
2026-06-09 21:30:07.532 [info] [         69ms] [/workspace/automation] git rev-list --max-parents=0 HEAD -- • completed
2026-06-09 21:30:09.512 [error] [*      2045ms] [/workspace/automation] git shortlog -s --all --no-min-parents --since=1.year.ago (slow) • FAILED
CancellationError: Operation cancelled; command=/usr/bin/git -c core.quotepath=false -c color.ui=false shortlog -s --all --no-min-parents --since=1.year.ago
2026-06-09 21:30:09.515 [error] [*      2047ms] [/workspace/documentation] git shortlog -s --all --no-min-parents --since=1.year.ago (slow) • FAILED
CancellationError: Operation cancelled; command=/usr/bin/git -c core.quotepath=false -c color.ui=false shortlog -s --all --no-min-parents --since=1.year.ago
2026-06-09 21:30:09.521 [error] [*      2053ms] [/workspace/infrastructure] git shortlog -s --all --no-min-parents --since=1.year.ago (slow) • FAILED
CancellationError: Operation cancelled; command=/usr/bin/git -c core.quotepath=false -c color.ui=false shortlog -s --all --no-min-parents --since=1.year.ago
2026-06-09 21:30:09.526 [error] [*      2058ms] [/workspace/kubernetes] git shortlog -s --all --no-min-parents --since=1.year.ago (slow) • FAILED
CancellationError: Operation cancelled; command=/usr/bin/git -c core.quotepath=false -c color.ui=false shortlog -s --all --no-min-parents --since=1.year.ago
2026-06-09 21:30:09.530 [error] [*      2062ms] [/workspace/labs] git shortlog -s --all --no-min-parents --since=1.year.ago (slow) • FAILED
CancellationError: Operation cancelled; command=/usr/bin/git -c core.quotepath=false -c color.ui=false shortlog -s --all --no-min-parents --since=1.year.ago
