2026-06-09 20:44:05.317 [info] [main] Log level: Info
2026-06-09 20:44:05.317 [info] [main] Validating found git in: "git"
2026-06-09 20:44:05.317 [info] [main] Using git "2.43.0" from "git"
2026-06-09 20:44:05.317 [info] [Model][doInitialScan] Initial repository scan started
2026-06-09 20:44:05.317 [info] > git rev-parse --show-toplevel [3ms]
2026-06-09 20:44:05.317 [info] fatal: not a git repository (or any parent up to mount point /)
Stopping at filesystem boundary (GIT_DISCOVERY_ACROSS_FILESYSTEM not set).
2026-06-09 20:44:05.317 [info] > git rev-parse --show-toplevel [5ms]
2026-06-09 20:44:05.317 [info] > git rev-parse --git-dir --git-common-dir --show-superproject-working-tree [95ms]
2026-06-09 20:44:05.344 [info] [Model][openRepository] Opened repository (path): /workspace/automation
2026-06-09 20:44:05.344 [info] [Model][openRepository] Opened repository (real path): /workspace/automation
2026-06-09 20:44:05.344 [info] [Model][openRepository] Opened repository (kind): repository
2026-06-09 20:44:05.368 [info] > git config --get commit.template [8ms]
2026-06-09 20:44:05.368 [info] > git config --get --local core.virtualfilesystem [15ms]
2026-06-09 20:44:05.369 [warning] [Git][config] git config failed: Failed to execute git
2026-06-09 20:44:05.370 [info] > git rev-parse --show-toplevel [4ms]
2026-06-09 20:44:05.370 [info] fatal: not a git repository (or any parent up to mount point /)
Stopping at filesystem boundary (GIT_DISCOVERY_ACROSS_FILESYSTEM not set).
2026-06-09 20:44:05.384 [info] > git for-each-ref --format=%(refname)%00%(upstream:short)%00%(objectname)%00%(upstream:track)%00%(upstream:remotename)%00%(upstream:remoteref) refs/heads/dev refs/remotes/dev [7ms]
2026-06-09 20:44:05.385 [warning] [Git][getBranch] No such branch: dev
2026-06-09 20:44:05.401 [info] > git status -z -uall [9ms]
2026-06-09 20:44:05.402 [info] > git rev-parse --show-toplevel [19ms]
2026-06-09 20:44:05.403 [info] > git for-each-ref --sort -committerdate --format %(refname)%00%(objectname)%00%(*objectname) [3ms]
2026-06-09 20:44:05.431 [info] > git for-each-ref --format=%(refname)%00%(upstream:short)%00%(objectname)%00%(upstream:track)%00%(upstream:remotename)%00%(upstream:remoteref) refs/heads/dev refs/remotes/dev [17ms]
2026-06-09 20:44:05.431 [warning] [Git][getBranch] No such branch: dev
2026-06-09 20:44:05.431 [error] [GitHistoryProvider][resolveHEADMergeBase] Failed to resolve merge base for dev: Error: No such branch: dev.
2026-06-09 20:44:05.434 [info] > git config --get commit.template [4ms]
2026-06-09 20:44:05.434 [info] > git rev-parse --git-dir --git-common-dir --show-superproject-working-tree [11ms]
2026-06-09 20:44:05.445 [info] > git for-each-ref --format=%(refname)%00%(upstream:short)%00%(objectname)%00%(upstream:track)%00%(upstream:remotename)%00%(upstream:remoteref) refs/heads/dev refs/remotes/dev [2ms]
2026-06-09 20:44:05.445 [warning] [Git][getBranch] No such branch: dev
2026-06-09 20:44:05.463 [info] > git status -z -uall [11ms]
2026-06-09 20:44:05.466 [info] > git for-each-ref --sort -committerdate --format %(refname)%00%(objectname)%00%(*objectname) [6ms]
2026-06-09 20:44:05.487 [info] [Model][openRepository] Opened repository (path): /workspace/documentation
2026-06-09 20:44:05.487 [info] [Model][openRepository] Opened repository (real path): /workspace/documentation
2026-06-09 20:44:05.487 [info] [Model][openRepository] Opened repository (kind): repository
2026-06-09 20:44:05.507 [info] > git config --get commit.template [5ms]
2026-06-09 20:44:05.507 [info] > git config --get --local core.virtualfilesystem [13ms]
2026-06-09 20:44:05.507 [warning] [Git][config] git config failed: Failed to execute git
2026-06-09 20:44:05.508 [info] > git rev-parse --show-toplevel [3ms]
2026-06-09 20:44:05.520 [info] > git for-each-ref --format=%(refname)%00%(upstream:short)%00%(objectname)%00%(upstream:track)%00%(upstream:remotename)%00%(upstream:remoteref) refs/heads/dev refs/remotes/dev [6ms]
2026-06-09 20:44:05.520 [warning] [Git][getBranch] No such branch: dev
2026-06-09 20:44:05.532 [info] > git status -z -uall [6ms]
2026-06-09 20:44:05.532 [info] > git rev-parse --git-dir --git-common-dir --show-superproject-working-tree [14ms]
2026-06-09 20:44:05.533 [info] > git for-each-ref --sort -committerdate --format %(refname)%00%(objectname)%00%(*objectname) [3ms]
2026-06-09 20:44:05.553 [info] > git for-each-ref --format=%(refname)%00%(upstream:short)%00%(objectname)%00%(upstream:track)%00%(upstream:remotename)%00%(upstream:remoteref) refs/heads/dev refs/remotes/dev [10ms]
2026-06-09 20:44:05.554 [warning] [Git][getBranch] No such branch: dev
2026-06-09 20:44:05.554 [error] [GitHistoryProvider][resolveHEADMergeBase] Failed to resolve merge base for dev: Error: No such branch: dev.
2026-06-09 20:44:05.555 [info] > git config --get commit.template [2ms]
2026-06-09 20:44:05.564 [info] > git for-each-ref --format=%(refname)%00%(upstream:short)%00%(objectname)%00%(upstream:track)%00%(upstream:remotename)%00%(upstream:remoteref) refs/heads/dev refs/remotes/dev [3ms]
2026-06-09 20:44:05.564 [warning] [Git][getBranch] No such branch: dev
2026-06-09 20:44:05.575 [info] > git status -z -uall [6ms]
2026-06-09 20:44:05.577 [info] > git for-each-ref --sort -committerdate --format %(refname)%00%(objectname)%00%(*objectname) [3ms]
2026-06-09 20:44:05.626 [info] [Model][openRepository] Opened repository (path): /workspace/infrastructure
2026-06-09 20:44:05.626 [info] [Model][openRepository] Opened repository (real path): /workspace/infrastructure
2026-06-09 20:44:05.626 [info] [Model][openRepository] Opened repository (kind): repository
2026-06-09 20:44:05.648 [info] > git config --get commit.template [8ms]
2026-06-09 20:44:05.648 [info] > git config --get --local core.virtualfilesystem [15ms]
2026-06-09 20:44:05.648 [warning] [Git][config] git config failed: Failed to execute git
2026-06-09 20:44:05.649 [info] > git rev-parse --show-toplevel [2ms]
2026-06-09 20:44:05.664 [info] > git for-each-ref --format=%(refname)%00%(upstream:short)%00%(objectname)%00%(upstream:track)%00%(upstream:remotename)%00%(upstream:remoteref) refs/heads/dev refs/remotes/dev [8ms]
2026-06-09 20:44:05.665 [warning] [Git][getBranch] No such branch: dev
2026-06-09 20:44:05.679 [info] > git status -z -uall [8ms]
2026-06-09 20:44:05.680 [info] > git rev-parse --git-dir --git-common-dir --show-superproject-working-tree [17ms]
2026-06-09 20:44:05.680 [info] > git for-each-ref --sort -committerdate --format %(refname)%00%(objectname)%00%(*objectname) [3ms]
2026-06-09 20:44:05.697 [info] > git for-each-ref --format=%(refname)%00%(upstream:short)%00%(objectname)%00%(upstream:track)%00%(upstream:remotename)%00%(upstream:remoteref) refs/heads/dev refs/remotes/dev [9ms]
2026-06-09 20:44:05.697 [warning] [Git][getBranch] No such branch: dev
2026-06-09 20:44:05.697 [error] [GitHistoryProvider][resolveHEADMergeBase] Failed to resolve merge base for dev: Error: No such branch: dev.
2026-06-09 20:44:05.698 [info] > git config --get commit.template [2ms]
2026-06-09 20:44:05.707 [info] > git for-each-ref --format=%(refname)%00%(upstream:short)%00%(objectname)%00%(upstream:track)%00%(upstream:remotename)%00%(upstream:remoteref) refs/heads/dev refs/remotes/dev [2ms]
2026-06-09 20:44:05.707 [warning] [Git][getBranch] No such branch: dev
2026-06-09 20:44:05.721 [info] > git status -z -uall [8ms]
2026-06-09 20:44:05.722 [info] > git for-each-ref --sort -committerdate --format %(refname)%00%(objectname)%00%(*objectname) [2ms]
2026-06-09 20:44:05.738 [info] [Model][openRepository] Opened repository (path): /workspace/kubernetes
2026-06-09 20:44:05.738 [info] [Model][openRepository] Opened repository (real path): /workspace/kubernetes
2026-06-09 20:44:05.738 [info] [Model][openRepository] Opened repository (kind): repository
2026-06-09 20:44:05.760 [info] > git config --get commit.template [7ms]
2026-06-09 20:44:05.760 [info] > git config --get --local core.virtualfilesystem [15ms]
2026-06-09 20:44:05.760 [warning] [Git][config] git config failed: Failed to execute git
2026-06-09 20:44:05.761 [info] > git rev-parse --show-toplevel [3ms]
2026-06-09 20:44:05.774 [info] > git for-each-ref --format=%(refname)%00%(upstream:short)%00%(objectname)%00%(upstream:track)%00%(upstream:remotename)%00%(upstream:remoteref) refs/heads/dev refs/remotes/dev [8ms]
2026-06-09 20:44:05.775 [warning] [Git][getBranch] No such branch: dev
2026-06-09 20:44:05.788 [info] > git status -z -uall [8ms]
2026-06-09 20:44:05.789 [info] > git rev-parse --git-dir --git-common-dir --show-superproject-working-tree [16ms]
2026-06-09 20:44:05.790 [info] > git for-each-ref --sort -committerdate --format %(refname)%00%(objectname)%00%(*objectname) [3ms]
2026-06-09 20:44:05.806 [info] > git for-each-ref --format=%(refname)%00%(upstream:short)%00%(objectname)%00%(upstream:track)%00%(upstream:remotename)%00%(upstream:remoteref) refs/heads/dev refs/remotes/dev [9ms]
2026-06-09 20:44:05.806 [warning] [Git][getBranch] No such branch: dev
2026-06-09 20:44:05.806 [error] [GitHistoryProvider][resolveHEADMergeBase] Failed to resolve merge base for dev: Error: No such branch: dev.
2026-06-09 20:44:05.808 [info] > git config --get commit.template [3ms]
2026-06-09 20:44:05.817 [info] > git for-each-ref --format=%(refname)%00%(upstream:short)%00%(objectname)%00%(upstream:track)%00%(upstream:remotename)%00%(upstream:remoteref) refs/heads/dev refs/remotes/dev [2ms]
2026-06-09 20:44:05.818 [warning] [Git][getBranch] No such branch: dev
2026-06-09 20:44:05.833 [info] > git status -z -uall [10ms]
2026-06-09 20:44:05.834 [info] > git for-each-ref --sort -committerdate --format %(refname)%00%(objectname)%00%(*objectname) [3ms]
2026-06-09 20:44:05.858 [info] [Model][openRepository] Opened repository (path): /workspace/labs
2026-06-09 20:44:05.858 [info] [Model][openRepository] Opened repository (real path): /workspace/labs
2026-06-09 20:44:05.858 [info] [Model][openRepository] Opened repository (kind): repository
2026-06-09 20:44:05.880 [info] > git config --get commit.template [7ms]
2026-06-09 20:44:05.880 [info] > git config --get --local core.virtualfilesystem [15ms]
2026-06-09 20:44:05.880 [warning] [Git][config] git config failed: Failed to execute git
2026-06-09 20:44:05.881 [info] > git rev-parse --show-toplevel [3ms]
2026-06-09 20:44:05.881 [info] fatal: not a git repository (or any parent up to mount point /)
Stopping at filesystem boundary (GIT_DISCOVERY_ACROSS_FILESYSTEM not set).
2026-06-09 20:44:05.884 [info] [Model][doInitialScan] Initial repository scan completed - repositories (5), closed repositories (0), parent repositories (0), unsafe repositories (0)
2026-06-09 20:44:05.898 [info] > git for-each-ref --format=%(refname)%00%(upstream:short)%00%(objectname)%00%(upstream:track)%00%(upstream:remotename)%00%(upstream:remoteref) refs/heads/dev refs/remotes/dev [7ms]
2026-06-09 20:44:05.898 [warning] [Git][getBranch] No such branch: dev
2026-06-09 20:44:05.912 [info] > git status -z -uall [8ms]
2026-06-09 20:44:05.913 [info] > git rev-parse --show-toplevel [16ms]
2026-06-09 20:44:05.913 [info] fatal: not a git repository (or any parent up to mount point /)
Stopping at filesystem boundary (GIT_DISCOVERY_ACROSS_FILESYSTEM not set).
2026-06-09 20:44:05.914 [info] > git for-each-ref --sort -committerdate --format %(refname)%00%(objectname)%00%(*objectname) [3ms]
2026-06-09 20:44:05.931 [info] > git for-each-ref --format=%(refname)%00%(upstream:short)%00%(objectname)%00%(upstream:track)%00%(upstream:remotename)%00%(upstream:remoteref) refs/heads/dev refs/remotes/dev [9ms]
2026-06-09 20:44:05.931 [warning] [Git][getBranch] No such branch: dev
2026-06-09 20:44:05.931 [error] [GitHistoryProvider][resolveHEADMergeBase] Failed to resolve merge base for dev: Error: No such branch: dev.
2026-06-09 20:44:05.933 [info] > git config --get commit.template [2ms]
2026-06-09 20:44:05.941 [info] > git for-each-ref --format=%(refname)%00%(upstream:short)%00%(objectname)%00%(upstream:track)%00%(upstream:remotename)%00%(upstream:remoteref) refs/heads/dev refs/remotes/dev [2ms]
2026-06-09 20:44:05.941 [warning] [Git][getBranch] No such branch: dev
2026-06-09 20:44:05.955 [info] > git status -z -uall [8ms]
2026-06-09 20:44:05.957 [info] > git for-each-ref --sort -committerdate --format %(refname)%00%(objectname)%00%(*objectname) [4ms]
2026-06-09 20:44:08.278 [info] > git check-ignore -v -z --stdin [29ms]
2026-06-09 20:44:08.279 [info] > git check-ignore -v -z --stdin [24ms]
2026-06-09 20:44:08.279 [info] > git check-ignore -v -z --stdin [17ms]
2026-06-09 20:44:08.280 [info] > git check-ignore -v -z --stdin [11ms]
2026-06-09 20:44:08.280 [info] > git check-ignore -v -z --stdin [6ms]
2026-06-09 21:54:29.472 [info] > git rev-parse --show-toplevel [6ms]
2026-06-09 21:54:29.472 [info] fatal: not a git repository (or any parent up to mount point /)
Stopping at filesystem boundary (GIT_DISCOVERY_ACROSS_FILESYSTEM not set).
2026-06-09 21:55:29.464 [info] > git rev-parse --show-toplevel [3ms]
2026-06-09 21:55:29.465 [info] fatal: not a git repository (or any parent up to mount point /)
Stopping at filesystem boundary (GIT_DISCOVERY_ACROSS_FILESYSTEM not set).
